layer at (0,0) size 800x600
  RenderView at (0,0) size 800x600
layer at (0,0) size 800x600
  RenderBlock {HTML} at (0,0) size 800x600
    RenderBody {BODY} at (8,8) size 784x584
      LayoutTable {TABLE} at (0,0) size 206x78
        LayoutTableSection {TBODY} at (0,0) size 206x78
          LayoutTableRow {TR} at (0,2) size 206x74
            LayoutTableCell {TD} at (2,2) size 202x74 [r=0 c=0 rs=1 cs=1]
              LayoutTable {TABLE} at (1,1) size 200x24
                LayoutTableSection {TBODY} at (0,0) size 200x24
                  LayoutTableRow {TR} at (0,2) size 200x20
                    LayoutTableCell {TD} at (2,2) size 196x20 [r=0 c=0 rs=1 cs=1]
                      RenderText {#text} at (1,1) size 194x18
                        text run at (1,1) width 194: "This should all be on one line."
              LayoutTable {TABLE} at (1,25) size 87x48
                LayoutTableSection {THEAD} at (0,24) size 87x2
                RenderBlock {CAPTION} at (0,0) size 87x24
                  LayoutTable {TABLE} at (15,0) size 57x24
                    LayoutTableSection {TBODY} at (0,0) size 57x24
                      LayoutTableRow {TR} at (0,2) size 57x20
                        LayoutTableCell {TD} at (2,2) size 53x20 [r=0 c=0 rs=1 cs=1]
                          RenderText {#text} at (1,1) size 51x18
                            text run at (1,1) width 51: "Caption"
                LayoutTableSection {TBODY} at (0,26) size 87x22
                  LayoutTableRow {TR} at (0,0) size 87x20
                    LayoutTableCell {TD} at (2,0) size 51x20 [r=0 c=0 rs=1 cs=1]
                      RenderText {#text} at (1,1) size 49x18
                        text run at (1,1) width 49: "Bottom"
                    LayoutTableCell {TD} at (55,0) size 30x20 [r=0 c=1 rs=1 cs=1]
                      RenderText {#text} at (1,1) size 28x18
                        text run at (1,1) width 28: "line."
