layer at (0,0) size 800x600
  RenderView at (0,0) size 800x600
layer at (0,0) size 800x600
  RenderBlock {HTML} at (0,0) size 800x600
    RenderBody {BODY} at (8,8) size 784x584
      RenderText {#text} at (0,0) size 756x36
        text run at (0,0) width 756: "The select item below has a label specified, and enclosed text that is whitespace. There should be no text shown in the"
        text run at (0,18) width 69: "select box."
      LayoutBR {BR} at (68,32) size 1x0
      RenderMenuList {SELECT} at (0,36) size 36x18 [bgcolor=#F8F8F8]
        RenderBlock (anonymous) at (0,0) size 36x18
          LayoutBR at (8,2) size 0x13 [bgcolor=#F8F8F8]
      RenderText {#text} at (0,0) size 0x0
