layer at (0,0) size 800x600
  RenderView at (0,0) size 800x600
layer at (0,0) size 800x600
  RenderBlock {HTML} at (0,0) size 800x600
    RenderBody {BODY} at (8,8) size 784x584
      RenderText {#text} at (0,0) size 98x18
        text run at (0,0) width 98: "initial selected:"
      LayoutBR {BR} at (97,14) size 1x0
      RenderText {#text} at (140,58) size 5x18
        text run at (140,58) width 5: " "
      LayoutBR {BR} at (144,72) size 1x0
      RenderText {#text} at (0,76) size 165x18
        text run at (0,76) width 165: "dynamic selected change:"
      LayoutBR {BR} at (164,90) size 1x0
      RenderText {#text} at (140,134) size 5x18
        text run at (140,134) width 5: " "
      RenderText {#text} at (0,0) size 0x0
      LayoutBR {BR} at (0,0) size 0x0
      RenderText {#text} at (0,152) size 217x18
        text run at (0,152) width 217: "dynamic insert of selected option:"
      LayoutBR {BR} at (216,166) size 1x0
      RenderText {#text} at (140,210) size 5x18
        text run at (140,210) width 5: " "
      LayoutBR {BR} at (144,224) size 1x0
      RenderText {#text} at (0,228) size 98x18
        text run at (0,228) width 98: "initial selected:"
      LayoutBR {BR} at (97,242) size 1x0
      RenderMenuList {SELECT} at (0,247) size 155x18 [bgcolor=#F8F8F8]
        RenderBlock (anonymous) at (0,0) size 155x18
          RenderText at (8,2) size 124x13
            text run at (8,2) width 124: "this should be selected"
      RenderText {#text} at (155,246) size 4x18
        text run at (155,246) width 4: " "
      LayoutBR {BR} at (159,260) size 0x0
      RenderText {#text} at (0,265) size 165x18
        text run at (0,265) width 165: "dynamic selected change:"
      LayoutBR {BR} at (164,279) size 1x0
      RenderMenuList {SELECT} at (0,284) size 155x18 [bgcolor=#F8F8F8]
        RenderBlock (anonymous) at (0,0) size 155x18
          RenderText at (8,2) size 124x13
            text run at (8,2) width 124: "this should be selected"
      RenderText {#text} at (155,283) size 4x18
        text run at (155,283) width 4: " "
      RenderText {#text} at (0,0) size 0x0
      LayoutBR {BR} at (0,0) size 0x0
      RenderText {#text} at (0,302) size 217x18
        text run at (0,302) width 217: "dynamic insert of selected option:"
      LayoutBR {BR} at (216,316) size 1x0
      RenderMenuList {SELECT} at (0,320) size 155x18 [bgcolor=#F8F8F8]
        RenderBlock (anonymous) at (0,0) size 155x18
          RenderText at (8,2) size 124x13
            text run at (8,2) width 124: "this should be selected"
      RenderText {#text} at (0,0) size 0x0
layer at (8,25) size 140x59 clip at (9,26) size 127x57 scrollY 99.00 scrollHeight 198
  RenderListBox {SELECT} at (0,17.25) size 140.19x58.75 [bgcolor=#FFFFFF] [border: (1px solid #999999)]
    RenderBlock {OPTION} at (1,1) size 127.19x14.19
      RenderText {#text} at (2,0) size 18x13
        text run at (2,0) width 18: "opt"
    RenderBlock {OPTION} at (1,15.19) size 127.19x14.19
      RenderText {#text} at (2,0) size 18x13
        text run at (2,0) width 18: "opt"
    RenderBlock {OPTION} at (1,29.38) size 127.19x14.19
      RenderText {#text} at (2,0) size 18x13
        text run at (2,0) width 18: "opt"
    RenderBlock {OPTION} at (1,43.56) size 127.19x14.19
      RenderText {#text} at (2,0) size 18x13
        text run at (2,0) width 18: "opt"
    RenderBlock {OPTION} at (1,57.75) size 127.19x14.19
      RenderText {#text} at (2,0) size 18x13
        text run at (2,0) width 18: "opt"
    RenderBlock {OPTION} at (1,71.94) size 127.19x14.19
      RenderText {#text} at (2,0) size 18x13
        text run at (2,0) width 18: "opt"
    RenderBlock {OPTION} at (1,86.13) size 127.19x14.19
      RenderText {#text} at (2,0) size 18x13
        text run at (2,0) width 18: "opt"
    RenderBlock {OPTION} at (1,100.31) size 127.19x14.19
      RenderText {#text} at (2,0) size 18x13
        text run at (2,0) width 18: "opt"
    RenderBlock {OPTION} at (1,114.50) size 127.19x14.19
      RenderText {#text} at (2,0) size 18x13
        text run at (2,0) width 18: "opt"
    RenderBlock {OPTION} at (1,128.69) size 127.19x14.19
      RenderText {#text} at (2,0) size 18x13
        text run at (2,0) width 18: "opt"
    RenderBlock {OPTION} at (1,142.88) size 127.19x14.19 [bgcolor=#D4D4D4]
      RenderText {#text} at (2,0) size 124x13
        text run at (2,0) width 124: "this should be selected"
    RenderBlock {OPTION} at (1,157.06) size 127.19x14.19
      RenderText {#text} at (2,0) size 18x13
        text run at (2,0) width 18: "opt"
    RenderBlock {OPTION} at (1,171.25) size 127.19x14.19
      RenderText {#text} at (2,0) size 18x13
        text run at (2,0) width 18: "opt"
    RenderBlock {OPTION} at (1,185.44) size 127.19x14.19
      RenderText {#text} at (2,0) size 18x13
        text run at (2,0) width 18: "opt"
layer at (8,101) size 140x59 clip at (9,102) size 127x57 scrollY 99.00 scrollHeight 198
  RenderListBox {SELECT} at (0,93.25) size 140.19x58.75 [bgcolor=#FFFFFF] [border: (1px solid #999999)]
    RenderBlock {OPTION} at (1,1) size 127.19x14.19
      RenderText {#text} at (2,0) size 18x13
        text run at (2,0) width 18: "opt"
    RenderBlock {OPTION} at (1,15.19) size 127.19x14.19
      RenderText {#text} at (2,0) size 18x13
        text run at (2,0) width 18: "opt"
    RenderBlock {OPTION} at (1,29.38) size 127.19x14.19
      RenderText {#text} at (2,0) size 18x13
        text run at (2,0) width 18: "opt"
    RenderBlock {OPTION} at (1,43.56) size 127.19x14.19
      RenderText {#text} at (2,0) size 18x13
        text run at (2,0) width 18: "opt"
    RenderBlock {OPTION} at (1,57.75) size 127.19x14.19
      RenderText {#text} at (2,0) size 18x13
        text run at (2,0) width 18: "opt"
    RenderBlock {OPTION} at (1,71.94) size 127.19x14.19
      RenderText {#text} at (2,0) size 18x13
        text run at (2,0) width 18: "opt"
    RenderBlock {OPTION} at (1,86.13) size 127.19x14.19
      RenderText {#text} at (2,0) size 18x13
        text run at (2,0) width 18: "opt"
    RenderBlock {OPTION} at (1,100.31) size 127.19x14.19
      RenderText {#text} at (2,0) size 18x13
        text run at (2,0) width 18: "opt"
    RenderBlock {OPTION} at (1,114.50) size 127.19x14.19
      RenderText {#text} at (2,0) size 18x13
        text run at (2,0) width 18: "opt"
    RenderBlock {OPTION} at (1,128.69) size 127.19x14.19
      RenderText {#text} at (2,0) size 18x13
        text run at (2,0) width 18: "opt"
    RenderBlock {OPTION} at (1,142.88) size 127.19x14.19 [bgcolor=#D4D4D4]
      RenderText {#text} at (2,0) size 124x13
        text run at (2,0) width 124: "this should be selected"
    RenderBlock {OPTION} at (1,157.06) size 127.19x14.19
      RenderText {#text} at (2,0) size 18x13
        text run at (2,0) width 18: "opt"
    RenderBlock {OPTION} at (1,171.25) size 127.19x14.19
      RenderText {#text} at (2,0) size 18x13
        text run at (2,0) width 18: "opt"
    RenderBlock {OPTION} at (1,185.44) size 127.19x14.19
      RenderText {#text} at (2,0) size 18x13
        text run at (2,0) width 18: "opt"
layer at (8,177) size 140x59 clip at (9,178) size 127x57 scrollY 42.00 scrollHeight 113
  RenderListBox {SELECT} at (0,169.25) size 140.19x58.75 [bgcolor=#FFFFFF] [border: (1px solid #999999)]
    RenderBlock {OPTION} at (1,1) size 127.19x14.19
      RenderText {#text} at (2,0) size 18x13
        text run at (2,0) width 18: "opt"
    RenderBlock {OPTION} at (1,15.19) size 127.19x14.19
      RenderText {#text} at (2,0) size 18x13
        text run at (2,0) width 18: "opt"
    RenderBlock {OPTION} at (1,29.38) size 127.19x14.19
      RenderText {#text} at (2,0) size 18x13
        text run at (2,0) width 18: "opt"
    RenderBlock {OPTION} at (1,43.56) size 127.19x14.19
      RenderText {#text} at (2,0) size 18x13
        text run at (2,0) width 18: "opt"
    RenderBlock {OPTION} at (1,57.75) size 127.19x14.19
      RenderText {#text} at (2,0) size 18x13
        text run at (2,0) width 18: "opt"
    RenderBlock {OPTION} at (1,71.94) size 127.19x14.19
      RenderText {#text} at (2,0) size 18x13
        text run at (2,0) width 18: "opt"
    RenderBlock {OPTION} at (1,86.13) size 127.19x14.19 [bgcolor=#D4D4D4]
      RenderText {#text} at (2,0) size 124x13
        text run at (2,0) width 124: "this should be selected"
    RenderBlock {OPTION} at (1,100.31) size 127.19x14.19
      RenderText {#text} at (2,0) size 18x13
        text run at (2,0) width 18: "opt"
