layer at (0,0) size 800x600
  RenderView at (0,0) size 800x600
layer at (0,0) size 800x400
  RenderBlock {HTML} at (0,0) size 800x400.44
    RenderBody {BODY} at (8,18.72) size 784x373.72
      RenderBlock {H3} at (0,0) size 784x22
        RenderText {#text} at (0,0) size 91x21
          text run at (0,0) width 91: "It passes if:"
      RenderBlock {UL} at (0,40.72) size 784x36
        RenderListItem {LI} at (40,0) size 744x18
          RenderListMarker at (-17,0) size 7x17: bullet
          RenderText {#text} at (0,0) size 425x17
            text run at (0,0) width 425: "the canvas content has rounded corners (bottom-left and top-right)"
        RenderListItem {LI} at (40,18) size 744x18
          RenderListMarker at (-17,0) size 7x17: bullet
          RenderText {#text} at (0,0) size 400x17
            text run at (0,0) width 400: "the 10px gray background is visible around the canvas content"
      RenderBlock (anonymous) at (0,92.72) size 784x281
        RenderText {#text} at (0,0) size 0x0
        RenderText {#text} at (0,0) size 0x0
layer at (8,111) size 277x277
  LayoutHTMLCanvas {CANVAS} at (0,0) size 277x277 [bgcolor=#808080]
