layer at (0,0) size 800x600 clip at (0,0) size 785x600 scrollHeight 3443
  RenderView at (0,0) size 800x600
layer at (0,0) size 785x3443 backgroundClip at (0,0) size 785x600 clip at (0,0) size 785x600 outlineClip at (0,0) size 785x600
  RenderBlock {HTML} at (0,0) size 785x3442.88
    RenderBody {BODY} at (8,16) size 769x3410.88
layer at (8,16) size 760x402
  RenderBlock {DIV} at (0,0) size 760x401.81 [border: (5px solid #800000)]
    RenderBlock (anonymous multi-column span) at (5,5) size 750x67.81
      RenderBlock {H2} at (0,19.91) size 750x28 [bgcolor=#EEEEEE]
        RenderText {#text} at (0,0) size 666x28
          text run at (0,0) width 666: "This is a spanning element at the beginning of the columns block."
layer at (13,89) size 750x324
  RenderBlock (anonymous multi-column) at (5,72.81) size 750x324
    RenderText {#text} at (0,0) size 367x630
      text run at (0,0) width 364: "Lorem ipsum dolor sit amet, consectetuer adipiscing elit."
      text run at (0,18) width 362: "Nulla varius enim ac mi. Curabitur sollicitudin felis quis"
      text run at (0,36) width 332: "lectus. Quisque adipiscing rhoncus sem. Proin nulla"
      text run at (0,54) width 367: "purus, vulputate vel, varius ut, euismod et, nisi. Sed vitae"
      text run at (0,72) width 354: "felis vel orci sagittis aliquam. Cras convallis adipiscing"
      text run at (0,90) width 347: "sem. Nam nonummy enim. Nullam bibendum lobortis"
      text run at (0,108) width 353: "neque. Vestibulum velit orci, tempus euismod, pretium"
      text run at (0,126) width 353: "quis, interdum vitae, nulla. Phasellus eget ante et tortor"
      text run at (0,144) width 351: "condimentum vestibulum. Suspendisse hendrerit quam"
      text run at (0,162) width 333: "nec felis. Sed varius turpis vitae pede. Lorem ipsum"
      text run at (0,180) width 279: "dolor sit amet, consectetuer adipiscing elit. "
      text run at (278,180) width 86: "Lorem ipsum"
      text run at (0,198) width 357: "dolor sit amet, consectetuer adipiscing elit. Nulla varius"
      text run at (0,216) width 324: "enim ac mi. Curabitur sollicitudin felis quis lectus."
      text run at (0,234) width 330: "Quisque adipiscing rhoncus sem. Proin nulla purus,"
      text run at (0,252) width 355: "vulputate vel, varius ut, euismod et, nisi. Sed vitae felis"
      text run at (0,270) width 356: "vel orci sagittis aliquam. Cras convallis adipiscing sem."
      text run at (0,288) width 360: "Nam nonummy enim. Nullam bibendum lobortis neque."
      text run at (0,306) width 341: "Vestibulum velit orci, tempus euismod, pretium quis,"
      text run at (0,324) width 318: "interdum vitae, nulla. Phasellus eget ante et tortor"
      text run at (0,342) width 351: "condimentum vestibulum. Suspendisse hendrerit quam"
      text run at (0,360) width 333: "nec felis. Sed varius turpis vitae pede. Lorem ipsum"
      text run at (0,378) width 279: "dolor sit amet, consectetuer adipiscing elit. "
      text run at (278,378) width 86: "Lorem ipsum"
      text run at (0,396) width 357: "dolor sit amet, consectetuer adipiscing elit. Nulla varius"
      text run at (0,414) width 324: "enim ac mi. Curabitur sollicitudin felis quis lectus."
      text run at (0,432) width 330: "Quisque adipiscing rhoncus sem. Proin nulla purus,"
      text run at (0,450) width 355: "vulputate vel, varius ut, euismod et, nisi. Sed vitae felis"
      text run at (0,468) width 356: "vel orci sagittis aliquam. Cras convallis adipiscing sem."
      text run at (0,486) width 360: "Nam nonummy enim. Nullam bibendum lobortis neque."
      text run at (0,504) width 341: "Vestibulum velit orci, tempus euismod, pretium quis,"
      text run at (0,522) width 318: "interdum vitae, nulla. Phasellus eget ante et tortor"
      text run at (0,540) width 351: "condimentum vestibulum. Suspendisse hendrerit quam"
      text run at (0,558) width 333: "nec felis. Sed varius turpis vitae pede. Lorem ipsum"
      text run at (0,576) width 279: "dolor sit amet, consectetuer adipiscing elit. "
      text run at (278,576) width 86: "Lorem ipsum"
      text run at (0,594) width 357: "dolor sit amet, consectetuer adipiscing elit. Nulla varius"
      text run at (0,612) width 76: "enim ac mi."
layer at (8,434) size 760x402 backgroundClip at (0,0) size 785x600 clip at (0,0) size 785x600 outlineClip at (0,0) size 785x600
  RenderBlock {DIV} at (0,417.81) size 760x401.81 [border: (5px solid #800000)]
    RenderBlock (anonymous multi-column span) at (5,329) size 750x67.81
      RenderBlock {H2} at (0,19.91) size 750x28 [bgcolor=#EEEEEE]
        RenderText {#text} at (0,0) size 602x28
          text run at (0,0) width 602: "This is a spanning element at the end of the columns block."
layer at (13,439) size 750x324 backgroundClip at (0,0) size 785x600 clip at (0,0) size 785x600 outlineClip at (0,0) size 785x600
  RenderBlock (anonymous multi-column) at (5,5) size 750x324
    RenderText {#text} at (0,0) size 367x630
      text run at (0,0) width 364: "Lorem ipsum dolor sit amet, consectetuer adipiscing elit."
      text run at (0,18) width 362: "Nulla varius enim ac mi. Curabitur sollicitudin felis quis"
      text run at (0,36) width 332: "lectus. Quisque adipiscing rhoncus sem. Proin nulla"
      text run at (0,54) width 367: "purus, vulputate vel, varius ut, euismod et, nisi. Sed vitae"
      text run at (0,72) width 354: "felis vel orci sagittis aliquam. Cras convallis adipiscing"
      text run at (0,90) width 347: "sem. Nam nonummy enim. Nullam bibendum lobortis"
      text run at (0,108) width 353: "neque. Vestibulum velit orci, tempus euismod, pretium"
      text run at (0,126) width 353: "quis, interdum vitae, nulla. Phasellus eget ante et tortor"
      text run at (0,144) width 351: "condimentum vestibulum. Suspendisse hendrerit quam"
      text run at (0,162) width 333: "nec felis. Sed varius turpis vitae pede. Lorem ipsum"
      text run at (0,180) width 279: "dolor sit amet, consectetuer adipiscing elit. "
      text run at (278,180) width 86: "Lorem ipsum"
      text run at (0,198) width 357: "dolor sit amet, consectetuer adipiscing elit. Nulla varius"
      text run at (0,216) width 324: "enim ac mi. Curabitur sollicitudin felis quis lectus."
      text run at (0,234) width 330: "Quisque adipiscing rhoncus sem. Proin nulla purus,"
      text run at (0,252) width 355: "vulputate vel, varius ut, euismod et, nisi. Sed vitae felis"
      text run at (0,270) width 356: "vel orci sagittis aliquam. Cras convallis adipiscing sem."
      text run at (0,288) width 360: "Nam nonummy enim. Nullam bibendum lobortis neque."
      text run at (0,306) width 341: "Vestibulum velit orci, tempus euismod, pretium quis,"
      text run at (0,324) width 318: "interdum vitae, nulla. Phasellus eget ante et tortor"
      text run at (0,342) width 351: "condimentum vestibulum. Suspendisse hendrerit quam"
      text run at (0,360) width 333: "nec felis. Sed varius turpis vitae pede. Lorem ipsum"
      text run at (0,378) width 279: "dolor sit amet, consectetuer adipiscing elit. "
      text run at (278,378) width 86: "Lorem ipsum"
      text run at (0,396) width 357: "dolor sit amet, consectetuer adipiscing elit. Nulla varius"
      text run at (0,414) width 324: "enim ac mi. Curabitur sollicitudin felis quis lectus."
      text run at (0,432) width 330: "Quisque adipiscing rhoncus sem. Proin nulla purus,"
      text run at (0,450) width 355: "vulputate vel, varius ut, euismod et, nisi. Sed vitae felis"
      text run at (0,468) width 356: "vel orci sagittis aliquam. Cras convallis adipiscing sem."
      text run at (0,486) width 360: "Nam nonummy enim. Nullam bibendum lobortis neque."
      text run at (0,504) width 341: "Vestibulum velit orci, tempus euismod, pretium quis,"
      text run at (0,522) width 318: "interdum vitae, nulla. Phasellus eget ante et tortor"
      text run at (0,540) width 351: "condimentum vestibulum. Suspendisse hendrerit quam"
      text run at (0,558) width 333: "nec felis. Sed varius turpis vitae pede. Lorem ipsum"
      text run at (0,576) width 279: "dolor sit amet, consectetuer adipiscing elit. "
      text run at (278,576) width 86: "Lorem ipsum"
      text run at (0,594) width 357: "dolor sit amet, consectetuer adipiscing elit. Nulla varius"
      text run at (0,612) width 76: "enim ac mi."
layer at (8,852) size 760x401 backgroundClip at (0,0) size 785x600 clip at (0,0) size 785x600 outlineClip at (0,0) size 785x600
  RenderBlock {DIV} at (0,835.63) size 760x401.81 [border: (5px solid #800000)]
    RenderBlock (anonymous multi-column span) at (5,131) size 750x67.81
      RenderBlock {H2} at (0,19.91) size 750x28 [bgcolor=#EEEEEE]
        RenderText {#text} at (0,0) size 635x28
          text run at (0,0) width 635: "This is a spanning element in the middle of the columns block."
layer at (13,857) size 750x126 backgroundClip at (0,0) size 785x600 clip at (0,0) size 785x600 outlineClip at (0,0) size 785x600
  RenderBlock (anonymous multi-column) at (5,5) size 750x126
    RenderText {#text} at (0,0) size 367x234
      text run at (0,0) width 364: "Lorem ipsum dolor sit amet, consectetuer adipiscing elit."
      text run at (0,18) width 362: "Nulla varius enim ac mi. Curabitur sollicitudin felis quis"
      text run at (0,36) width 332: "lectus. Quisque adipiscing rhoncus sem. Proin nulla"
      text run at (0,54) width 367: "purus, vulputate vel, varius ut, euismod et, nisi. Sed vitae"
      text run at (0,72) width 354: "felis vel orci sagittis aliquam. Cras convallis adipiscing"
      text run at (0,90) width 347: "sem. Nam nonummy enim. Nullam bibendum lobortis"
      text run at (0,108) width 353: "neque. Vestibulum velit orci, tempus euismod, pretium"
      text run at (0,126) width 353: "quis, interdum vitae, nulla. Phasellus eget ante et tortor"
      text run at (0,144) width 351: "condimentum vestibulum. Suspendisse hendrerit quam"
      text run at (0,162) width 333: "nec felis. Sed varius turpis vitae pede. Lorem ipsum"
      text run at (0,180) width 279: "dolor sit amet, consectetuer adipiscing elit. "
      text run at (278,180) width 86: "Lorem ipsum"
      text run at (0,198) width 357: "dolor sit amet, consectetuer adipiscing elit. Nulla varius"
      text run at (0,216) width 76: "enim ac mi."
layer at (13,1050) size 750x198 backgroundClip at (0,0) size 785x600 clip at (0,0) size 785x600 outlineClip at (0,0) size 785x600
  RenderBlock (anonymous multi-column) at (5,198.81) size 750x198
    RenderText {#text} at (0,0) size 367x396
      text run at (0,0) width 364: "Lorem ipsum dolor sit amet, consectetuer adipiscing elit."
      text run at (0,18) width 362: "Nulla varius enim ac mi. Curabitur sollicitudin felis quis"
      text run at (0,36) width 332: "lectus. Quisque adipiscing rhoncus sem. Proin nulla"
      text run at (0,54) width 367: "purus, vulputate vel, varius ut, euismod et, nisi. Sed vitae"
      text run at (0,72) width 354: "felis vel orci sagittis aliquam. Cras convallis adipiscing"
      text run at (0,90) width 347: "sem. Nam nonummy enim. Nullam bibendum lobortis"
      text run at (0,108) width 353: "neque. Vestibulum velit orci, tempus euismod, pretium"
      text run at (0,126) width 353: "quis, interdum vitae, nulla. Phasellus eget ante et tortor"
      text run at (0,144) width 351: "condimentum vestibulum. Suspendisse hendrerit quam"
      text run at (0,162) width 333: "nec felis. Sed varius turpis vitae pede. Lorem ipsum"
      text run at (0,180) width 279: "dolor sit amet, consectetuer adipiscing elit. "
      text run at (278,180) width 86: "Lorem ipsum"
      text run at (0,198) width 357: "dolor sit amet, consectetuer adipiscing elit. Nulla varius"
      text run at (0,216) width 324: "enim ac mi. Curabitur sollicitudin felis quis lectus."
      text run at (0,234) width 330: "Quisque adipiscing rhoncus sem. Proin nulla purus,"
      text run at (0,252) width 355: "vulputate vel, varius ut, euismod et, nisi. Sed vitae felis"
      text run at (0,270) width 356: "vel orci sagittis aliquam. Cras convallis adipiscing sem."
      text run at (0,288) width 360: "Nam nonummy enim. Nullam bibendum lobortis neque."
      text run at (0,306) width 341: "Vestibulum velit orci, tempus euismod, pretium quis,"
      text run at (0,324) width 318: "interdum vitae, nulla. Phasellus eget ante et tortor"
      text run at (0,342) width 351: "condimentum vestibulum. Suspendisse hendrerit quam"
      text run at (0,360) width 333: "nec felis. Sed varius turpis vitae pede. Lorem ipsum"
      text run at (0,378) width 275: "dolor sit amet, consectetuer adipiscing elit."
layer at (8,1269) size 760x367 backgroundClip at (0,0) size 785x600 clip at (0,0) size 785x600 outlineClip at (0,0) size 785x600
  RenderBlock {DIV} at (0,1253.44) size 760x367 [border: (5px solid #800000)]
    RenderText {#text} at (5,5) size 367x242
      text run at (5,5) width 364: "Lorem ipsum dolor sit amet, consectetuer adipiscing elit."
      text run at (5,23) width 362: "Nulla varius enim ac mi. Curabitur sollicitudin felis quis"
      text run at (5,41) width 332: "lectus. Quisque adipiscing rhoncus sem. Proin nulla"
      text run at (5,59) width 367: "purus, vulputate vel, varius ut, euismod et, nisi. Sed vitae"
      text run at (5,77) width 354: "felis vel orci sagittis aliquam. Cras convallis adipiscing"
      text run at (5,95) width 347: "sem. Nam nonummy enim. Nullam bibendum lobortis"
      text run at (5,113) width 353: "neque. Vestibulum velit orci, tempus euismod, pretium"
      text run at (5,131) width 353: "quis, interdum vitae, nulla. Phasellus eget ante et tortor"
      text run at (5,149) width 351: "condimentum vestibulum. Suspendisse hendrerit quam"
      text run at (5,167) width 333: "nec felis. Sed varius turpis vitae pede. Lorem ipsum"
      text run at (5,185) width 279: "dolor sit amet, consectetuer adipiscing elit. "
      text run at (283,185) width 86: "Lorem ipsum"
      text run at (5,203) width 357: "dolor sit amet, consectetuer adipiscing elit. Nulla varius"
      text run at (5,229) width 80: "enim ac mi. "
    RenderInline {H2} at (0,0) size 358x84 [bgcolor=#EEEEEE]
      RenderText {#text} at (84,221) size 358x84
        text run at (84,221) width 271: "This is a spanning element"
        text run at (5,249) width 358: "with an original display of inline in"
        text run at (5,277) width 333: "the middle of the columns block."
    RenderText {#text} at (5,305) size 367x399
      text run at (5,305) width 364: "Lorem ipsum dolor sit amet, consectetuer adipiscing elit."
      text run at (5,323) width 362: "Nulla varius enim ac mi. Curabitur sollicitudin felis quis"
      text run at (5,341) width 332: "lectus. Quisque adipiscing rhoncus sem. Proin nulla"
      text run at (5,362) width 367: "purus, vulputate vel, varius ut, euismod et, nisi. Sed vitae"
      text run at (5,380) width 354: "felis vel orci sagittis aliquam. Cras convallis adipiscing"
      text run at (5,398) width 347: "sem. Nam nonummy enim. Nullam bibendum lobortis"
      text run at (5,416) width 353: "neque. Vestibulum velit orci, tempus euismod, pretium"
      text run at (5,434) width 353: "quis, interdum vitae, nulla. Phasellus eget ante et tortor"
      text run at (5,452) width 351: "condimentum vestibulum. Suspendisse hendrerit quam"
      text run at (5,470) width 333: "nec felis. Sed varius turpis vitae pede. Lorem ipsum"
      text run at (5,488) width 279: "dolor sit amet, consectetuer adipiscing elit. "
      text run at (283,488) width 86: "Lorem ipsum"
      text run at (5,506) width 357: "dolor sit amet, consectetuer adipiscing elit. Nulla varius"
      text run at (5,524) width 324: "enim ac mi. Curabitur sollicitudin felis quis lectus."
      text run at (5,542) width 330: "Quisque adipiscing rhoncus sem. Proin nulla purus,"
      text run at (5,560) width 355: "vulputate vel, varius ut, euismod et, nisi. Sed vitae felis"
      text run at (5,578) width 356: "vel orci sagittis aliquam. Cras convallis adipiscing sem."
      text run at (5,596) width 360: "Nam nonummy enim. Nullam bibendum lobortis neque."
      text run at (5,614) width 341: "Vestibulum velit orci, tempus euismod, pretium quis,"
      text run at (5,632) width 318: "interdum vitae, nulla. Phasellus eget ante et tortor"
      text run at (5,650) width 351: "condimentum vestibulum. Suspendisse hendrerit quam"
      text run at (5,668) width 333: "nec felis. Sed varius turpis vitae pede. Lorem ipsum"
      text run at (5,686) width 275: "dolor sit amet, consectetuer adipiscing elit."
layer at (8,1652) size 760x387 backgroundClip at (0,0) size 785x600 clip at (0,0) size 785x600 outlineClip at (0,0) size 785x600
  RenderBlock {DIV} at (0,1636.44) size 760x387 [border: (5px solid #800000)]
    RenderText {#text} at (5,5) size 367x234
      text run at (5,5) width 364: "Lorem ipsum dolor sit amet, consectetuer adipiscing elit."
      text run at (5,23) width 362: "Nulla varius enim ac mi. Curabitur sollicitudin felis quis"
      text run at (5,41) width 332: "lectus. Quisque adipiscing rhoncus sem. Proin nulla"
      text run at (5,59) width 367: "purus, vulputate vel, varius ut, euismod et, nisi. Sed vitae"
      text run at (5,77) width 354: "felis vel orci sagittis aliquam. Cras convallis adipiscing"
      text run at (5,95) width 347: "sem. Nam nonummy enim. Nullam bibendum lobortis"
      text run at (5,113) width 353: "neque. Vestibulum velit orci, tempus euismod, pretium"
      text run at (5,131) width 353: "quis, interdum vitae, nulla. Phasellus eget ante et tortor"
      text run at (5,149) width 351: "condimentum vestibulum. Suspendisse hendrerit quam"
      text run at (5,167) width 333: "nec felis. Sed varius turpis vitae pede. Lorem ipsum"
      text run at (5,185) width 279: "dolor sit amet, consectetuer adipiscing elit. "
      text run at (283,185) width 86: "Lorem ipsum"
      text run at (5,203) width 357: "dolor sit amet, consectetuer adipiscing elit. Nulla varius"
      text run at (5,221) width 80: "enim ac mi. "
    RenderBlock (floating) {H2} at (5,258.91) size 367x84 [bgcolor=#EEEEEE]
      RenderText {#text} at (0,0) size 340x84
        text run at (0,0) width 323: "This element specifies a column"
        text run at (0,28) width 340: "span, but it is also floating, so the"
        text run at (0,56) width 327: "column-span should be ignored."
    RenderText {#text} at (84,221) size 367x521
      text run at (84,221) width 266: "Lorem ipsum dolor sit amet, consectetuer"
      text run at (5,363) width 322: "adipiscing elit. Nulla varius enim ac mi. Curabitur"
      text run at (5,382) width 362: "sollicitudin felis quis lectus. Quisque adipiscing rhoncus"
      text run at (5,400) width 361: "sem. Proin nulla purus, vulputate vel, varius ut, euismod"
      text run at (5,418) width 336: "et, nisi. Sed vitae felis vel orci sagittis aliquam. Cras"
      text run at (5,436) width 358: "convallis adipiscing sem. Nam nonummy enim. Nullam"
      text run at (5,454) width 358: "bibendum lobortis neque. Vestibulum velit orci, tempus"
      text run at (5,472) width 352: "euismod, pretium quis, interdum vitae, nulla. Phasellus"
      text run at (5,490) width 366: "eget ante et tortor condimentum vestibulum. Suspendisse"
      text run at (5,508) width 344: "hendrerit quam nec felis. Sed varius turpis vitae pede."
      text run at (5,526) width 364: "Lorem ipsum dolor sit amet, consectetuer adipiscing elit."
      text run at (5,544) width 364: "Lorem ipsum dolor sit amet, consectetuer adipiscing elit."
      text run at (5,562) width 362: "Nulla varius enim ac mi. Curabitur sollicitudin felis quis"
      text run at (5,580) width 332: "lectus. Quisque adipiscing rhoncus sem. Proin nulla"
      text run at (5,598) width 367: "purus, vulputate vel, varius ut, euismod et, nisi. Sed vitae"
      text run at (5,616) width 354: "felis vel orci sagittis aliquam. Cras convallis adipiscing"
      text run at (5,634) width 347: "sem. Nam nonummy enim. Nullam bibendum lobortis"
      text run at (5,652) width 353: "neque. Vestibulum velit orci, tempus euismod, pretium"
      text run at (5,670) width 353: "quis, interdum vitae, nulla. Phasellus eget ante et tortor"
      text run at (5,688) width 351: "condimentum vestibulum. Suspendisse hendrerit quam"
      text run at (5,706) width 333: "nec felis. Sed varius turpis vitae pede. Lorem ipsum"
      text run at (5,724) width 275: "dolor sit amet, consectetuer adipiscing elit."
layer at (8,2055) size 760x444 backgroundClip at (0,0) size 785x600 clip at (0,0) size 785x600 outlineClip at (0,0) size 785x600
  RenderBlock {DIV} at (0,2039.44) size 760x443.81 [border: (5px solid #800000)]
    RenderBlock (anonymous multi-column span) at (5,5) size 750x95.81
      RenderBlock {H2} at (0,19.91) size 750x56 [bgcolor=#EEEEEE]
        RenderText {#text} at (0,0) size 711x56
          text run at (0,0) width 711: "This is a spanning element at the beginning of the columns block with"
          text run at (0,28) width 146: "block siblings."
layer at (13,2156) size 750x338 backgroundClip at (0,0) size 785x600 clip at (0,0) size 785x600 outlineClip at (0,0) size 785x600
  RenderBlock (anonymous multi-column) at (5,100.81) size 750x338
    RenderBlock {P} at (0,16) size 367x198
      RenderText {#text} at (0,0) size 367x198
        text run at (0,0) width 364: "Lorem ipsum dolor sit amet, consectetuer adipiscing elit."
        text run at (0,18) width 362: "Nulla varius enim ac mi. Curabitur sollicitudin felis quis"
        text run at (0,36) width 332: "lectus. Quisque adipiscing rhoncus sem. Proin nulla"
        text run at (0,54) width 367: "purus, vulputate vel, varius ut, euismod et, nisi. Sed vitae"
        text run at (0,72) width 354: "felis vel orci sagittis aliquam. Cras convallis adipiscing"
        text run at (0,90) width 347: "sem. Nam nonummy enim. Nullam bibendum lobortis"
        text run at (0,108) width 353: "neque. Vestibulum velit orci, tempus euismod, pretium"
        text run at (0,126) width 353: "quis, interdum vitae, nulla. Phasellus eget ante et tortor"
        text run at (0,144) width 351: "condimentum vestibulum. Suspendisse hendrerit quam"
        text run at (0,162) width 333: "nec felis. Sed varius turpis vitae pede. Lorem ipsum"
        text run at (0,180) width 275: "dolor sit amet, consectetuer adipiscing elit."
    RenderBlock {P} at (0,230) size 367x198
      RenderText {#text} at (0,0) size 367x198
        text run at (0,0) width 364: "Lorem ipsum dolor sit amet, consectetuer adipiscing elit."
        text run at (0,18) width 362: "Nulla varius enim ac mi. Curabitur sollicitudin felis quis"
        text run at (0,36) width 332: "lectus. Quisque adipiscing rhoncus sem. Proin nulla"
        text run at (0,54) width 367: "purus, vulputate vel, varius ut, euismod et, nisi. Sed vitae"
        text run at (0,72) width 354: "felis vel orci sagittis aliquam. Cras convallis adipiscing"
        text run at (0,90) width 347: "sem. Nam nonummy enim. Nullam bibendum lobortis"
        text run at (0,108) width 353: "neque. Vestibulum velit orci, tempus euismod, pretium"
        text run at (0,126) width 353: "quis, interdum vitae, nulla. Phasellus eget ante et tortor"
        text run at (0,144) width 351: "condimentum vestibulum. Suspendisse hendrerit quam"
        text run at (0,162) width 333: "nec felis. Sed varius turpis vitae pede. Lorem ipsum"
        text run at (0,180) width 275: "dolor sit amet, consectetuer adipiscing elit."
    RenderBlock {P} at (0,444) size 367x198
      RenderText {#text} at (0,0) size 367x198
        text run at (0,0) width 364: "Lorem ipsum dolor sit amet, consectetuer adipiscing elit."
        text run at (0,18) width 362: "Nulla varius enim ac mi. Curabitur sollicitudin felis quis"
        text run at (0,36) width 332: "lectus. Quisque adipiscing rhoncus sem. Proin nulla"
        text run at (0,54) width 367: "purus, vulputate vel, varius ut, euismod et, nisi. Sed vitae"
        text run at (0,72) width 354: "felis vel orci sagittis aliquam. Cras convallis adipiscing"
        text run at (0,90) width 347: "sem. Nam nonummy enim. Nullam bibendum lobortis"
        text run at (0,108) width 353: "neque. Vestibulum velit orci, tempus euismod, pretium"
        text run at (0,126) width 353: "quis, interdum vitae, nulla. Phasellus eget ante et tortor"
        text run at (0,144) width 351: "condimentum vestibulum. Suspendisse hendrerit quam"
        text run at (0,162) width 333: "nec felis. Sed varius turpis vitae pede. Lorem ipsum"
        text run at (0,180) width 275: "dolor sit amet, consectetuer adipiscing elit."
layer at (8,2515) size 760x444 backgroundClip at (0,0) size 785x600 clip at (0,0) size 785x600 outlineClip at (0,0) size 785x600
  RenderBlock {DIV} at (0,2499.25) size 760x443.81 [border: (5px solid #800000)]
    RenderBlock (anonymous multi-column span) at (5,343) size 750x95.81
      RenderBlock {H2} at (0,19.91) size 750x56 [bgcolor=#EEEEEE]
        RenderText {#text} at (0,0) size 709x56
          text run at (0,0) width 709: "This is a spanning element at the end of the columns block with block"
          text run at (0,28) width 84: "siblings."
layer at (13,2520) size 750x338 backgroundClip at (0,0) size 785x600 clip at (0,0) size 785x600 outlineClip at (0,0) size 785x600
  RenderBlock (anonymous multi-column) at (5,5) size 750x338
    RenderBlock {P} at (0,16) size 367x198
      RenderText {#text} at (0,0) size 367x198
        text run at (0,0) width 364: "Lorem ipsum dolor sit amet, consectetuer adipiscing elit."
        text run at (0,18) width 362: "Nulla varius enim ac mi. Curabitur sollicitudin felis quis"
        text run at (0,36) width 332: "lectus. Quisque adipiscing rhoncus sem. Proin nulla"
        text run at (0,54) width 367: "purus, vulputate vel, varius ut, euismod et, nisi. Sed vitae"
        text run at (0,72) width 354: "felis vel orci sagittis aliquam. Cras convallis adipiscing"
        text run at (0,90) width 347: "sem. Nam nonummy enim. Nullam bibendum lobortis"
        text run at (0,108) width 353: "neque. Vestibulum velit orci, tempus euismod, pretium"
        text run at (0,126) width 353: "quis, interdum vitae, nulla. Phasellus eget ante et tortor"
        text run at (0,144) width 351: "condimentum vestibulum. Suspendisse hendrerit quam"
        text run at (0,162) width 333: "nec felis. Sed varius turpis vitae pede. Lorem ipsum"
        text run at (0,180) width 275: "dolor sit amet, consectetuer adipiscing elit."
    RenderBlock {P} at (0,230) size 367x198
      RenderText {#text} at (0,0) size 367x198
        text run at (0,0) width 364: "Lorem ipsum dolor sit amet, consectetuer adipiscing elit."
        text run at (0,18) width 362: "Nulla varius enim ac mi. Curabitur sollicitudin felis quis"
        text run at (0,36) width 332: "lectus. Quisque adipiscing rhoncus sem. Proin nulla"
        text run at (0,54) width 367: "purus, vulputate vel, varius ut, euismod et, nisi. Sed vitae"
        text run at (0,72) width 354: "felis vel orci sagittis aliquam. Cras convallis adipiscing"
        text run at (0,90) width 347: "sem. Nam nonummy enim. Nullam bibendum lobortis"
        text run at (0,108) width 353: "neque. Vestibulum velit orci, tempus euismod, pretium"
        text run at (0,126) width 353: "quis, interdum vitae, nulla. Phasellus eget ante et tortor"
        text run at (0,144) width 351: "condimentum vestibulum. Suspendisse hendrerit quam"
        text run at (0,162) width 333: "nec felis. Sed varius turpis vitae pede. Lorem ipsum"
        text run at (0,180) width 275: "dolor sit amet, consectetuer adipiscing elit."
    RenderBlock {P} at (0,444) size 367x198
      RenderText {#text} at (0,0) size 367x198
        text run at (0,0) width 364: "Lorem ipsum dolor sit amet, consectetuer adipiscing elit."
        text run at (0,18) width 362: "Nulla varius enim ac mi. Curabitur sollicitudin felis quis"
        text run at (0,36) width 332: "lectus. Quisque adipiscing rhoncus sem. Proin nulla"
        text run at (0,54) width 367: "purus, vulputate vel, varius ut, euismod et, nisi. Sed vitae"
        text run at (0,72) width 354: "felis vel orci sagittis aliquam. Cras convallis adipiscing"
        text run at (0,90) width 347: "sem. Nam nonummy enim. Nullam bibendum lobortis"
        text run at (0,108) width 353: "neque. Vestibulum velit orci, tempus euismod, pretium"
        text run at (0,126) width 353: "quis, interdum vitae, nulla. Phasellus eget ante et tortor"
        text run at (0,144) width 351: "condimentum vestibulum. Suspendisse hendrerit quam"
        text run at (0,162) width 333: "nec felis. Sed varius turpis vitae pede. Lorem ipsum"
        text run at (0,180) width 275: "dolor sit amet, consectetuer adipiscing elit."
layer at (8,2975) size 760x452 backgroundClip at (0,0) size 785x600 clip at (0,0) size 785x600 outlineClip at (0,0) size 785x600
  RenderBlock {DIV} at (0,2959.06) size 760x451.81 [border: (5px solid #800000)]
    RenderBlock (anonymous multi-column span) at (5,227) size 750x95.81
      RenderBlock {H2} at (0,19.91) size 750x56 [bgcolor=#EEEEEE]
        RenderText {#text} at (0,0) size 743x56
          text run at (0,0) width 743: "This is a spanning element in the middle of the columns block with block"
          text run at (0,28) width 84: "siblings."
layer at (13,2980) size 750x222 backgroundClip at (0,0) size 785x600 clip at (0,0) size 785x600 outlineClip at (0,0) size 785x600
  RenderBlock (anonymous multi-column) at (5,5) size 750x222
    RenderBlock {P} at (0,16) size 367x198
      RenderText {#text} at (0,0) size 367x198
        text run at (0,0) width 364: "Lorem ipsum dolor sit amet, consectetuer adipiscing elit."
        text run at (0,18) width 362: "Nulla varius enim ac mi. Curabitur sollicitudin felis quis"
        text run at (0,36) width 332: "lectus. Quisque adipiscing rhoncus sem. Proin nulla"
        text run at (0,54) width 367: "purus, vulputate vel, varius ut, euismod et, nisi. Sed vitae"
        text run at (0,72) width 354: "felis vel orci sagittis aliquam. Cras convallis adipiscing"
        text run at (0,90) width 347: "sem. Nam nonummy enim. Nullam bibendum lobortis"
        text run at (0,108) width 353: "neque. Vestibulum velit orci, tempus euismod, pretium"
        text run at (0,126) width 353: "quis, interdum vitae, nulla. Phasellus eget ante et tortor"
        text run at (0,144) width 351: "condimentum vestibulum. Suspendisse hendrerit quam"
        text run at (0,162) width 333: "nec felis. Sed varius turpis vitae pede. Lorem ipsum"
        text run at (0,180) width 275: "dolor sit amet, consectetuer adipiscing elit."
    RenderBlock {P} at (0,222) size 367x198
      RenderText {#text} at (0,0) size 367x198
        text run at (0,0) width 364: "Lorem ipsum dolor sit amet, consectetuer adipiscing elit."
        text run at (0,18) width 362: "Nulla varius enim ac mi. Curabitur sollicitudin felis quis"
        text run at (0,36) width 332: "lectus. Quisque adipiscing rhoncus sem. Proin nulla"
        text run at (0,54) width 367: "purus, vulputate vel, varius ut, euismod et, nisi. Sed vitae"
        text run at (0,72) width 354: "felis vel orci sagittis aliquam. Cras convallis adipiscing"
        text run at (0,90) width 347: "sem. Nam nonummy enim. Nullam bibendum lobortis"
        text run at (0,108) width 353: "neque. Vestibulum velit orci, tempus euismod, pretium"
        text run at (0,126) width 353: "quis, interdum vitae, nulla. Phasellus eget ante et tortor"
        text run at (0,144) width 351: "condimentum vestibulum. Suspendisse hendrerit quam"
        text run at (0,162) width 333: "nec felis. Sed varius turpis vitae pede. Lorem ipsum"
        text run at (0,180) width 275: "dolor sit amet, consectetuer adipiscing elit."
layer at (13,3298) size 750x124 backgroundClip at (0,0) size 785x600 clip at (0,0) size 785x600 outlineClip at (0,0) size 785x600
  RenderBlock (anonymous multi-column) at (5,322.81) size 750x124
    RenderBlock {P} at (0,16) size 367x198
      RenderText {#text} at (0,0) size 367x198
        text run at (0,0) width 364: "Lorem ipsum dolor sit amet, consectetuer adipiscing elit."
        text run at (0,18) width 362: "Nulla varius enim ac mi. Curabitur sollicitudin felis quis"
        text run at (0,36) width 332: "lectus. Quisque adipiscing rhoncus sem. Proin nulla"
        text run at (0,54) width 367: "purus, vulputate vel, varius ut, euismod et, nisi. Sed vitae"
        text run at (0,72) width 354: "felis vel orci sagittis aliquam. Cras convallis adipiscing"
        text run at (0,90) width 347: "sem. Nam nonummy enim. Nullam bibendum lobortis"
        text run at (0,108) width 353: "neque. Vestibulum velit orci, tempus euismod, pretium"
        text run at (0,126) width 353: "quis, interdum vitae, nulla. Phasellus eget ante et tortor"
        text run at (0,144) width 351: "condimentum vestibulum. Suspendisse hendrerit quam"
        text run at (0,162) width 333: "nec felis. Sed varius turpis vitae pede. Lorem ipsum"
        text run at (0,180) width 275: "dolor sit amet, consectetuer adipiscing elit."
