layer at (0,0) size 800x600
  RenderView at (0,0) size 800x600
layer at (0,0) size 800x456
  RenderBlock {HTML} at (0,0) size 800x456.44
    RenderBody {BODY} at (8,18.72) size 784x429.72
      RenderBlock {H3} at (0,0) size 784x23
        RenderText {#text} at (0,0) size 92x22
          text run at (0,0) width 92: "It passes if:"
      RenderBlock {UL} at (0,41.72) size 784x40
        RenderListItem {LI} at (40,0) size 744x20
          RenderListMarker at (-18,0) size 7x19: bullet
          RenderText {#text} at (0,0) size 291x19
            text run at (0,0) width 291: "the canvas element has 8px gray shadow around"
        RenderListItem {LI} at (40,20) size 744x20
          RenderListMarker at (-18,0) size 7x19: bullet
          RenderText {#text} at (0,0) size 238x19
            text run at (0,0) width 238: "the canvas content has rounded corners"
      RenderBlock (anonymous) at (0,97.72) size 784x332
        RenderText {#text} at (0,0) size 0x0
        RenderText {#text} at (0,0) size 0x0
layer at (28,136) size 287x287
  LayoutHTMLCanvas {CANVAS} at (20,20) size 287x287 [bgcolor=#808080] [border: (5px solid #FF0000)]
