layer at (0,0) size 800x600
  RenderView at (0,0) size 800x600
layer at (0,0) size 800x108
  RenderBlock {HTML} at (0,0) size 800x108
    RenderBody {BODY} at (8,8) size 784x84
      LayoutTable {TABLE} at (0,0) size 60x50
        LayoutTableSection {TBODY} at (0,0) size 60x50
          LayoutTableRow {TR} at (0,0) size 60x12
            LayoutTableCell {TD} at (0,0) size 60x50 [r=0 c=0 rs=4 cs=1]
              RenderBlock {P} at (0,16) size 60x18
                RenderText {#text} at (0,0) size 60x18
                  text run at (0,0) width 60: "blah blah"
          LayoutTableRow {TR} at (0,12) size 60x12
          LayoutTableRow {TR} at (0,24) size 60x13
          LayoutTableRow {TR} at (0,37) size 60x13
      RenderBlock {P} at (0,66) size 784x18
        RenderText {#text} at (0,0) size 113x18
          text run at (0,0) width 113: "text at the bottom"
