layer at (0,0) size 800x600
  RenderView at (0,0) size 800x600
layer at (0,0) size 800x600
  RenderBlock {HTML} at (0,0) size 800x600
    RenderBody {BODY} at (8,8) size 784x584 [bgcolor=#FFFFFF]
      RenderBlock {P} at (0,0) size 784x36
        RenderInline {B} at (0,0) size 436x36
          RenderText {#text} at (0,0) size 158x18
            text run at (0,0) width 158: "Testcase distilled from "
          RenderInline {A} at (0,0) size 279x18 [color=#0000EE]
            RenderText {#text} at (157,0) size 279x18
              text run at (157,0) width 279: "http://www.linuxplanet.com/linuxplanet/"
          LayoutBR {BR} at (435,14) size 1x0
          RenderText {#text} at (0,18) size 147x18
            text run at (0,18) width 147: "First cell is coded as: "
        RenderInline {CODE} at (0,0) size 282x15
          RenderText {#text} at (146,20) size 282x15
            text run at (146,20) width 282: "<TD><form>Weekly Poll<P></form></TD>"
      LayoutTable {TABLE} at (0,52) size 784x52
        LayoutTableSection {TBODY} at (0,0) size 784x52
          LayoutTableRow {TR} at (0,0) size 784x52
            LayoutTableCell {TD} at (0,0) size 50x52 [r=0 c=0 rs=1 cs=1]
              RenderBlock {FORM} at (0,0) size 50x36
                RenderBlock (anonymous) at (0,0) size 50x36
                  RenderText {#text} at (0,0) size 50x36
                    text run at (0,0) width 50: "Weekly"
                    text run at (0,18) width 26: "Poll"
                RenderBlock {P} at (0,52) size 50x0
            LayoutTableCell {TD} at (50,1) size 1x50 [r=0 c=1 rs=1 cs=1]
              LayoutImage {IMG} at (0,0) size 1x50
            LayoutTableCell {TD} at (51,17) size 733x18 [r=0 c=2 rs=1 cs=1]
              LayoutBR {BR} at (0,0) size 0x18
