layer at (0,0) size 800x600
  RenderView at (0,0) size 800x600
layer at (0,0) size 800x600
  RenderBlock {HTML} at (0,0) size 800x600
    RenderBody {BODY} at (8,8) size 784x584
      LayoutTable {DIV} at (0,0) size 198x96 [color=#FF0000] [border: (3px solid #008000)]
        LayoutTableSection (anonymous) at (19,19) size 160x58
          LayoutTableRow (anonymous) at (0,0) size 160x58
            LayoutTableCell (anonymous) at (0,19) size 74x20 [r=0 c=0 rs=1 cs=1]
              RenderInline {SPAN} at (0,0) size 74x19
                RenderText {#text} at (0,0) size 74x19
                  text run at (0,0) width 74: "CONTENT"
            LayoutTableCell (anonymous) at (74,0) size 86x58 [border: (3px solid #0000FF)] [r=0 c=1 rs=1 cs=1]
              RenderText at (19,19) size 48x19
                text run at (19,19) width 48: "AFTER"
