layer at (0,0) size 800x600 scrollHeight 4064
  RenderView at (0,0) size 800x600
layer at (0,0) size 800x4064 backgroundClip at (0,0) size 800x600 clip at (0,0) size 800x600 outlineClip at (0,0) size 800x600
  RenderBlock {HTML} at (0,0) size 800x4064 [color=#FF0000] [bgcolor=#FFFFFF]
    RenderBody {BODY} at (0,84) size 800x2780
      RenderBlock {H2} at (72,2482) size 656x72 [color=#000080]
        RenderText {#text} at (12,46) size 131x28
          text run at (12,46) width 131: "Hello World!"
layer at (36,2638) size 764x226 backgroundClip at (0,0) size 800x600 clip at (0,0) size 800x600 outlineClip at (0,0) size 800x600
  RenderBlock (relative positioned) {DIV} at (36,2554) size 764x226 [border: (12px solid #00000000)]
    LayoutTable {TABLE} at (12,12) size 1x0
      LayoutTableSection {TBODY} at (0,0) size 1x0
        LayoutTableRow {TR} at (0,0) size 1x0
          LayoutTableCell {TD} at (0,0) size 0x0 [r=0 c=0 rs=1 cs=1]
    RenderBlock {DIV} at (60,60) size 120x12 [bgcolor=#FF0000] [border: none (12px solid #000000) none (12px solid #000000)]
      RenderBlock {DIV} at (12,0) size 144x12
        RenderText {#text} at (0,-1) size 101x14
          text run at (0,-1) width 101: "                              "
    RenderBlock (floating) {DIV} at (36,96) size 168x48 [border: none (12px solid #000000)]
      RenderBlock {DIV} at (12,0) size 144x48 [bgcolor=#FFFF00]
        RenderBlock {DIV} at (60,12) size 24x24 [bgcolor=#FF0000]
          RenderBlock {<pseudo:before>} at (0,0) size 24x12 [border: none (12px solid #FFFF00) (12px solid #000000) (12px solid #FFFF00)]
            RenderTextFragment at (0,0) size 0x0
          RenderBlock {<pseudo:after>} at (0,12) size 24x12 [border: (12px solid #000000) (12px solid #FFFF00) none (12px solid #FFFF00)]
            RenderTextFragment at (0,0) size 0x0
    RenderBlock {DIV} at (87,75) size 590x0
      RenderBlock {DIV} at (48,0) size 518x0
    RenderBlock {DIV} at (48,132) size 668x24
    RenderBlock {DIV} at (60,168) size 120x12 [bgcolor=#FFFF00] [border: none (12px solid #000000) none (12px solid #000000)]
      RenderInline {DIV} at (0,0) size 1x3
        RenderText {#text} at (12,8) size 1x3
          text run at (12,8) width 1: " "
    RenderBlock {DIV} at (12,180) size 740x12
      RenderBlock {DIV} at (60,0) size 96x12 [color=#FFA500] [bgcolor=#FFFF00] [border: none (24px solid #000000) none (24px solid #000000)]
    LayoutTable {UL} at (96,192) size 48x12 [bgcolor=#FF0000]
      LayoutTableSection (anonymous) at (0,0) size 48x12
        LayoutTableRow (anonymous) at (0,0) size 48x12
          LayoutTableCell {LI} at (0,0) size 12x0 [bgcolor=#000000] [r=0 c=0 rs=1 cs=1]
          LayoutTableCell (anonymous) at (12,0) size 12x12 [r=0 c=1 rs=1 cs=1]
            LayoutTable {LI} at (0,0) size 12x12 [bgcolor=#000000]
          LayoutTableCell {LI} at (24,0) size 12x0 [bgcolor=#000000] [r=0 c=2 rs=1 cs=1]
          LayoutTableCell (anonymous) at (36,0) size 12x12 [r=0 c=3 rs=1 cs=1]
            RenderListItem {LI} at (0,0) size 12x12 [bgcolor=#000000]
layer at (48,2842) size 740x10 backgroundClip at (0,0) size 0x0 clip at (0,0) size 0x0 outlineClip at (0,0) size 800x600 scrollHeight 276
  RenderBlock {DIV} at (12,204) size 740x10
    LayoutTable {TABLE} at (0,0) size 64x276
      LayoutTableSection {TBODY} at (0,0) size 64x276
        LayoutTableRow {TR} at (0,0) size 64x276
          LayoutTableCell {TD} at (0,0) size 64x276 [r=0 c=0 rs=1 cs=1]
            LayoutImage {IMG} at (0,152) size 64x64
layer at (132,108) size 48x18
  RenderBlock (positioned) {P} at (132,108) size 48x18 [bgcolor=#000000] [border: none (6px solid #FFFF00) none]
layer at (132,144) size 48x15
  RenderBlock (positioned) {P} at (132,144) size 48x15 [bgcolor=#000000] [border: none (3px solid #FF0000) none]
layer at (108,2686) size 96x12 backgroundClip at (0,0) size 800x600 clip at (0,0) size 800x600 outlineClip at (0,0) size 800x600
  RenderBlock (positioned) {BLOCKQUOTE} at (72,48) size 96x12 [border: none (24px solid #000000) none (24px solid #000000)]
    RenderBlock (floating) {ADDRESS} at (24,0) size 48x12 [bgcolor=#FFFF00]
layer at (84,2710) size 144x24 backgroundClip at (0,0) size 800x600 clip at (0,0) size 800x600 outlineClip at (0,0) size 800x600
  RenderBlock (positioned) {DIV} at (48,72) size 144x24 [bgcolor=#FF0000]
    RenderBlock {DIV} at (0,0) size 144x0
      RenderInline {OBJECT} at (0,0) size 131x14
        RenderInline {OBJECT} at (0,0) size 131x14
          LayoutImage {OBJECT} at (13,0) size 131x24 [border: none (12px solid #000000) none]
    RenderBlock (floating) {DIV} at (0,0) size 144x24 [border: none (12px solid #FF0000) none (12px solid #000000)]
    RenderBlock {DIV} at (0,0) size 144x24 [border: none (24px solid #FFFF00)]
layer at (84,2782) size 144x24 backgroundClip at (0,0) size 800x600 clip at (0,0) size 800x600 outlineClip at (0,0) size 800x600
  RenderBlock (relative positioned) {DIV} at (0,0) size 144x24 [bgcolor=#000000]
layer at (96,2782) size 120x24 backgroundClip at (0,0) size 800x600 clip at (0,0) size 800x600 outlineClip at (0,0) size 800x600
  RenderBlock (positioned) {DIV} at (12,0) size 120x24 [border: (12px solid #FFFF00)]
    RenderBlock (floating) {SPAN} at (12,0) size 96x12 [border: none (12px solid #00000000) none (12px solid #00000000)]
      RenderBlock (floating) {EM} at (12,0) size 72x24 [border: (12px solid #FFFF00) none (12px solid #000000) none]
        RenderBlock {STRONG} at (0,12) size 72x0
layer at (48,84) size 704x82
  RenderBlock (relative positioned) zI: 2 {DIV} at (48,0) size 704x82 [color=#000000] [bgcolor=#FFFFFF] [border: (1px solid #000000)]
    RenderBlock {H1} at (13,13) size 678x28
      RenderText {#text} at (0,0) size 253x28
        text run at (0,0) width 253: "Standards compliant?"
    RenderBlock {P} at (13,41) size 678x28
      RenderInline {A} at (0,0) size 222x28 [color=#0000FF]
        RenderText {#text} at (0,0) size 222x28
          text run at (0,0) width 222: "Take The Acid2 Test"
      RenderText {#text} at (221,0) size 200x28
        text run at (221,0) width 200: " and compare it to "
      RenderInline {A} at (0,0) size 250x28 [color=#0000FF]
        RenderText {#text} at (420,0) size 250x28
          text run at (420,0) width 250: "the reference rendering"
      RenderText {#text} at (669,0) size 8x28
        text run at (669,0) width 8: "."
