layer at (0,0) size 800x600
  RenderView at (0,0) size 800x600
layer at (0,0) size 800x600
  RenderBlock {HTML} at (0,0) size 800x600
    RenderBody {BODY} at (8,8) size 784x584
      RenderBlock {P} at (0,0) size 784x18
        RenderText {#text} at (0,0) size 736x18
          text run at (0,0) width 736: "The word \"PASSED\" should be shown below with a cirlce before and a square after. This is a test for WebKit bug "
        RenderInline {A} at (0,0) size 41x18 [color=#0000EE]
          RenderText {#text} at (735,0) size 41x18
            text run at (735,0) width 41: "11197"
        RenderText {#text} at (775,0) size 5x18
          text run at (775,0) width 5: "."
      RenderBlock (anonymous) at (0,34) size 784x16
        RenderInline {CODE} at (0,0) size 62x15
          RenderInline {<pseudo:before>} at (0,0) size 8x15
            LayoutCounter at (0,1) size 8x15
              text run at (0,1) width 8: "\x{25E6}"
          RenderText {#text} at (7,1) size 48x15
            text run at (7,1) width 48: "PASSED"
          RenderInline {<pseudo:after>} at (0,0) size 8x15
            LayoutCounter at (54,1) size 8x15
              text run at (54,1) width 8: "\x{25A0}"
        RenderText {#text} at (0,0) size 0x0
