layer at (0,0) size 800x600
  RenderView at (0,0) size 800x600
layer at (0,0) size 800x600
  RenderBlock {HTML} at (0,0) size 800x600
    RenderBody {BODY} at (8,8) size 784x576
      RenderBlock {P} at (0,0) size 784x154
        RenderBlock (anonymous) at (0,0) size 784x72
          RenderText {#text} at (0,0) size 344x18
            text run at (0,0) width 344: "In the yellow table the \"W\" is clipped on its left edge."
          LayoutBR {BR} at (343,14) size 1x0
          RenderText {#text} at (0,18) size 174x18
            text run at (0,18) width 174: "The only difference is that:"
          LayoutBR {BR} at (173,32) size 1x0
          RenderText {#text} at (0,36) size 251x18
            text run at (0,36) width 251: "yellow table has CELLPADDING=\"0\""
          LayoutBR {BR} at (250,50) size 1x0
          RenderText {#text} at (0,54) size 239x18
            text run at (0,54) width 239: "grey table has CELLPADDING=\"1\"."
        LayoutTable {TABLE} at (0,72) size 40x40 [bgcolor=#FFFF00]
          LayoutTableSection {TBODY} at (0,0) size 40x40
            LayoutTableRow {TR} at (0,2) size 40x36
              LayoutTableCell {TD} at (2,2) size 36x36 [r=0 c=0 rs=1 cs=1]
                RenderInline {FONT} at (0,0) size 29x36
                  RenderText {#text} at (0,0) size 29x36
                    text run at (0,0) width 29: "Online"
                    text run at (0,12) width 24: "Web-"
                    text run at (0,24) width 24: "Store"
        LayoutTable {TABLE} at (0,112) size 40x42 [bgcolor=#EEEEEE]
          LayoutTableSection {TBODY} at (0,0) size 40x42
            LayoutTableRow {TR} at (0,2) size 40x38
              LayoutTableCell {TD} at (2,2) size 36x38 [r=0 c=0 rs=1 cs=1]
                RenderInline {FONT} at (0,0) size 29x36
                  RenderText {#text} at (1,1) size 29x36
                    text run at (1,1) width 29: "Online"
                    text run at (1,13) width 24: "Web-"
                    text run at (1,25) width 24: "Store"
