layer at (0,0) size 800x600
  RenderView at (0,0) size 800x600
layer at (0,0) size 800x600
  RenderBlock {HTML} at (0,0) size 800x600
    RenderBody {BODY} at (8,8) size 784x584
      RenderBlock {H1} at (0,0) size 784x37
        RenderText {#text} at (148,0) size 488x36
          text run at (148,0) width 488: "<BODY style=\"text-align: center\">"
      LayoutTable {TABLE} at (0,58.44) size 627x28 [border: (1px outset #808080)]
        LayoutTableSection {TBODY} at (1,1) size 625x26
          LayoutTableRow {TR} at (0,2) size 625x22
            LayoutTableCell {TD} at (2,2) size 621x22 [border: (1px inset #808080)] [r=0 c=0 rs=1 cs=1]
              RenderText {#text} at (2,2) size 298x17
                text run at (2,2) width 298: "The table should be center-aligned not the text"
