layer at (0,0) size 800x600
  RenderView at (0,0) size 800x600
layer at (0,0) size 800x600
  RenderBlock {HTML} at (0,0) size 800x600
    RenderBody {BODY} at (8,8) size 784x584
      LayoutTable at (0,0) size 43x18
        LayoutTableSection (anonymous) at (0,0) size 43x18
          LayoutTableRow (anonymous) at (0,0) size 43x18
            LayoutTableCell {SPAN} at (0,0) size 22x18 [r=0 c=0 rs=1 cs=1]
              RenderText {#text} at (0,0) size 22x17
                text run at (0,0) width 22: "foo"
            LayoutTableCell {SPAN} at (22,0) size 21x18 [r=0 c=1 rs=1 cs=1]
              RenderText {#text} at (0,0) size 21x17
                text run at (0,0) width 21: "bar"
