layer at (0,0) size 800x600
  RenderView at (0,0) size 800x600
layer at (0,0) size 800x600
  RenderBlock {HTML} at (0,0) size 800x600
    RenderBody {BODY} at (8,8) size 784x584
      LayoutTable {TABLE} at (0,0) size 784x346 [border: none]
        LayoutTableSection {TBODY} at (0,0) size 783x345
          LayoutTableRow {TR} at (0,0) size 783x21
            LayoutTableCell {TH} at (0,0) size 111x21 [border: (1px solid #005A8C)] [r=0 c=0 rs=1 cs=1]
              RenderText {#text} at (42,2) size 28x17
                text run at (42,2) width 28: "Sun"
            LayoutTableCell {TH} at (111,0) size 112x21 [border: (1px solid #005A8C)] [r=0 c=1 rs=1 cs=1]
              RenderText {#text} at (40,2) size 33x17
                text run at (40,2) width 33: "Mon"
            LayoutTableCell {TH} at (223,0) size 112x21 [border: (1px solid #005A8C)] [r=0 c=2 rs=1 cs=1]
              RenderText {#text} at (43,2) size 27x17
                text run at (43,2) width 27: "Tue"
            LayoutTableCell {TH} at (335,0) size 112x21 [border: (1px solid #005A8C)] [r=0 c=3 rs=1 cs=1]
              RenderText {#text} at (40,2) size 33x17
                text run at (40,2) width 33: "Wed"
            LayoutTableCell {TH} at (447,0) size 112x21 [border: (1px solid #005A8C)] [r=0 c=4 rs=1 cs=1]
              RenderText {#text} at (42,2) size 29x17
                text run at (42,2) width 29: "Thu"
            LayoutTableCell {TH} at (559,0) size 112x21 [border: (1px solid #005A8C)] [r=0 c=5 rs=1 cs=1]
              RenderText {#text} at (45,2) size 23x17
                text run at (45,2) width 23: "Fri"
            LayoutTableCell {TH} at (671,0) size 112x21 [border: (1px solid #005A8C)] [r=0 c=6 rs=1 cs=1]
              RenderText {#text} at (45,2) size 23x17
                text run at (45,2) width 23: "Sat"
          LayoutTableRow {TR} at (0,21) size 783x39
            LayoutTableCell {TD} at (0,21) size 559x3 [border: (1px solid #005A8C)] [r=1 c=0 rs=1 cs=5]
            LayoutTableCell {TD} at (559,21) size 112x39 [border: (1px solid #005A8C)] [r=1 c=5 rs=1 cs=1]
              RenderBlock {DIV} at (2,2) size 109x18
                RenderText {#text} at (0,0) size 8x17
                  text run at (0,0) width 8: "1"
              RenderBlock {DIV} at (2,20) size 109x18
                RenderText {#text} at (0,0) size 29x17
                  text run at (0,0) width 29: "7:50"
            LayoutTableCell {TD} at (671,21) size 112x39 [border: (1px solid #005A8C)] [r=1 c=6 rs=1 cs=1]
              RenderBlock {DIV} at (2,2) size 109x18
                RenderText {#text} at (0,0) size 8x17
                  text run at (0,0) width 8: "2"
              RenderBlock (anonymous) at (2,20) size 109x18
                RenderText {#text} at (0,0) size 102x17
                  text run at (0,0) width 102: "Althea Halliday"
                LayoutBR {BR} at (101,14) size 1x0
          LayoutTableRow {TR} at (0,60) size 783x75
            LayoutTableCell {TD} at (0,60) size 111x75 [border: (1px solid #005A8C)] [r=2 c=0 rs=1 cs=1]
              RenderBlock {DIV} at (2,2) size 108x18
                RenderText {#text} at (0,0) size 8x17
                  text run at (0,0) width 8: "3"
              RenderBlock (anonymous) at (2,20) size 108x54
                RenderText {#text} at (0,0) size 66x17
                  text run at (0,0) width 66: "CHORTle"
                LayoutBR {BR} at (65,14) size 1x0
                RenderText {#text} at (0,18) size 69x35
                  text run at (0,18) width 63: "Avondale"
                  text run at (0,36) width 69: "graduation"
            LayoutTableCell {TD} at (111,60) size 112x39 [border: (1px solid #005A8C)] [r=2 c=1 rs=1 cs=1]
              RenderBlock {DIV} at (2,2) size 109x18
                RenderText {#text} at (0,0) size 8x17
                  text run at (0,0) width 8: "4"
              RenderBlock (anonymous) at (2,20) size 109x18
                LayoutBR {BR} at (0,0) size 0x17
            LayoutTableCell {TD} at (223,60) size 112x57 [border: (1px solid #005A8C)] [r=2 c=2 rs=1 cs=1]
              RenderBlock {DIV} at (2,2) size 109x18
                RenderText {#text} at (0,0) size 8x17
                  text run at (0,0) width 8: "5"
              RenderBlock (anonymous) at (2,20) size 109x36
                RenderText {#text} at (0,0) size 82x35
                  text run at (0,0) width 82: "SAC Speech"
                  text run at (0,18) width 33: "night"
            LayoutTableCell {TD} at (335,60) size 112x57 [border: (1px solid #005A8C)] [r=2 c=3 rs=1 cs=1]
              RenderBlock {DIV} at (2,2) size 109x18
                RenderText {#text} at (0,0) size 8x17
                  text run at (0,0) width 8: "6"
              RenderBlock (anonymous) at (2,20) size 109x36
                RenderText {#text} at (0,0) size 84x35
                  text run at (0,0) width 84: "Management"
                  text run at (0,18) width 68: "committee"
            LayoutTableCell {TD} at (447,60) size 112x75 [border: (1px solid #005A8C)] [r=2 c=4 rs=1 cs=1]
              RenderBlock {DIV} at (2,2) size 109x18
                RenderText {#text} at (0,0) size 8x17
                  text run at (0,0) width 8: "7"
              RenderBlock (anonymous) at (2,20) size 109x54
                RenderText {#text} at (0,0) size 101x53
                  text run at (0,0) width 96: "Castle Hill and"
                  text run at (0,18) width 101: "Mountain View"
                  text run at (0,36) width 90: "Speech nights"
            LayoutTableCell {TD} at (559,60) size 112x39 [border: (1px solid #005A8C)] [r=2 c=5 rs=1 cs=1]
              RenderBlock {DIV} at (2,2) size 109x18
                RenderText {#text} at (0,0) size 8x17
                  text run at (0,0) width 8: "8"
              RenderBlock {DIV} at (2,20) size 109x18
                RenderText {#text} at (0,0) size 29x17
                  text run at (0,0) width 29: "7:56"
            LayoutTableCell {TD} at (671,60) size 112x39 [border: (1px solid #005A8C)] [r=2 c=6 rs=1 cs=1]
              RenderBlock {DIV} at (2,2) size 109x18
                RenderText {#text} at (0,0) size 8x17
                  text run at (0,0) width 8: "9"
              RenderBlock (anonymous) at (2,20) size 109x18
                RenderText {#text} at (0,0) size 94x17
                  text run at (0,0) width 94: "Reconciliation"
          LayoutTableRow {TR} at (0,135) size 783x75
            LayoutTableCell {TD} at (0,135) size 111x39 [border: (1px solid #005A8C)] [r=3 c=0 rs=1 cs=1]
              RenderBlock {DIV} at (2,2) size 108x18
                RenderText {#text} at (0,0) size 16x17
                  text run at (0,0) width 16: "10"
              RenderBlock (anonymous) at (2,20) size 108x18
                RenderText {#text} at (0,0) size 102x17
                  text run at (0,0) width 102: "Christmas party"
                LayoutBR {BR} at (101,14) size 1x0
            LayoutTableCell {TD} at (111,135) size 112x39 [border: (1px solid #005A8C)] [r=3 c=1 rs=1 cs=1]
              RenderBlock {DIV} at (2,2) size 109x18
                RenderText {#text} at (0,0) size 16x17
                  text run at (0,0) width 16: "11"
              RenderBlock (anonymous) at (2,20) size 109x18
                LayoutBR {BR} at (0,0) size 0x17
            LayoutTableCell {TD} at (223,135) size 112x39 [border: (1px solid #005A8C)] [r=3 c=2 rs=1 cs=1]
              RenderBlock {DIV} at (2,2) size 109x18
                RenderText {#text} at (0,0) size 16x17
                  text run at (0,0) width 16: "12"
              RenderBlock (anonymous) at (2,20) size 109x18
                LayoutBR {BR} at (0,0) size 0x17
            LayoutTableCell {TD} at (335,135) size 112x75 [border: (1px solid #005A8C)] [r=3 c=3 rs=1 cs=1]
              RenderBlock {DIV} at (2,2) size 109x18
                RenderText {#text} at (0,0) size 16x17
                  text run at (0,0) width 16: "13"
              RenderBlock (anonymous) at (2,20) size 109x54
                RenderText {#text} at (0,0) size 77x53
                  text run at (0,0) width 77: "Community"
                  text run at (0,18) width 65: "Ministries"
                  text run at (0,36) width 68: "committee"
            LayoutTableCell {TD} at (447,135) size 112x39 [border: (1px solid #005A8C)] [r=3 c=4 rs=1 cs=1]
              RenderBlock {DIV} at (2,2) size 109x18
                RenderText {#text} at (0,0) size 16x17
                  text run at (0,0) width 16: "14"
              RenderBlock (anonymous) at (2,20) size 109x18
                LayoutBR {BR} at (0,0) size 0x17
            LayoutTableCell {TD} at (559,135) size 112x39 [border: (1px solid #005A8C)] [r=3 c=5 rs=1 cs=1]
              RenderBlock {DIV} at (2,2) size 109x18
                RenderText {#text} at (0,0) size 16x17
                  text run at (0,0) width 16: "15"
              RenderBlock {DIV} at (2,20) size 109x18
                RenderText {#text} at (0,0) size 29x17
                  text run at (0,0) width 29: "8:02"
            LayoutTableCell {TD} at (671,135) size 112x39 [border: (1px solid #005A8C)] [r=3 c=6 rs=1 cs=1]
              RenderBlock {DIV} at (2,2) size 109x18
                RenderText {#text} at (0,0) size 16x17
                  text run at (0,0) width 16: "16"
              RenderBlock (anonymous) at (2,20) size 109x18
                RenderText {#text} at (0,0) size 68x17
                  text run at (0,0) width 68: "Paul Goltz"
                LayoutBR {BR} at (67,14) size 1x0
          LayoutTableRow {TR} at (0,210) size 783x57
            LayoutTableCell {TD} at (0,210) size 111x39 [border: (1px solid #005A8C)] [r=4 c=0 rs=1 cs=1]
              RenderBlock {DIV} at (2,2) size 108x18
                RenderText {#text} at (0,0) size 16x17
                  text run at (0,0) width 16: "17"
              RenderBlock (anonymous) at (2,20) size 108x18
                LayoutBR {BR} at (0,0) size 0x17
            LayoutTableCell {TD} at (111,210) size 112x39 [border: (1px solid #005A8C)] [r=4 c=1 rs=1 cs=1]
              RenderBlock {DIV} at (2,2) size 109x18
                RenderText {#text} at (0,0) size 16x17
                  text run at (0,0) width 16: "18"
              RenderBlock (anonymous) at (2,20) size 109x18
                LayoutBR {BR} at (0,0) size 0x17
            LayoutTableCell {TD} at (223,210) size 112x57 [border: (1px solid #005A8C)] [r=4 c=2 rs=1 cs=1]
              RenderBlock {DIV} at (2,2) size 109x18
                RenderText {#text} at (0,0) size 16x17
                  text run at (0,0) width 16: "19"
              RenderBlock (anonymous) at (2,20) size 109x36
                RenderText {#text} at (0,0) size 105x35
                  text run at (0,0) width 105: "End school term"
                  text run at (0,18) width 8: "4"
            LayoutTableCell {TD} at (335,210) size 112x39 [border: (1px solid #005A8C)] [r=4 c=3 rs=1 cs=1]
              RenderBlock {DIV} at (2,2) size 109x18
                RenderText {#text} at (0,0) size 16x17
                  text run at (0,0) width 16: "20"
              RenderBlock (anonymous) at (2,20) size 109x18
                LayoutBR {BR} at (0,0) size 0x17
            LayoutTableCell {TD} at (447,210) size 112x39 [border: (1px solid #005A8C)] [r=4 c=4 rs=1 cs=1]
              RenderBlock {DIV} at (2,2) size 109x18
                RenderText {#text} at (0,0) size 16x17
                  text run at (0,0) width 16: "21"
              RenderBlock (anonymous) at (2,20) size 109x18
                LayoutBR {BR} at (0,0) size 0x17
            LayoutTableCell {TD} at (559,210) size 112x39 [border: (1px solid #005A8C)] [r=4 c=5 rs=1 cs=1]
              RenderBlock {DIV} at (2,2) size 109x18
                RenderText {#text} at (0,0) size 16x17
                  text run at (0,0) width 16: "22"
              RenderBlock {DIV} at (2,20) size 109x18
                RenderText {#text} at (0,0) size 29x17
                  text run at (0,0) width 29: "8:06"
            LayoutTableCell {TD} at (671,210) size 112x57 [border: (1px solid #005A8C)] [r=4 c=6 rs=1 cs=1]
              RenderBlock {DIV} at (2,2) size 109x18
                RenderText {#text} at (0,0) size 16x17
                  text run at (0,0) width 16: "23"
              RenderBlock (anonymous) at (2,20) size 109x36
                RenderText {#text} at (0,0) size 74x35
                  text run at (0,0) width 65: "Christmas"
                  text run at (0,18) width 74: "programme"
                LayoutBR {BR} at (73,32) size 1x0
          LayoutTableRow {TR} at (0,267) size 783x39
            LayoutTableCell {TD} at (0,267) size 111x39 [border: (1px solid #005A8C)] [r=5 c=0 rs=1 cs=1]
              RenderBlock {DIV} at (2,2) size 108x18
                RenderText {#text} at (0,0) size 16x17
                  text run at (0,0) width 16: "24"
              RenderBlock (anonymous) at (2,20) size 108x18
                LayoutBR {BR} at (0,0) size 0x17
            LayoutTableCell {TD} at (111,267) size 112x39 [border: (1px solid #005A8C)] [r=5 c=1 rs=1 cs=1]
              RenderBlock {DIV} at (2,2) size 109x18
                RenderText {#text} at (0,0) size 16x17
                  text run at (0,0) width 16: "25"
              RenderBlock (anonymous) at (2,20) size 109x18
                RenderText {#text} at (0,0) size 92x17
                  text run at (0,0) width 92: "Christmas day"
                LayoutBR {BR} at (91,14) size 1x0
            LayoutTableCell {TD} at (223,267) size 112x39 [border: (1px solid #005A8C)] [r=5 c=2 rs=1 cs=1]
              RenderBlock {DIV} at (2,2) size 109x18
                RenderText {#text} at (0,0) size 16x17
                  text run at (0,0) width 16: "26"
              RenderBlock (anonymous) at (2,20) size 109x18
                RenderText {#text} at (0,0) size 75x17
                  text run at (0,0) width 75: "Boxing day"
                LayoutBR {BR} at (74,14) size 1x0
            LayoutTableCell {TD} at (335,267) size 112x39 [border: (1px solid #005A8C)] [r=5 c=3 rs=1 cs=1]
              RenderBlock {DIV} at (2,2) size 109x18
                RenderText {#text} at (0,0) size 16x17
                  text run at (0,0) width 16: "27"
              RenderBlock (anonymous) at (2,20) size 109x18
                LayoutBR {BR} at (0,0) size 0x17
            LayoutTableCell {TD} at (447,267) size 112x39 [border: (1px solid #005A8C)] [r=5 c=4 rs=1 cs=1]
              RenderBlock {DIV} at (2,2) size 109x18
                RenderText {#text} at (0,0) size 16x17
                  text run at (0,0) width 16: "28"
              RenderBlock (anonymous) at (2,20) size 109x18
                LayoutBR {BR} at (0,0) size 0x17
            LayoutTableCell {TD} at (559,267) size 112x39 [border: (1px solid #005A8C)] [r=5 c=5 rs=1 cs=1]
              RenderBlock {DIV} at (2,2) size 109x18
                RenderText {#text} at (0,0) size 16x17
                  text run at (0,0) width 16: "29"
              RenderBlock {DIV} at (2,20) size 109x18
                RenderText {#text} at (0,0) size 29x17
                  text run at (0,0) width 29: "8:09"
            LayoutTableCell {TD} at (671,267) size 112x39 [border: (1px solid #005A8C)] [r=5 c=6 rs=1 cs=1]
              RenderBlock {DIV} at (2,2) size 109x18
                RenderText {#text} at (0,0) size 16x17
                  text run at (0,0) width 16: "30"
              RenderBlock (anonymous) at (2,20) size 109x18
                RenderText {#text} at (0,0) size 95x17
                  text run at (0,0) width 95: "David Holman"
                LayoutBR {BR} at (94,14) size 1x0
          LayoutTableRow {TR} at (0,306) size 783x39
            LayoutTableCell {TD} at (0,306) size 111x39 [border: (1px solid #005A8C)] [r=6 c=0 rs=1 cs=1]
              RenderBlock {DIV} at (2,2) size 108x18
                RenderText {#text} at (0,0) size 16x17
                  text run at (0,0) width 16: "31"
              RenderBlock (anonymous) at (2,20) size 108x18
                LayoutBR {BR} at (0,0) size 0x17
            LayoutTableCell {TD} at (111,306) size 672x3 [border: (1px solid #005A8C)] [r=6 c=1 rs=1 cs=6]
