layer at (0,0) size 800x600
  RenderView at (0,0) size 800x600
layer at (0,0) size 800x34
  RenderBlock {html} at (0,0) size 800x34
    RenderBody {body} at (8,8) size 784x18
      RenderBlock (anonymous) at (0,0) size 784x18
        RenderText {#text} at (0,0) size 30x18
          text run at (0,0) width 30: "Text"
      LayoutTable {table} at (0,18) size 0x0
      LayoutTable at (0,18) size 0x0
        LayoutTableCol {colgroup} at (0,0) size 0x0
