layer at (0,0) size 800x600
  RenderView at (0,0) size 800x600
layer at (0,0) size 800x450
  RenderBlock {HTML} at (0,0) size 800x450.44
    RenderBody {BODY} at (8,18.72) size 784x423.72
      RenderBlock {H3} at (0,0) size 784x22
        RenderText {#text} at (0,0) size 91x21
          text run at (0,0) width 91: "It passes if:"
      RenderBlock {UL} at (0,40.72) size 784x36
        RenderListItem {LI} at (40,0) size 744x18
          RenderListMarker at (-17,0) size 7x17: bullet
          RenderText {#text} at (0,0) size 304x17
            text run at (0,0) width 304: "the canvas element has a gradient mask applied"
        RenderListItem {LI} at (40,18) size 744x18
          RenderListMarker at (-17,0) size 7x17: bullet
          RenderText {#text} at (0,0) size 252x17
            text run at (0,0) width 252: "the canvas content has rounded corners"
      RenderBlock (anonymous) at (0,92.72) size 784x331
        RenderText {#text} at (0,0) size 0x0
        RenderText {#text} at (0,0) size 0x0
layer at (28,131) size 287x287 transparent
  LayoutHTMLCanvas {CANVAS} at (20,20) size 287x287 [bgcolor=#808080] [border: (5px solid #FF0000)]
