layer at (0,0) size 800x600
  RenderView at (0,0) size 800x600
layer at (0,0) size 800x600
  RenderBlock {HTML} at (0,0) size 800x600
    RenderBody {BODY} at (8,8) size 784x584
      RenderBlock {P} at (0,0) size 784x20
        RenderText {#text} at (0,0) size 498x19
          text run at (0,0) width 498: "The two divs below should be on the same line, since they are display: inline-block."
      RenderBlock {CENTER} at (0,36) size 784x24
        RenderBlock {DIV} at (88,0) size 304x24 [border: (2px solid #0000FF)]
          RenderText {#text} at (107,2) size 90x19
            text run at (107,2) width 90: "This is div one."
        RenderBlock {DIV} at (392,0) size 304x24 [border: (2px solid #0000FF)]
          RenderText {#text} at (106,2) size 92x19
            text run at (106,2) width 92: "This is div two."
        RenderText {#text} at (0,0) size 0x0
      RenderBlock {P} at (0,76) size 784x20
        RenderText {#text} at (0,0) size 617x19
          text run at (0,0) width 617: "The two divs below should be on separate lines, since they are wrapped in elements with width: 100%."
      RenderBlock (anonymous) at (0,112) size 784x56
        RenderBlock {BLOCK} at (0,0) size 788x28 [border: (2px solid #008000)]
          RenderBlock {DIV} at (2,2) size 304x24 [border: (2px solid #0000FF)]
            RenderText {#text} at (2,2) size 90x19
              text run at (2,2) width 90: "This is div one."
        RenderText {#text} at (0,0) size 0x0
        RenderBlock {BLOCK} at (0,28) size 788x28 [border: (2px solid #008000)]
          RenderBlock {DIV} at (2,2) size 304x24 [border: (2px solid #0000FF)]
            RenderText {#text} at (2,2) size 91x19
              text run at (2,2) width 91: "This is div two."
        RenderText {#text} at (0,0) size 0x0
