layer at (0,0) size 800x600
  RenderView at (0,0) size 800x600
layer at (0,0) size 800x600
  RenderBlock {HTML} at (0,0) size 800x600
    RenderBody {BODY} at (8,8) size 784x572.09
      RenderBlock (anonymous) at (0,0) size 784x86
        LayoutImage {IMG} at (0,0) size 132x86
        RenderText {#text} at (0,0) size 0x0
      RenderBlock {H2} at (0,105.91) size 784x0
      LayoutTable {TABLE} at (0,105.91) size 132x40
        LayoutTableSection {TBODY} at (0,0) size 132x40
          LayoutTableRow {TR} at (0,0) size 132x20
            LayoutTableCell {TD} at (0,0) size 132x20 [r=0 c=0 rs=1 cs=1]
              RenderText {#text} at (0,0) size 28x19
                text run at (0,0) width 28: "hello"
          LayoutTableRow {TR} at (0,20) size 132x20
            LayoutTableCell {TD} at (0,20) size 132x20 [r=1 c=0 rs=1 cs=1]
              RenderText {#text} at (0,0) size 53x19
                text run at (0,0) width 53: "goodbye"
