layer at (0,0) size 800x600
  RenderView at (0,0) size 800x600
layer at (0,0) size 800x600
  RenderBlock {HTML} at (0,0) size 800x600
    RenderBody {BODY} at (8,8) size 784x576
      RenderBlock {BLOCKQUOTE} at (40,0) size 704x115
        RenderBlock {CENTER} at (0,0) size 704x115
          LayoutTable {TABLE} at (297.50,0) size 109x80 [border: (2px none #808080)]
            LayoutTableSection {TBODY} at (2,2) size 104x75
              LayoutTableRow {TR} at (0,0) size 104x25
                LayoutTableCell {TD} at (0,0) size 37x25 [border: (3px groove #0000FF)] [r=0 c=0 rs=1 cs=1]
                  RenderText {#text} at (4,4) size 29x18
                    text run at (4,4) width 29: "EST"
                LayoutTableCell {TD} at (37,0) size 67x25 [border: (3px groove #0000FF)] [r=0 c=1 rs=1 cs=1]
                  RenderText {#text} at (4,4) size 60x18
                    text run at (4,4) width 60: "9:00 a.m."
              LayoutTableRow {TR} at (0,25) size 104x25
                LayoutTableCell {TD} at (0,25) size 37x25 [border: (3px groove #0000FF)] [r=1 c=0 rs=1 cs=1]
                  RenderText {#text} at (4,4) size 30x18
                    text run at (4,4) width 30: "CST"
                LayoutTableCell {TD} at (37,25) size 67x25 [border: (3px groove #0000FF)] [r=1 c=1 rs=1 cs=1]
                  RenderText {#text} at (4,4) size 60x18
                    text run at (4,4) width 60: "8:00 a.m."
              LayoutTableRow {TR} at (0,50) size 104x25
                LayoutTableCell {TD} at (0,50) size 37x25 [border: (3px groove #0000FF)] [r=2 c=0 rs=1 cs=1]
                  RenderText {#text} at (4,4) size 28x18
                    text run at (4,4) width 28: "PST"
                LayoutTableCell {TD} at (37,50) size 67x25 [border: (3px groove #0000FF)] [r=2 c=1 rs=1 cs=1]
                  RenderText {#text} at (4,4) size 60x18
                    text run at (4,4) width 60: "6:00 a.m."
          RenderBlock {P} at (0,96) size 704x19
            RenderButton {INPUT} at (289.47,1) size 61.56x18 [bgcolor=#C0C0C0]
              RenderBlock (anonymous) at (8,2) size 45.56x13
                RenderText {#text} at (0,0) size 46x13
                  text run at (0,0) width 46: "separate"
            RenderText {#text} at (351,0) size 5x18
              text run at (351,0) width 5: " "
            RenderButton {INPUT} at (355.03,1) size 59.48x18 [bgcolor=#C0C0C0]
              RenderBlock (anonymous) at (8,2) size 43.48x13
                RenderText {#text} at (0,0) size 44x13
                  text run at (0,0) width 44: "collapse"
