layer at (0,0) size 800x600
  RenderView at (0,0) size 800x600
layer at (0,0) size 800x384
  RenderBlock {test} at (0,0) size 800x384
    RenderBlock {p} at (0,16) size 800x18 [bgcolor=#00FF00]
      RenderText {#text} at (0,0) size 297x18
        text run at (0,0) width 297: "This paragraph should have green background"
    RenderBlock {address} at (0,50) size 800x18
      RenderText {#text} at (0,0) size 340x18
        text run at (0,0) width 340: "But this address is here only to fill space in the dom.."
    RenderBlock {p} at (0,84) size 800x18
      RenderText {#text} at (0,0) size 155x18
        text run at (0,0) width 155: "So does this paragraph !"
    RenderBlock {p} at (0,118) size 800x18
      RenderText {#text} at (0,0) size 162x18
        text run at (0,0) width 162: "And so does this one too."
    RenderBlock {dl} at (0,152) size 800x216
      RenderBlock {dt} at (0,0) size 800x18
        RenderText {#text} at (0,0) size 129x18
          text run at (0,0) width 129: "First definition term"
      RenderBlock {dd} at (40,18) size 760x18
        RenderText {#text} at (0,0) size 96x18
          text run at (0,0) width 96: "First definition"
      RenderBlock {dt} at (0,36) size 800x18
        RenderText {#text} at (0,0) size 147x18
          text run at (0,0) width 147: "Second definition term"
      RenderBlock {dd} at (40,54) size 760x18
        RenderText {#text} at (0,0) size 114x18
          text run at (0,0) width 114: "Second definition"
      RenderBlock {dt} at (0,72) size 800x18 [bgcolor=#00FF00]
        RenderText {#text} at (0,0) size 364x18
          text run at (0,0) width 364: "Third definition term that should have green background"
      RenderBlock {dd} at (40,90) size 760x18 [bgcolor=#00FF00]
        RenderText {#text} at (0,0) size 330x18
          text run at (0,0) width 330: "Third definition that should have green background"
      RenderBlock {dt} at (0,108) size 800x18
        RenderText {#text} at (0,0) size 143x18
          text run at (0,0) width 143: "Fourth definition term"
      RenderBlock {dd} at (40,126) size 760x18
        RenderText {#text} at (0,0) size 109x18
          text run at (0,0) width 109: "Fourth definition"
      RenderBlock {dt} at (0,144) size 800x18
        RenderText {#text} at (0,0) size 131x18
          text run at (0,0) width 131: "Fifth definition term"
      RenderBlock {dd} at (40,162) size 760x18
        RenderText {#text} at (0,0) size 98x18
          text run at (0,0) width 98: "Fifth definition"
      RenderBlock {dt} at (0,180) size 800x18 [bgcolor=#00FF00]
        RenderText {#text} at (0,0) size 362x18
          text run at (0,0) width 362: "Sixth definition term that should have green background"
      RenderBlock {dd} at (40,198) size 760x18 [bgcolor=#00FF00]
        RenderText {#text} at (0,0) size 328x18
          text run at (0,0) width 328: "Sixth definition that should have green background"
