layer at (0,0) size 800x600
  RenderView at (0,0) size 800x600
layer at (0,0) size 800x120
  RenderBlock {test} at (0,0) size 800x120
    RenderBlock {div} at (0,0) size 800x120
      RenderBlock {address} at (16,0) size 784x18 [bgcolor=#00FF00]
        RenderText {#text} at (0,0) size 336x18
          text run at (0,0) width 336: "A first address that should have a green background"
      RenderBlock {address} at (16,34) size 784x18 [bgcolor=#00FF00]
        RenderText {#text} at (0,0) size 355x18
          text run at (0,0) width 355: "A second address that should have a green background"
      RenderBlock {address} at (16,68) size 784x18
        RenderText {#text} at (0,0) size 261x18
          text run at (0,0) width 261: "A third address with normal background"
      RenderBlock (anonymous) at (0,102) size 800x18
        RenderText {#text} at (0,0) size 295x18
          text run at (0,0) width 295: "This div should have three addresses above it."
