layer at (0,0) size 800x600 scrollWidth 903
  RenderView at (0,0) size 800x600
layer at (0,0) size 800x600
  RenderBlock {HTML} at (0,0) size 800x600
    RenderBody {BODY} at (8,8) size 800x584
      RenderBlock {DIV} at (0,0) size 800x0
      RenderBlock {DIV} at (0,0) size 800x0
      RenderBlock {DIV} at (0,0) size 800x0
      RenderBlock {DIV} at (0,0) size 800x0
      RenderBlock {DIV} at (0,0) size 800x0
      RenderBlock {DIV} at (0,0) size 800x0
      RenderBlock {DIV} at (0,0) size 800x0
      RenderBlock {DIV} at (0,0) size 800x0
layer at (159,562) size 249x28
  RenderBlock (positioned) {FONT} at (159.31,562) size 248.69x28
    RenderText {#text} at (0,0) size 249x28
      text run at (0,0) width 249: "RTL-Center-Aligned"
layer at (-87,466) size 95x84 backgroundClip at (0,0) size 800x600 clip at (0,0) size 800x600 outlineClip at (0,0) size 800x600
  RenderBlock (positioned) {FONT} at (-86.59,466) size 94.59x84
    RenderText {#text} at (0,0) size 95x84
      text run at (0,0) width 62: "RTL-"
      text run at (0,28) width 63: "Left-"
      text run at (0,56) width 95: "Aligned"
layer at (575,472) size 233x28 backgroundClip at (0,0) size 800x600 clip at (0,0) size 800x600 outlineClip at (0,0) size 800x600
  RenderBlock (positioned) {FONT} at (575.48,472) size 232.52x28
    RenderText {#text} at (0,0) size 233x28
      text run at (0,0) width 233: "RTL-Right-Aligned"
layer at (608,422) size 200x28 backgroundClip at (0,0) size 800x600 clip at (0,0) size 800x600 outlineClip at (0,0) size 800x600
  RenderBlock (positioned) {FONT} at (608.48,422) size 199.52x28
    RenderText {#text} at (0,0) size 200x28
      text run at (0,0) width 200: "RTL-No-Aligned"
layer at (408,372) size 249x28
  RenderBlock (positioned) {FONT} at (408,372) size 248.69x28
    RenderText {#text} at (0,0) size 249x28
      text run at (0,0) width 249: "LTR-Center-Aligned"
layer at (8,322) size 219x28
  RenderBlock (positioned) {FONT} at (8,322) size 218.80x28
    RenderText {#text} at (0,0) size 219x28
      text run at (0,0) width 219: "LTR-Left-Aligned"
layer at (808,216) size 95x84 backgroundClip at (0,0) size 800x600 clip at (0,0) size 800x600 outlineClip at (0,0) size 800x600
  RenderBlock (positioned) {FONT} at (808,216) size 94.59x84
    RenderText {#text} at (33,0) size 95x84
      text run at (33,0) width 62: "LTR-"
      text run at (17,28) width 78: "Right-"
      text run at (0,56) width 95: "Aligned"
layer at (8,222) size 200x28
  RenderBlock (positioned) {FONT} at (8,222) size 199.52x28
    RenderText {#text} at (0,0) size 200x28
      text run at (0,0) width 200: "LTR-No-Aligned"
