layer at (0,0) size 800x600
  RenderView at (0,0) size 800x600
layer at (0,0) size 800x312
  RenderBlock {HTML} at (0,0) size 800x312
    RenderBody {BODY} at (8,16) size 784x288
      RenderBlock {P} at (0,0) size 784x18
        RenderInline {A} at (0,0) size 85x17 [color=#0000EE]
          RenderText {#text} at (0,0) size 85x17
            text run at (0,0) width 85: "Issue 449638"
        RenderText {#text} at (84,0) size 669x17
          text run at (84,0) width 669: " - [CSS Masking][CSS Shapes] Large corner radii use with inset() clip-path are not properly constrained"
      RenderBlock {P} at (0,34) size 784x36
        RenderText {#text} at (0,0) size 770x35
          text run at (0,0) width 770: "The radii for this inset should be constrained in the same way that border-radii are constrained. If this happens correctly,"
          text run at (0,18) width 188: "you should see a blue ellipse."
      RenderBlock {P} at (0,86) size 784x36
        RenderText {#text} at (0,0) size 770x35
          text run at (0,0) width 770: "NOTE: we should have a reftest but currently comparing this clip-path with a border-radius expectation will show small"
          text run at (0,18) width 223: "pixel differences around the curve."
layer at (8,154) size 200x150
  RenderBlock {DIV} at (0,138) size 200x150 [bgcolor=#0000FF]
