layer at (0,0) size 800x600
  RenderView at (0,0) size 800x600
layer at (0,0) size 800x600
  RenderBlock {HTML} at (0,0) size 800x600
    RenderBody {BODY} at (8,8) size 784x576
      RenderBlock {FORM} at (0,0) size 784x56
        RenderBlock (anonymous) at (0,0) size 784x56
          RenderBlock {INPUT} at (2.91,4) size 12x12
          RenderInline {B} at (0,0) size 77x18
            RenderText {#text} at (17,0) size 77x18
              text run at (17,0) width 77: "Attach File"
          LayoutBR {BR} at (93,14) size 1x0
          LayoutBR {BR} at (0,19) size 0x18
          RenderText {#text} at (0,37) size 89x18
            text run at (0,37) width 89: "  Select File:  "
          RenderFileUploadControl {INPUT} at (88.42,38) size 237x18 "No file chosen" [color=#545454]
            RenderButton {INPUT} at (0,0) size 77.56x18 [color=#7F7F7F] [bgcolor=#C0C0C0]
              RenderBlock (anonymous) at (8,2) size 61.56x13
                RenderText {#text} at (0,0) size 62x13
                  text run at (0,0) width 62: "Choose File"
          LayoutBR {BR} at (325,51) size 1x0
        LayoutTable {TABLE} at (0,56) size 0x0
