layer at (0,0) size 800x600 clip at (0,0) size 785x600 scrollHeight 1808
  RenderView at (0,0) size 800x600
layer at (0,0) size 785x1808 backgroundClip at (0,0) size 785x600 clip at (0,0) size 785x600 outlineClip at (0,0) size 785x600
  RenderBlock {HTML} at (0,0) size 785x1808
    RenderBody {BODY} at (8,8) size 769x1784
      RenderBlock {UL} at (0,0) size 189.50x134 [border: (1px solid #0000FF)]
        RenderListItem {LI} at (41,1) size 147.50x38 [border: (5px solid #FFA500)]
          RenderListMarker at (-17,10) size 7x18: bullet
          RenderText {#text} at (10,10) size 62x18
            text run at (10,10) width 62: "First item"
        RenderListItem {LI} at (41,39) size 147.50x56 [border: (5px solid #FFA500)]
          RenderListMarker at (-17,10) size 7x18: bullet
          RenderText {#text} at (10,10) size 107x36
            text run at (10,10) width 107: "Second and very"
            text run at (10,28) width 94: "very long item"
        RenderListItem {LI} at (41,95) size 147.50x38 [border: (5px solid #FFA500)]
          RenderListMarker at (-17,10) size 7x18: bullet
          RenderText {#text} at (10,10) size 68x18
            text run at (10,10) width 68: "Third item"
      RenderBlock {UL} at (0,150) size 189.50x134 [border: (1px solid #FF0000)]
        RenderListItem {LI} at (1,1) size 147.50x38 [border: (5px solid #FFA500)]
          RenderListMarker at (157.50,10) size 7x18: bullet
          RenderText {#text} at (75,10) size 63x18
            text run at (75,10) width 63: "First item"
        RenderListItem {LI} at (1,39) size 147.50x56 [border: (5px solid #FFA500)]
          RenderListMarker at (157.50,10) size 7x18: bullet
          RenderText {#text} at (30,10) size 108x36
            text run at (30,10) width 108: "Second and very"
            text run at (44,28) width 94: "very long item"
        RenderListItem {LI} at (1,95) size 147.50x38 [border: (5px solid #FFA500)]
          RenderListMarker at (157.50,10) size 7x18: bullet
          RenderText {#text} at (69,10) size 69x18
            text run at (69,10) width 69: "Third item"
      RenderBlock {UL} at (0,300) size 189.50x134 [border: (1px solid #0000FF)]
        RenderListItem {LI} at (41,1) size 147.50x38 [border: (5px solid #FFA500)]
          RenderListMarker at (9,10) size 7x18: bullet
          RenderText {#text} at (24,10) size 62x18
            text run at (24,10) width 62: "First item"
        RenderListItem {LI} at (41,39) size 147.50x56 [border: (5px solid #FFA500)]
          RenderListMarker at (9,10) size 7x18: bullet
          RenderText {#text} at (24,10) size 121x36
            text run at (24,10) width 107: "Second and very"
            text run at (10,28) width 94: "very long item"
        RenderListItem {LI} at (41,95) size 147.50x38 [border: (5px solid #FFA500)]
          RenderListMarker at (9,10) size 7x18: bullet
          RenderText {#text} at (24,10) size 68x18
            text run at (24,10) width 68: "Third item"
      RenderBlock {UL} at (0,450) size 189.50x134 [border: (1px solid #FF0000)]
        RenderListItem {LI} at (1,1) size 147.50x38 [border: (5px solid #FFA500)]
          RenderListMarker at (131.50,10) size 7x18: bullet
          RenderText {#text} at (61,10) size 63x18
            text run at (61,10) width 63: "First item"
        RenderListItem {LI} at (1,39) size 147.50x56 [border: (5px solid #FFA500)]
          RenderListMarker at (131.50,10) size 7x18: bullet
          RenderText {#text} at (16,10) size 122x36
            text run at (16,10) width 108: "Second and very"
            text run at (44,28) width 94: "very long item"
        RenderListItem {LI} at (1,95) size 147.50x38 [border: (5px solid #FFA500)]
          RenderListMarker at (131.50,10) size 7x18: bullet
          RenderText {#text} at (55,10) size 69x18
            text run at (55,10) width 69: "Third item"
      RenderBlock {UL} at (0,600) size 189.50x134 [border: (1px solid #0000FF)]
        RenderListItem {LI} at (41,1) size 147.50x38 [border: (5px solid #FFA500)]
          RenderListMarker at (-17,14) size 10x10
          RenderText {#text} at (10,10) size 62x18
            text run at (10,10) width 62: "First item"
        RenderListItem {LI} at (41,39) size 147.50x56 [border: (5px solid #FFA500)]
          RenderListMarker at (-17,14) size 10x10
          RenderText {#text} at (10,10) size 107x36
            text run at (10,10) width 107: "Second and very"
            text run at (10,28) width 94: "very long item"
        RenderListItem {LI} at (41,95) size 147.50x38 [border: (5px solid #FFA500)]
          RenderListMarker at (-17,14) size 10x10
          RenderText {#text} at (10,10) size 68x18
            text run at (10,10) width 68: "Third item"
      RenderBlock {UL} at (0,750) size 189.50x134 [border: (1px solid #FF0000)]
        RenderListItem {LI} at (1,1) size 147.50x38 [border: (5px solid #FFA500)]
          RenderListMarker at (154.50,14) size 10x10
          RenderText {#text} at (75,10) size 63x18
            text run at (75,10) width 63: "First item"
        RenderListItem {LI} at (1,39) size 147.50x56 [border: (5px solid #FFA500)]
          RenderListMarker at (154.50,14) size 10x10
          RenderText {#text} at (30,10) size 108x36
            text run at (30,10) width 108: "Second and very"
            text run at (44,28) width 94: "very long item"
        RenderListItem {LI} at (1,95) size 147.50x38 [border: (5px solid #FFA500)]
          RenderListMarker at (154.50,14) size 10x10
          RenderText {#text} at (69,10) size 69x18
            text run at (69,10) width 69: "Third item"
      RenderBlock {UL} at (0,900) size 189.50x134 [border: (1px solid #0000FF)]
        RenderListItem {LI} at (41,1) size 147.50x38 [border: (5px solid #FFA500)]
          RenderListMarker at (10,14) size 10x10
          RenderText {#text} at (27,10) size 62x18
            text run at (27,10) width 62: "First item"
        RenderListItem {LI} at (41,39) size 147.50x56 [border: (5px solid #FFA500)]
          RenderListMarker at (10,14) size 10x10
          RenderText {#text} at (27,10) size 124x36
            text run at (27,10) width 107: "Second and very"
            text run at (10,28) width 94: "very long item"
        RenderListItem {LI} at (41,95) size 147.50x38 [border: (5px solid #FFA500)]
          RenderListMarker at (10,14) size 10x10
          RenderText {#text} at (27,10) size 68x18
            text run at (27,10) width 68: "Third item"
      RenderBlock {UL} at (0,1050) size 189.50x134 [border: (1px solid #FF0000)]
        RenderListItem {LI} at (1,1) size 147.50x38 [border: (5px solid #FFA500)]
          RenderListMarker at (127.50,14) size 10x10
          RenderText {#text} at (58,10) size 63x18
            text run at (58,10) width 63: "First item"
        RenderListItem {LI} at (1,39) size 147.50x56 [border: (5px solid #FFA500)]
          RenderListMarker at (127.50,14) size 10x10
          RenderText {#text} at (13,10) size 125x36
            text run at (13,10) width 108: "Second and very"
            text run at (44,28) width 94: "very long item"
        RenderListItem {LI} at (1,95) size 147.50x38 [border: (5px solid #FFA500)]
          RenderListMarker at (127.50,14) size 10x10
          RenderText {#text} at (52,10) size 69x18
            text run at (52,10) width 69: "Third item"
      RenderBlock {OL} at (0,1200) size 189.50x134 [border: (1px solid #0000FF)]
        RenderListItem {LI} at (41,1) size 147.50x38 [border: (5px solid #FFA500)]
          RenderListMarker at (-20,10) size 16x18: "1"
          RenderText {#text} at (10,10) size 62x18
            text run at (10,10) width 62: "First item"
        RenderListItem {LI} at (41,39) size 147.50x56 [border: (5px solid #FFA500)]
          RenderListMarker at (-20,10) size 16x18: "2"
          RenderText {#text} at (10,10) size 107x36
            text run at (10,10) width 107: "Second and very"
            text run at (10,28) width 94: "very long item"
        RenderListItem {LI} at (41,95) size 147.50x38 [border: (5px solid #FFA500)]
          RenderListMarker at (-20,10) size 16x18: "3"
          RenderText {#text} at (10,10) size 68x18
            text run at (10,10) width 68: "Third item"
      RenderBlock {OL} at (0,1350) size 189.50x134 [border: (1px solid #FF0000)]
        RenderListItem {LI} at (1,1) size 147.50x38 [border: (5px solid #FFA500)]
          RenderListMarker at (151.50,10) size 16x18: "1"
          RenderText {#text} at (75,10) size 63x18
            text run at (75,10) width 63: "First item"
        RenderListItem {LI} at (1,39) size 147.50x56 [border: (5px solid #FFA500)]
          RenderListMarker at (151.50,10) size 16x18: "2"
          RenderText {#text} at (30,10) size 108x36
            text run at (30,10) width 108: "Second and very"
            text run at (44,28) width 94: "very long item"
        RenderListItem {LI} at (1,95) size 147.50x38 [border: (5px solid #FFA500)]
          RenderListMarker at (151.50,10) size 16x18: "3"
          RenderText {#text} at (69,10) size 69x18
            text run at (69,10) width 69: "Third item"
      RenderBlock {OL} at (0,1500) size 189.50x134 [border: (1px solid #0000FF)]
        RenderListItem {LI} at (41,1) size 147.50x38 [border: (5px solid #FFA500)]
          RenderListMarker at (10,10) size 16x18: "1"
          RenderText {#text} at (26,10) size 62x18
            text run at (26,10) width 62: "First item"
        RenderListItem {LI} at (41,39) size 147.50x56 [border: (5px solid #FFA500)]
          RenderListMarker at (10,10) size 16x18: "2"
          RenderText {#text} at (26,10) size 123x36
            text run at (26,10) width 107: "Second and very"
            text run at (10,28) width 94: "very long item"
        RenderListItem {LI} at (41,95) size 147.50x38 [border: (5px solid #FFA500)]
          RenderListMarker at (10,10) size 16x18: "3"
          RenderText {#text} at (26,10) size 68x18
            text run at (26,10) width 68: "Third item"
      RenderBlock {OL} at (0,1650) size 189.50x134 [border: (1px solid #FF0000)]
        RenderListItem {LI} at (1,1) size 147.50x38 [border: (5px solid #FFA500)]
          RenderListMarker at (121.50,10) size 16x18: "1"
          RenderText {#text} at (59,10) size 63x18
            text run at (59,10) width 63: "First item"
        RenderListItem {LI} at (1,39) size 147.50x56 [border: (5px solid #FFA500)]
          RenderListMarker at (121.50,10) size 16x18: "2"
          RenderText {#text} at (14,10) size 124x36
            text run at (14,10) width 108: "Second and very"
            text run at (44,28) width 94: "very long item"
        RenderListItem {LI} at (1,95) size 147.50x38 [border: (5px solid #FFA500)]
          RenderListMarker at (121.50,10) size 16x18: "3"
          RenderText {#text} at (53,10) size 69x18
            text run at (53,10) width 69: "Third item"
