layer at (0,0) size 800x600 scrollWidth 1808
  RenderView at (0,0) size 800x600
layer at (0,0) size 1808x600 backgroundClip at (0,0) size 800x600 clip at (0,0) size 800x600 outlineClip at (0,0) size 800x600
  RenderBlock {HTML} at (0,0) size 1808x600
    RenderBody {BODY} at (8,8) size 1784x584
      RenderBlock {UL} at (0,0) size 134x189.50 [border: (1px solid #0000FF)]
        RenderListItem {LI} at (1,41) size 38x147.50 [border: (5px solid #FFA500)]
          RenderListMarker at (10,-17) size 18x7: bullet
          RenderText {#text} at (10,10) size 18x62
            text run at (10,10) width 62: "First item"
        RenderListItem {LI} at (39,41) size 56x147.50 [border: (5px solid #FFA500)]
          RenderListMarker at (10,-17) size 18x7: bullet
          RenderText {#text} at (10,10) size 36x107
            text run at (10,10) width 107: "Second and very"
            text run at (28,10) width 94: "very long item"
        RenderListItem {LI} at (95,41) size 38x147.50 [border: (5px solid #FFA500)]
          RenderListMarker at (10,-17) size 18x7: bullet
          RenderText {#text} at (10,10) size 18x68
            text run at (10,10) width 68: "Third item"
      RenderBlock {UL} at (150,0) size 134x189.50 [border: (1px solid #FF0000)]
        RenderListItem {LI} at (1,1) size 38x147.50 [border: (5px solid #FFA500)]
          RenderListMarker at (10,157.50) size 18x7: bullet
          RenderText {#text} at (10,75) size 18x63
            text run at (10,75) width 62: "First item"
        RenderListItem {LI} at (39,1) size 56x147.50 [border: (5px solid #FFA500)]
          RenderListMarker at (10,157.50) size 18x7: bullet
          RenderText {#text} at (10,30) size 36x108
            text run at (10,30) width 107: "Second and very"
            text run at (28,44) width 94: "very long item"
        RenderListItem {LI} at (95,1) size 38x147.50 [border: (5px solid #FFA500)]
          RenderListMarker at (10,157.50) size 18x7: bullet
          RenderText {#text} at (10,69) size 18x69
            text run at (10,69) width 68: "Third item"
      RenderBlock {UL} at (300,0) size 134x189.50 [border: (1px solid #0000FF)]
        RenderListItem {LI} at (1,41) size 38x147.50 [border: (5px solid #FFA500)]
          RenderListMarker at (10,9) size 18x7: bullet
          RenderText {#text} at (10,24) size 18x62
            text run at (10,24) width 62: "First item"
        RenderListItem {LI} at (39,41) size 56x147.50 [border: (5px solid #FFA500)]
          RenderListMarker at (10,9) size 18x7: bullet
          RenderText {#text} at (10,24) size 36x121
            text run at (10,24) width 107: "Second and very"
            text run at (28,10) width 94: "very long item"
        RenderListItem {LI} at (95,41) size 38x147.50 [border: (5px solid #FFA500)]
          RenderListMarker at (10,9) size 18x7: bullet
          RenderText {#text} at (10,24) size 18x68
            text run at (10,24) width 68: "Third item"
      RenderBlock {UL} at (450,0) size 134x189.50 [border: (1px solid #FF0000)]
        RenderListItem {LI} at (1,1) size 38x147.50 [border: (5px solid #FFA500)]
          RenderListMarker at (10,131.50) size 18x7: bullet
          RenderText {#text} at (10,61) size 18x63
            text run at (10,61) width 62: "First item"
        RenderListItem {LI} at (39,1) size 56x147.50 [border: (5px solid #FFA500)]
          RenderListMarker at (10,131.50) size 18x7: bullet
          RenderText {#text} at (10,16) size 36x122
            text run at (10,16) width 107: "Second and very"
            text run at (28,44) width 94: "very long item"
        RenderListItem {LI} at (95,1) size 38x147.50 [border: (5px solid #FFA500)]
          RenderListMarker at (10,131.50) size 18x7: bullet
          RenderText {#text} at (10,55) size 18x69
            text run at (10,55) width 68: "Third item"
      RenderBlock {UL} at (600,0) size 134x189.50 [border: (1px solid #0000FF)]
        RenderListItem {LI} at (1,41) size 38x147.50 [border: (5px solid #FFA500)]
          RenderListMarker at (14,-17) size 10x10
          RenderText {#text} at (10,10) size 18x62
            text run at (10,10) width 62: "First item"
        RenderListItem {LI} at (39,41) size 56x147.50 [border: (5px solid #FFA500)]
          RenderListMarker at (14,-17) size 10x10
          RenderText {#text} at (10,10) size 36x107
            text run at (10,10) width 107: "Second and very"
            text run at (28,10) width 94: "very long item"
        RenderListItem {LI} at (95,41) size 38x147.50 [border: (5px solid #FFA500)]
          RenderListMarker at (14,-17) size 10x10
          RenderText {#text} at (10,10) size 18x68
            text run at (10,10) width 68: "Third item"
      RenderBlock {UL} at (750,0) size 134x189.50 [border: (1px solid #FF0000)]
        RenderListItem {LI} at (1,1) size 38x147.50 [border: (5px solid #FFA500)]
          RenderListMarker at (14,154.50) size 10x10
          RenderText {#text} at (10,75) size 18x63
            text run at (10,75) width 62: "First item"
        RenderListItem {LI} at (39,1) size 56x147.50 [border: (5px solid #FFA500)]
          RenderListMarker at (14,154.50) size 10x10
          RenderText {#text} at (10,30) size 36x108
            text run at (10,30) width 107: "Second and very"
            text run at (28,44) width 94: "very long item"
        RenderListItem {LI} at (95,1) size 38x147.50 [border: (5px solid #FFA500)]
          RenderListMarker at (14,154.50) size 10x10
          RenderText {#text} at (10,69) size 18x69
            text run at (10,69) width 68: "Third item"
      RenderBlock {UL} at (900,0) size 134x189.50 [border: (1px solid #0000FF)]
        RenderListItem {LI} at (1,41) size 38x147.50 [border: (5px solid #FFA500)]
          RenderListMarker at (14,10) size 10x10
          RenderText {#text} at (10,27) size 18x62
            text run at (10,27) width 62: "First item"
        RenderListItem {LI} at (39,41) size 56x147.50 [border: (5px solid #FFA500)]
          RenderListMarker at (14,10) size 10x10
          RenderText {#text} at (10,27) size 36x124
            text run at (10,27) width 107: "Second and very"
            text run at (28,10) width 94: "very long item"
        RenderListItem {LI} at (95,41) size 38x147.50 [border: (5px solid #FFA500)]
          RenderListMarker at (14,10) size 10x10
          RenderText {#text} at (10,27) size 18x68
            text run at (10,27) width 68: "Third item"
      RenderBlock {UL} at (1050,0) size 134x189.50 [border: (1px solid #FF0000)]
        RenderListItem {LI} at (1,1) size 38x147.50 [border: (5px solid #FFA500)]
          RenderListMarker at (14,127.50) size 10x10
          RenderText {#text} at (10,58) size 18x63
            text run at (10,58) width 62: "First item"
        RenderListItem {LI} at (39,1) size 56x147.50 [border: (5px solid #FFA500)]
          RenderListMarker at (14,127.50) size 10x10
          RenderText {#text} at (10,13) size 36x125
            text run at (10,13) width 107: "Second and very"
            text run at (28,44) width 94: "very long item"
        RenderListItem {LI} at (95,1) size 38x147.50 [border: (5px solid #FFA500)]
          RenderListMarker at (14,127.50) size 10x10
          RenderText {#text} at (10,52) size 18x69
            text run at (10,52) width 68: "Third item"
      RenderBlock {OL} at (1200,0) size 134x189.50 [border: (1px solid #0000FF)]
        RenderListItem {LI} at (1,41) size 38x147.50 [border: (5px solid #FFA500)]
          RenderListMarker at (10,-20) size 18x16: "1"
          RenderText {#text} at (10,10) size 18x62
            text run at (10,10) width 62: "First item"
        RenderListItem {LI} at (39,41) size 56x147.50 [border: (5px solid #FFA500)]
          RenderListMarker at (10,-20) size 18x16: "2"
          RenderText {#text} at (10,10) size 36x107
            text run at (10,10) width 107: "Second and very"
            text run at (28,10) width 94: "very long item"
        RenderListItem {LI} at (95,41) size 38x147.50 [border: (5px solid #FFA500)]
          RenderListMarker at (10,-20) size 18x16: "3"
          RenderText {#text} at (10,10) size 18x68
            text run at (10,10) width 68: "Third item"
      RenderBlock {OL} at (1350,0) size 134x189.50 [border: (1px solid #FF0000)]
        RenderListItem {LI} at (1,1) size 38x147.50 [border: (5px solid #FFA500)]
          RenderListMarker at (10,151.50) size 18x16: "1"
          RenderText {#text} at (10,75) size 18x63
            text run at (10,75) width 62: "First item"
        RenderListItem {LI} at (39,1) size 56x147.50 [border: (5px solid #FFA500)]
          RenderListMarker at (10,151.50) size 18x16: "2"
          RenderText {#text} at (10,30) size 36x108
            text run at (10,30) width 107: "Second and very"
            text run at (28,44) width 94: "very long item"
        RenderListItem {LI} at (95,1) size 38x147.50 [border: (5px solid #FFA500)]
          RenderListMarker at (10,151.50) size 18x16: "3"
          RenderText {#text} at (10,69) size 18x69
            text run at (10,69) width 68: "Third item"
      RenderBlock {OL} at (1500,0) size 134x189.50 [border: (1px solid #0000FF)]
        RenderListItem {LI} at (1,41) size 38x147.50 [border: (5px solid #FFA500)]
          RenderListMarker at (10,10) size 18x16: "1"
          RenderText {#text} at (10,26) size 18x62
            text run at (10,26) width 62: "First item"
        RenderListItem {LI} at (39,41) size 56x147.50 [border: (5px solid #FFA500)]
          RenderListMarker at (10,10) size 18x16: "2"
          RenderText {#text} at (10,26) size 36x123
            text run at (10,26) width 107: "Second and very"
            text run at (28,10) width 94: "very long item"
        RenderListItem {LI} at (95,41) size 38x147.50 [border: (5px solid #FFA500)]
          RenderListMarker at (10,10) size 18x16: "3"
          RenderText {#text} at (10,26) size 18x68
            text run at (10,26) width 68: "Third item"
      RenderBlock {OL} at (1650,0) size 134x189.50 [border: (1px solid #FF0000)]
        RenderListItem {LI} at (1,1) size 38x147.50 [border: (5px solid #FFA500)]
          RenderListMarker at (10,121.50) size 18x16: "1"
          RenderText {#text} at (10,59) size 18x63
            text run at (10,59) width 62: "First item"
        RenderListItem {LI} at (39,1) size 56x147.50 [border: (5px solid #FFA500)]
          RenderListMarker at (10,121.50) size 18x16: "2"
          RenderText {#text} at (10,14) size 36x124
            text run at (10,14) width 107: "Second and very"
            text run at (28,44) width 94: "very long item"
        RenderListItem {LI} at (95,1) size 38x147.50 [border: (5px solid #FFA500)]
          RenderListMarker at (10,121.50) size 18x16: "3"
          RenderText {#text} at (10,53) size 18x69
            text run at (10,53) width 68: "Third item"
