layer at (0,0) size 800x600
  RenderView at (0,0) size 800x600
layer at (0,0) size 800x135
  RenderBlock {html} at (0,0) size 800x135
    RenderBody {body} at (8,16) size 784x111
      RenderBlock {p} at (0,0) size 784x18 [bgcolor=#00FF00]
        RenderText {#text} at (0,0) size 272x18
          text run at (0,0) width 272: "This line should have a green background."
      RenderBlock {p} at (0,34) size 784x37 [bgcolor=#00FF00]
        RenderText {#text} at (0,0) size 705x18
          text run at (0,0) width 705: "UAs may render the following element as a pop up menu. If so, please ensure the menu is unstyled (or green)."
        RenderMenuList {select} at (0,19) size 100x18 [border: (1px solid #A6A6A6)]
          RenderBlock (anonymous) at (1,1) size 98x16
            RenderText at (8,1) size 63x13
              text run at (8,1) width 63: "This should"
        RenderText {#text} at (0,0) size 0x0
      LayoutTable {table} at (0,87) size 438x24 [bgcolor=#00FF00]
        LayoutTableSection (anonymous) at (0,0) size 438x24
          LayoutTableRow {tr} at (0,2) size 438x20
            LayoutTableCell {td} at (2,2) size 434x20 [r=0 c=0 rs=1 cs=1]
              RenderText {#text} at (1,1) size 432x18
                text run at (1,1) width 432: "This line should have a green background (or it might be unstyled)."
