layer at (0,0) size 800x600
  RenderView at (0,0) size 800x600
layer at (0,0) size 800x58
  RenderBlock {html} at (0,0) size 800x58
    RenderBody {body} at (8,8) size 784x42
      LayoutTable {table} at (0,0) size 83x24
        LayoutTableSection (anonymous) at (0,0) size 83x24
          LayoutTableRow {tr} at (0,2) size 83x20
            LayoutTableCell {td} at (2,2) size 79x20 [r=0 c=0 rs=1 cs=1]
              RenderText {#text} at (1,1) size 77x17
                text run at (1,1) width 77: "Hello world"
      RenderBlock (anonymous) at (0,24) size 784x18
        RenderText {#text} at (0,0) size 219x17
          text run at (0,0) width 219: "Hello also? Why isn't this visible?"
