layer at (0,0) size 800x600
  RenderView at (0,0) size 800x600
layer at (0,0) size 800x206
  RenderBlock {HTML} at (0,0) size 800x206
    RenderBody {BODY} at (8,16) size 784x174
      LayoutTable {TABLE} at (16,0) size 60x88 [border: (3px solid #FF0000)]
        LayoutTableSection {TBODY} at (3,3) size 54x82
          LayoutTableRow {TR} at (0,2) size 50x82
            LayoutTableCell {TD} at (2,2) size 50x78 [r=0 c=0 rs=1 cs=1]
              LayoutTable {TABLE} at (1,1) size 24x74 [color=#FFFFFF] [bgcolor=#800080]
                LayoutTableSection {TBODY} at (0,0) size 24x74
                  LayoutTableRow {TR} at (0,2) size 20x74
                    LayoutTableCell {TD} at (2,2) size 20x70 [r=0 c=0 rs=1 cs=1]
                      RenderText {#text} at (1,1) size 17x68
                        text run at (1,1) width 68: "Table One"
              LayoutTable {TABLE} at (25,1) size 24x76 [color=#FFFFFF] [bgcolor=#800080]
                LayoutTableSection {TBODY} at (0,0) size 24x76
                  LayoutTableRow {TR} at (0,2) size 20x76
                    LayoutTableCell {TD} at (2,2) size 20x72 [r=0 c=0 rs=1 cs=1]
                      RenderText {#text} at (1,1) size 17x70
                        text run at (1,1) width 70: "Table Two"
      LayoutTable {TABLE} at (16,104) size 48x70 [border: (3px solid #FF0000)]
        LayoutTableSection {TBODY} at (3,3) size 42x64
          LayoutTableRow {TR} at (0,2) size 38x64
            LayoutTableCell {TD} at (2,2) size 38x60 [r=0 c=0 rs=1 cs=1]
              RenderBlock {DIV} at (1,1) size 18x58 [color=#FFFFFF] [bgcolor=#800080]
                RenderText {#text} at (0,0) size 17x55
                  text run at (0,0) width 55: "Div One"
              RenderBlock {DIV} at (19,1) size 18x58 [color=#FFFFFF] [bgcolor=#800080]
                RenderText {#text} at (0,0) size 17x58
                  text run at (0,0) width 58: "Div Two"
