layer at (0,0) size 800x600 scrollWidth 805 scrollHeight 1301
  RenderView at (0,0) size 800x600
layer at (0,0) size 800x1301 backgroundClip at (0,0) size 800x600 clip at (0,0) size 800x600 outlineClip at (0,0) size 800x600
  RenderBlock {HTML} at (0,0) size 800x1301
    RenderBody {BODY} at (8,8) size 784x1285
      RenderBlock {SECTION} at (0,0) size 797.42x1269
        RenderBlock {H1} at (0,0) size 797.42x28
          RenderText {#text} at (0,0) size 283x28
            text run at (0,0) width 283: "Font Size Scaling Pixel Test"
        RenderBlock {P} at (0,32) size 797.42x18
          RenderText {#text} at (0,0) size 768x18
            text run at (0,0) width 251: "Size of the text should scale smoothly. "
            text run at (250,0) width 518: "Reported width should be within 0.01px of that of the highlighted reference row."
        RenderBlock {DIV} at (0,54) size 797.42x1215
          RenderBlock {DIV} at (0,0) size 797.42x13 [border: none (1px solid #000000) none]
            RenderBlock {DIV} at (0,0) size 67.97x12
              RenderText {#text} at (20,0) size 43x12
                text run at (20,0) width 43: "Font Size"
            RenderBlock {DIV} at (67.97,0) size 67.97x12
              RenderText {#text} at (37,0) size 26x12
                text run at (37,0) width 26: "Width"
            RenderBlock {DIV} at (135.94,0) size 67.97x12
              RenderText {#text} at (12,0) size 51x12
                text run at (12,0) width 51: "Normalized"
            RenderBlock {DIV} at (203.91,0) size 67.97x12
              RenderText {#text} at (47,0) size 16x12
                text run at (47,0) width 16: "Diff"
            RenderInline {SPAN} at (0,0) size 36x12
              RenderText {#text} at (271,0) size 36x12
                text run at (271,0) width 36: "Content"
          RenderBlock {DIV} at (0,13) size 797.42x12
            RenderBlock {DIV} at (0,0) size 67.97x12
              RenderText {#text} at (37,0) size 26x12
                text run at (37,0) width 26: "10.00"
            RenderBlock {DIV} at (67.97,0) size 67.97x12
              RenderText {#text} at (32,0) size 31x12
                text run at (32,0) width 31: "212.34"
            RenderBlock {DIV} at (135.94,0) size 67.97x12
              RenderText {#text} at (32,0) size 31x12
                text run at (32,0) width 31: "254.81"
            RenderBlock {DIV} at (203.91,0) size 67.97x12
              RenderText {#text} at (43,0) size 20x12
                text run at (43,0) width 20: "0.00"
            RenderInline {SPAN} at (0,0) size 214x12
              RenderText {#text} at (271,0) size 214x12
                text run at (271,0) width 214: "Amazingly few discotheques provide jukeboxes."
          RenderBlock {DIV} at (0,25) size 797.42x12
            RenderBlock {DIV} at (0,0) size 67.97x12
              RenderText {#text} at (37,0) size 26x12
                text run at (37,0) width 26: "10.25"
            RenderBlock {DIV} at (67.97,0) size 67.97x12
              RenderText {#text} at (32,0) size 31x12
                text run at (32,0) width 31: "217.65"
            RenderBlock {DIV} at (135.94,0) size 67.97x12
              RenderText {#text} at (32,0) size 31x12
                text run at (32,0) width 31: "254.81"
            RenderBlock {DIV} at (203.91,0) size 67.97x12
              RenderText {#text} at (43,0) size 20x12
                text run at (43,0) width 20: "0.00"
            RenderInline {SPAN} at (0,0) size 219x12
              RenderText {#text} at (271,0) size 219x12
                text run at (271,0) width 219: "Amazingly few discotheques provide jukeboxes."
          RenderBlock {DIV} at (0,37) size 797.42x12
            RenderBlock {DIV} at (0,0) size 67.97x12
              RenderText {#text} at (37,0) size 26x12
                text run at (37,0) width 26: "10.50"
            RenderBlock {DIV} at (67.97,0) size 67.97x12
              RenderText {#text} at (32,0) size 31x12
                text run at (32,0) width 31: "222.96"
            RenderBlock {DIV} at (135.94,0) size 67.97x12
              RenderText {#text} at (32,0) size 31x12
                text run at (32,0) width 31: "254.81"
            RenderBlock {DIV} at (203.91,0) size 67.97x12
              RenderText {#text} at (43,0) size 20x12
                text run at (43,0) width 20: "0.00"
            RenderInline {SPAN} at (0,0) size 224x12
              RenderText {#text} at (271,0) size 224x12
                text run at (271,0) width 224: "Amazingly few discotheques provide jukeboxes."
          RenderBlock {DIV} at (0,49) size 797.42x12
            RenderBlock {DIV} at (0,0) size 67.97x12
              RenderText {#text} at (37,0) size 26x12
                text run at (37,0) width 26: "10.75"
            RenderBlock {DIV} at (67.97,0) size 67.97x12
              RenderText {#text} at (32,0) size 31x12
                text run at (32,0) width 31: "228.26"
            RenderBlock {DIV} at (135.94,0) size 67.97x12
              RenderText {#text} at (32,0) size 31x12
                text run at (32,0) width 31: "254.81"
            RenderBlock {DIV} at (203.91,0) size 67.97x12
              RenderText {#text} at (43,0) size 20x12
                text run at (43,0) width 20: "0.00"
            RenderInline {SPAN} at (0,0) size 230x12
              RenderText {#text} at (271,0) size 230x12
                text run at (271,0) width 230: "Amazingly few discotheques provide jukeboxes."
          RenderBlock {DIV} at (0,61) size 797.42x13
            RenderBlock {DIV} at (0,0) size 67.97x12
              RenderText {#text} at (37,0) size 26x12
                text run at (37,0) width 26: "11.00"
            RenderBlock {DIV} at (67.97,0) size 67.97x12
              RenderText {#text} at (32,0) size 31x12
                text run at (32,0) width 31: "233.57"
            RenderBlock {DIV} at (135.94,0) size 67.97x12
              RenderText {#text} at (32,0) size 31x12
                text run at (32,0) width 31: "254.81"
            RenderBlock {DIV} at (203.91,0) size 67.97x12
              RenderText {#text} at (43,0) size 20x12
                text run at (43,0) width 20: "0.00"
            RenderInline {SPAN} at (0,0) size 235x13
              RenderText {#text} at (271,0) size 235x13
                text run at (271,0) width 235: "Amazingly few discotheques provide jukeboxes."
          RenderBlock {DIV} at (0,74) size 797.42x14
            RenderBlock {DIV} at (0,1) size 67.97x12
              RenderText {#text} at (37,0) size 26x12
                text run at (37,0) width 26: "11.25"
            RenderBlock {DIV} at (67.97,1) size 67.97x12
              RenderText {#text} at (32,0) size 31x12
                text run at (32,0) width 31: "238.88"
            RenderBlock {DIV} at (135.94,1) size 67.97x12
              RenderText {#text} at (32,0) size 31x12
                text run at (32,0) width 31: "254.81"
            RenderBlock {DIV} at (203.91,1) size 67.97x12
              RenderText {#text} at (43,0) size 20x12
                text run at (43,0) width 20: "0.00"
            RenderInline {SPAN} at (0,0) size 240x14
              RenderText {#text} at (271,0) size 240x14
                text run at (271,0) width 240: "Amazingly few discotheques provide jukeboxes."
          RenderBlock {DIV} at (0,88) size 797.42x14
            RenderBlock {DIV} at (0,1) size 67.97x12
              RenderText {#text} at (37,0) size 26x12
                text run at (37,0) width 26: "11.50"
            RenderBlock {DIV} at (67.97,1) size 67.97x12
              RenderText {#text} at (32,0) size 31x12
                text run at (32,0) width 31: "244.19"
            RenderBlock {DIV} at (135.94,1) size 67.97x12
              RenderText {#text} at (32,0) size 31x12
                text run at (32,0) width 31: "254.81"
            RenderBlock {DIV} at (203.91,1) size 67.97x12
              RenderText {#text} at (43,0) size 20x12
                text run at (43,0) width 20: "0.00"
            RenderInline {SPAN} at (0,0) size 246x14
              RenderText {#text} at (271,0) size 246x14
                text run at (271,0) width 246: "Amazingly few discotheques provide jukeboxes."
          RenderBlock {DIV} at (0,102) size 797.42x14
            RenderBlock {DIV} at (0,1) size 67.97x12
              RenderText {#text} at (37,0) size 26x12
                text run at (37,0) width 26: "11.75"
            RenderBlock {DIV} at (67.97,1) size 67.97x12
              RenderText {#text} at (32,0) size 31x12
                text run at (32,0) width 31: "249.50"
            RenderBlock {DIV} at (135.94,1) size 67.97x12
              RenderText {#text} at (32,0) size 31x12
                text run at (32,0) width 31: "254.81"
            RenderBlock {DIV} at (203.91,1) size 67.97x12
              RenderText {#text} at (43,0) size 20x12
                text run at (43,0) width 20: "0.00"
            RenderInline {SPAN} at (0,0) size 251x14
              RenderText {#text} at (271,0) size 251x14
                text run at (271,0) width 251: "Amazingly few discotheques provide jukeboxes."
          RenderBlock {DIV} at (0,116) size 797.42x14 [bgcolor=#FBFCC5]
            RenderBlock {DIV} at (0,1) size 67.97x12
              RenderText {#text} at (37,0) size 26x12
                text run at (37,0) width 26: "12.00"
            RenderBlock {DIV} at (67.97,1) size 67.97x12
              RenderText {#text} at (32,0) size 31x12
                text run at (32,0) width 31: "254.81"
            RenderBlock {DIV} at (135.94,1) size 67.97x12
              RenderText {#text} at (32,0) size 31x12
                text run at (32,0) width 31: "254.81"
            RenderBlock {DIV} at (203.91,1) size 67.97x12
              RenderText {#text} at (43,0) size 20x12
                text run at (43,0) width 20: "0.00"
            RenderInline {SPAN} at (0,0) size 256x14
              RenderText {#text} at (271,0) size 256x14
                text run at (271,0) width 256: "Amazingly few discotheques provide jukeboxes."
          RenderBlock {DIV} at (0,130) size 797.42x14
            RenderBlock {DIV} at (0,1) size 67.97x12
              RenderText {#text} at (37,0) size 26x12
                text run at (37,0) width 26: "12.25"
            RenderBlock {DIV} at (67.97,1) size 67.97x12
              RenderText {#text} at (32,0) size 31x12
                text run at (32,0) width 31: "260.12"
            RenderBlock {DIV} at (135.94,1) size 67.97x12
              RenderText {#text} at (32,0) size 31x12
                text run at (32,0) width 31: "254.81"
            RenderBlock {DIV} at (203.91,1) size 67.97x12
              RenderText {#text} at (43,0) size 20x12
                text run at (43,0) width 20: "0.00"
            RenderInline {SPAN} at (0,0) size 261x14
              RenderText {#text} at (271,0) size 261x14
                text run at (271,0) width 261: "Amazingly few discotheques provide jukeboxes."
          RenderBlock {DIV} at (0,144) size 797.42x15
            RenderBlock {DIV} at (0,2) size 67.97x12
              RenderText {#text} at (37,0) size 26x12
                text run at (37,0) width 26: "12.50"
            RenderBlock {DIV} at (67.97,2) size 67.97x12
              RenderText {#text} at (32,0) size 31x12
                text run at (32,0) width 31: "265.42"
            RenderBlock {DIV} at (135.94,2) size 67.97x12
              RenderText {#text} at (32,0) size 31x12
                text run at (32,0) width 31: "254.81"
            RenderBlock {DIV} at (203.91,2) size 67.97x12
              RenderText {#text} at (43,0) size 20x12
                text run at (43,0) width 20: "0.00"
            RenderInline {SPAN} at (0,0) size 267x15
              RenderText {#text} at (271,0) size 267x15
                text run at (271,0) width 267: "Amazingly few discotheques provide jukeboxes."
          RenderBlock {DIV} at (0,159) size 797.42x15
            RenderBlock {DIV} at (0,2) size 67.97x12
              RenderText {#text} at (37,0) size 26x12
                text run at (37,0) width 26: "12.75"
            RenderBlock {DIV} at (67.97,2) size 67.97x12
              RenderText {#text} at (32,0) size 31x12
                text run at (32,0) width 31: "270.73"
            RenderBlock {DIV} at (135.94,2) size 67.97x12
              RenderText {#text} at (32,0) size 31x12
                text run at (32,0) width 31: "254.81"
            RenderBlock {DIV} at (203.91,2) size 67.97x12
              RenderText {#text} at (43,0) size 20x12
                text run at (43,0) width 20: "0.00"
            RenderInline {SPAN} at (0,0) size 272x15
              RenderText {#text} at (271,0) size 272x15
                text run at (271,0) width 272: "Amazingly few discotheques provide jukeboxes."
          RenderBlock {DIV} at (0,174) size 797.42x15
            RenderBlock {DIV} at (0,2) size 67.97x12
              RenderText {#text} at (37,0) size 26x12
                text run at (37,0) width 26: "13.00"
            RenderBlock {DIV} at (67.97,2) size 67.97x12
              RenderText {#text} at (32,0) size 31x12
                text run at (32,0) width 31: "276.04"
            RenderBlock {DIV} at (135.94,2) size 67.97x12
              RenderText {#text} at (32,0) size 31x12
                text run at (32,0) width 31: "254.81"
            RenderBlock {DIV} at (203.91,2) size 67.97x12
              RenderText {#text} at (43,0) size 20x12
                text run at (43,0) width 20: "0.00"
            RenderInline {SPAN} at (0,0) size 277x15
              RenderText {#text} at (271,0) size 277x15
                text run at (271,0) width 277: "Amazingly few discotheques provide jukeboxes."
          RenderBlock {DIV} at (0,189) size 797.42x15
            RenderBlock {DIV} at (0,2) size 67.97x12
              RenderText {#text} at (37,0) size 26x12
                text run at (37,0) width 26: "13.25"
            RenderBlock {DIV} at (67.97,2) size 67.97x12
              RenderText {#text} at (32,0) size 31x12
                text run at (32,0) width 31: "281.35"
            RenderBlock {DIV} at (135.94,2) size 67.97x12
              RenderText {#text} at (32,0) size 31x12
                text run at (32,0) width 31: "254.81"
            RenderBlock {DIV} at (203.91,2) size 67.97x12
              RenderText {#text} at (43,0) size 20x12
                text run at (43,0) width 20: "0.00"
            RenderInline {SPAN} at (0,0) size 283x15
              RenderText {#text} at (271,0) size 283x15
                text run at (271,0) width 283: "Amazingly few discotheques provide jukeboxes."
          RenderBlock {DIV} at (0,204) size 797.42x15
            RenderBlock {DIV} at (0,2) size 67.97x12
              RenderText {#text} at (37,0) size 26x12
                text run at (37,0) width 26: "13.50"
            RenderBlock {DIV} at (67.97,2) size 67.97x12
              RenderText {#text} at (32,0) size 31x12
                text run at (32,0) width 31: "286.66"
            RenderBlock {DIV} at (135.94,2) size 67.97x12
              RenderText {#text} at (32,0) size 31x12
                text run at (32,0) width 31: "254.81"
            RenderBlock {DIV} at (203.91,2) size 67.97x12
              RenderText {#text} at (43,0) size 20x12
                text run at (43,0) width 20: "0.00"
            RenderInline {SPAN} at (0,0) size 288x15
              RenderText {#text} at (271,0) size 288x15
                text run at (271,0) width 288: "Amazingly few discotheques provide jukeboxes."
          RenderBlock {DIV} at (0,219) size 797.42x16
            RenderBlock {DIV} at (0,3) size 67.97x12
              RenderText {#text} at (37,0) size 26x12
                text run at (37,0) width 26: "13.75"
            RenderBlock {DIV} at (67.97,3) size 67.97x12
              RenderText {#text} at (32,0) size 31x12
                text run at (32,0) width 31: "291.97"
            RenderBlock {DIV} at (135.94,3) size 67.97x12
              RenderText {#text} at (32,0) size 31x12
                text run at (32,0) width 31: "254.81"
            RenderBlock {DIV} at (203.91,3) size 67.97x12
              RenderText {#text} at (43,0) size 20x12
                text run at (43,0) width 20: "0.00"
            RenderInline {SPAN} at (0,0) size 293x16
              RenderText {#text} at (271,0) size 293x16
                text run at (271,0) width 293: "Amazingly few discotheques provide jukeboxes."
          RenderBlock {DIV} at (0,235) size 797.42x16
            RenderBlock {DIV} at (0,3) size 67.97x12
              RenderText {#text} at (37,0) size 26x12
                text run at (37,0) width 26: "14.00"
            RenderBlock {DIV} at (67.97,3) size 67.97x12
              RenderText {#text} at (32,0) size 31x12
                text run at (32,0) width 31: "297.27"
            RenderBlock {DIV} at (135.94,3) size 67.97x12
              RenderText {#text} at (32,0) size 31x12
                text run at (32,0) width 31: "254.81"
            RenderBlock {DIV} at (203.91,3) size 67.97x12
              RenderText {#text} at (43,0) size 20x12
                text run at (43,0) width 20: "0.00"
            RenderInline {SPAN} at (0,0) size 299x16
              RenderText {#text} at (271,0) size 299x16
                text run at (271,0) width 299: "Amazingly few discotheques provide jukeboxes."
          RenderBlock {DIV} at (0,251) size 797.42x16
            RenderBlock {DIV} at (0,3) size 67.97x12
              RenderText {#text} at (37,0) size 26x12
                text run at (37,0) width 26: "14.25"
            RenderBlock {DIV} at (67.97,3) size 67.97x12
              RenderText {#text} at (32,0) size 31x12
                text run at (32,0) width 31: "302.58"
            RenderBlock {DIV} at (135.94,3) size 67.97x12
              RenderText {#text} at (32,0) size 31x12
                text run at (32,0) width 31: "254.81"
            RenderBlock {DIV} at (203.91,3) size 67.97x12
              RenderText {#text} at (43,0) size 20x12
                text run at (43,0) width 20: "0.00"
            RenderInline {SPAN} at (0,0) size 304x16
              RenderText {#text} at (271,0) size 304x16
                text run at (271,0) width 304: "Amazingly few discotheques provide jukeboxes."
          RenderBlock {DIV} at (0,267) size 797.42x16
            RenderBlock {DIV} at (0,3) size 67.97x12
              RenderText {#text} at (37,0) size 26x12
                text run at (37,0) width 26: "14.50"
            RenderBlock {DIV} at (67.97,3) size 67.97x12
              RenderText {#text} at (32,0) size 31x12
                text run at (32,0) width 31: "307.89"
            RenderBlock {DIV} at (135.94,3) size 67.97x12
              RenderText {#text} at (32,0) size 31x12
                text run at (32,0) width 31: "254.81"
            RenderBlock {DIV} at (203.91,3) size 67.97x12
              RenderText {#text} at (43,0) size 20x12
                text run at (43,0) width 20: "0.00"
            RenderInline {SPAN} at (0,0) size 309x16
              RenderText {#text} at (271,0) size 309x16
                text run at (271,0) width 309: "Amazingly few discotheques provide jukeboxes."
          RenderBlock {DIV} at (0,283) size 797.42x16
            RenderBlock {DIV} at (0,3) size 67.97x12
              RenderText {#text} at (37,0) size 26x12
                text run at (37,0) width 26: "14.75"
            RenderBlock {DIV} at (67.97,3) size 67.97x12
              RenderText {#text} at (32,0) size 31x12
                text run at (32,0) width 31: "313.20"
            RenderBlock {DIV} at (135.94,3) size 67.97x12
              RenderText {#text} at (32,0) size 31x12
                text run at (32,0) width 31: "254.81"
            RenderBlock {DIV} at (203.91,3) size 67.97x12
              RenderText {#text} at (43,0) size 20x12
                text run at (43,0) width 20: "0.00"
            RenderInline {SPAN} at (0,0) size 315x16
              RenderText {#text} at (271,0) size 315x16
                text run at (271,0) width 315: "Amazingly few discotheques provide jukeboxes."
          RenderBlock {DIV} at (0,299) size 797.42x17
            RenderBlock {DIV} at (0,4) size 67.97x12
              RenderText {#text} at (37,0) size 26x12
                text run at (37,0) width 26: "15.00"
            RenderBlock {DIV} at (67.97,4) size 67.97x12
              RenderText {#text} at (32,0) size 31x12
                text run at (32,0) width 31: "318.51"
            RenderBlock {DIV} at (135.94,4) size 67.97x12
              RenderText {#text} at (32,0) size 31x12
                text run at (32,0) width 31: "254.81"
            RenderBlock {DIV} at (203.91,4) size 67.97x12
              RenderText {#text} at (43,0) size 20x12
                text run at (43,0) width 20: "0.00"
            RenderInline {SPAN} at (0,0) size 320x17
              RenderText {#text} at (271,0) size 320x17
                text run at (271,0) width 320: "Amazingly few discotheques provide jukeboxes."
          RenderBlock {DIV} at (0,316) size 797.42x18
            RenderBlock {DIV} at (0,4) size 67.97x12
              RenderText {#text} at (37,0) size 26x12
                text run at (37,0) width 26: "15.25"
            RenderBlock {DIV} at (67.97,4) size 67.97x12
              RenderText {#text} at (32,0) size 31x12
                text run at (32,0) width 31: "323.82"
            RenderBlock {DIV} at (135.94,4) size 67.97x12
              RenderText {#text} at (32,0) size 31x12
                text run at (32,0) width 31: "254.81"
            RenderBlock {DIV} at (203.91,4) size 67.97x12
              RenderText {#text} at (43,0) size 20x12
                text run at (43,0) width 20: "0.00"
            RenderInline {SPAN} at (0,0) size 325x18
              RenderText {#text} at (271,0) size 325x18
                text run at (271,0) width 325: "Amazingly few discotheques provide jukeboxes."
          RenderBlock {DIV} at (0,334) size 797.42x18
            RenderBlock {DIV} at (0,4) size 67.97x12
              RenderText {#text} at (37,0) size 26x12
                text run at (37,0) width 26: "15.50"
            RenderBlock {DIV} at (67.97,4) size 67.97x12
              RenderText {#text} at (32,0) size 31x12
                text run at (32,0) width 31: "329.13"
            RenderBlock {DIV} at (135.94,4) size 67.97x12
              RenderText {#text} at (32,0) size 31x12
                text run at (32,0) width 31: "254.81"
            RenderBlock {DIV} at (203.91,4) size 67.97x12
              RenderText {#text} at (43,0) size 20x12
                text run at (43,0) width 20: "0.00"
            RenderInline {SPAN} at (0,0) size 331x18
              RenderText {#text} at (271,0) size 331x18
                text run at (271,0) width 331: "Amazingly few discotheques provide jukeboxes."
          RenderBlock {DIV} at (0,352) size 797.42x18
            RenderBlock {DIV} at (0,4) size 67.97x12
              RenderText {#text} at (37,0) size 26x12
                text run at (37,0) width 26: "15.75"
            RenderBlock {DIV} at (67.97,4) size 67.97x12
              RenderText {#text} at (32,0) size 31x12
                text run at (32,0) width 31: "334.43"
            RenderBlock {DIV} at (135.94,4) size 67.97x12
              RenderText {#text} at (32,0) size 31x12
                text run at (32,0) width 31: "254.81"
            RenderBlock {DIV} at (203.91,4) size 67.97x12
              RenderText {#text} at (43,0) size 20x12
                text run at (43,0) width 20: "0.00"
            RenderInline {SPAN} at (0,0) size 336x18
              RenderText {#text} at (271,0) size 336x18
                text run at (271,0) width 336: "Amazingly few discotheques provide jukeboxes."
          RenderBlock {DIV} at (0,370) size 797.42x18
            RenderBlock {DIV} at (0,4) size 67.97x12
              RenderText {#text} at (37,0) size 26x12
                text run at (37,0) width 26: "16.00"
            RenderBlock {DIV} at (67.97,4) size 67.97x12
              RenderText {#text} at (32,0) size 31x12
                text run at (32,0) width 31: "339.74"
            RenderBlock {DIV} at (135.94,4) size 67.97x12
              RenderText {#text} at (32,0) size 31x12
                text run at (32,0) width 31: "254.81"
            RenderBlock {DIV} at (203.91,4) size 67.97x12
              RenderText {#text} at (43,0) size 20x12
                text run at (43,0) width 20: "0.00"
            RenderInline {SPAN} at (0,0) size 341x18
              RenderText {#text} at (271,0) size 341x18
                text run at (271,0) width 341: "Amazingly few discotheques provide jukeboxes."
          RenderBlock {DIV} at (0,388) size 797.42x20
            RenderBlock {DIV} at (0,6) size 67.97x12
              RenderText {#text} at (37,0) size 26x12
                text run at (37,0) width 26: "16.25"
            RenderBlock {DIV} at (67.97,6) size 67.97x12
              RenderText {#text} at (32,0) size 31x12
                text run at (32,0) width 31: "345.05"
            RenderBlock {DIV} at (135.94,6) size 67.97x12
              RenderText {#text} at (32,0) size 31x12
                text run at (32,0) width 31: "254.81"
            RenderBlock {DIV} at (203.91,6) size 67.97x12
              RenderText {#text} at (43,0) size 20x12
                text run at (43,0) width 20: "0.00"
            RenderInline {SPAN} at (0,0) size 346x20
              RenderText {#text} at (271,0) size 346x20
                text run at (271,0) width 346: "Amazingly few discotheques provide jukeboxes."
          RenderBlock {DIV} at (0,408) size 797.42x20
            RenderBlock {DIV} at (0,6) size 67.97x12
              RenderText {#text} at (37,0) size 26x12
                text run at (37,0) width 26: "16.50"
            RenderBlock {DIV} at (67.97,6) size 67.97x12
              RenderText {#text} at (32,0) size 31x12
                text run at (32,0) width 31: "350.36"
            RenderBlock {DIV} at (135.94,6) size 67.97x12
              RenderText {#text} at (32,0) size 31x12
                text run at (32,0) width 31: "254.81"
            RenderBlock {DIV} at (203.91,6) size 67.97x12
              RenderText {#text} at (43,0) size 20x12
                text run at (43,0) width 20: "0.00"
            RenderInline {SPAN} at (0,0) size 352x20
              RenderText {#text} at (271,0) size 352x20
                text run at (271,0) width 352: "Amazingly few discotheques provide jukeboxes."
          RenderBlock {DIV} at (0,428) size 797.42x20
            RenderBlock {DIV} at (0,6) size 67.97x12
              RenderText {#text} at (37,0) size 26x12
                text run at (37,0) width 26: "16.75"
            RenderBlock {DIV} at (67.97,6) size 67.97x12
              RenderText {#text} at (32,0) size 31x12
                text run at (32,0) width 31: "355.67"
            RenderBlock {DIV} at (135.94,6) size 67.97x12
              RenderText {#text} at (32,0) size 31x12
                text run at (32,0) width 31: "254.81"
            RenderBlock {DIV} at (203.91,6) size 67.97x12
              RenderText {#text} at (43,0) size 20x12
                text run at (43,0) width 20: "0.00"
            RenderInline {SPAN} at (0,0) size 357x20
              RenderText {#text} at (271,0) size 357x20
                text run at (271,0) width 357: "Amazingly few discotheques provide jukeboxes."
          RenderBlock {DIV} at (0,448) size 797.42x20
            RenderBlock {DIV} at (0,6) size 67.97x12
              RenderText {#text} at (37,0) size 26x12
                text run at (37,0) width 26: "17.00"
            RenderBlock {DIV} at (67.97,6) size 67.97x12
              RenderText {#text} at (32,0) size 31x12
                text run at (32,0) width 31: "360.98"
            RenderBlock {DIV} at (135.94,6) size 67.97x12
              RenderText {#text} at (32,0) size 31x12
                text run at (32,0) width 31: "254.81"
            RenderBlock {DIV} at (203.91,6) size 67.97x12
              RenderText {#text} at (43,0) size 20x12
                text run at (43,0) width 20: "0.00"
            RenderInline {SPAN} at (0,0) size 362x20
              RenderText {#text} at (271,0) size 362x20
                text run at (271,0) width 362: "Amazingly few discotheques provide jukeboxes."
          RenderBlock {DIV} at (0,468) size 797.42x20
            RenderBlock {DIV} at (0,6) size 67.97x12
              RenderText {#text} at (37,0) size 26x12
                text run at (37,0) width 26: "17.25"
            RenderBlock {DIV} at (67.97,6) size 67.97x12
              RenderText {#text} at (32,0) size 31x12
                text run at (32,0) width 31: "366.28"
            RenderBlock {DIV} at (135.94,6) size 67.97x12
              RenderText {#text} at (32,0) size 31x12
                text run at (32,0) width 31: "254.81"
            RenderBlock {DIV} at (203.91,6) size 67.97x12
              RenderText {#text} at (43,0) size 20x12
                text run at (43,0) width 20: "0.00"
            RenderInline {SPAN} at (0,0) size 368x20
              RenderText {#text} at (271,0) size 368x20
                text run at (271,0) width 368: "Amazingly few discotheques provide jukeboxes."
          RenderBlock {DIV} at (0,488) size 797.42x20
            RenderBlock {DIV} at (0,6) size 67.97x12
              RenderText {#text} at (37,0) size 26x12
                text run at (37,0) width 26: "17.50"
            RenderBlock {DIV} at (67.97,6) size 67.97x12
              RenderText {#text} at (32,0) size 31x12
                text run at (32,0) width 31: "371.59"
            RenderBlock {DIV} at (135.94,6) size 67.97x12
              RenderText {#text} at (32,0) size 31x12
                text run at (32,0) width 31: "254.81"
            RenderBlock {DIV} at (203.91,6) size 67.97x12
              RenderText {#text} at (43,0) size 20x12
                text run at (43,0) width 20: "0.00"
            RenderInline {SPAN} at (0,0) size 373x20
              RenderText {#text} at (271,0) size 373x20
                text run at (271,0) width 373: "Amazingly few discotheques provide jukeboxes."
          RenderBlock {DIV} at (0,508) size 797.42x21
            RenderBlock {DIV} at (0,7) size 67.97x12
              RenderText {#text} at (37,0) size 26x12
                text run at (37,0) width 26: "17.75"
            RenderBlock {DIV} at (67.97,7) size 67.97x12
              RenderText {#text} at (32,0) size 31x12
                text run at (32,0) width 31: "376.90"
            RenderBlock {DIV} at (135.94,7) size 67.97x12
              RenderText {#text} at (32,0) size 31x12
                text run at (32,0) width 31: "254.81"
            RenderBlock {DIV} at (203.91,7) size 67.97x12
              RenderText {#text} at (43,0) size 20x12
                text run at (43,0) width 20: "0.00"
            RenderInline {SPAN} at (0,0) size 378x21
              RenderText {#text} at (271,0) size 378x21
                text run at (271,0) width 378: "Amazingly few discotheques provide jukeboxes."
          RenderBlock {DIV} at (0,529) size 797.42x21
            RenderBlock {DIV} at (0,7) size 67.97x12
              RenderText {#text} at (37,0) size 26x12
                text run at (37,0) width 26: "18.00"
            RenderBlock {DIV} at (67.97,7) size 67.97x12
              RenderText {#text} at (32,0) size 31x12
                text run at (32,0) width 31: "382.21"
            RenderBlock {DIV} at (135.94,7) size 67.97x12
              RenderText {#text} at (32,0) size 31x12
                text run at (32,0) width 31: "254.81"
            RenderBlock {DIV} at (203.91,7) size 67.97x12
              RenderText {#text} at (43,0) size 20x12
                text run at (43,0) width 20: "0.00"
            RenderInline {SPAN} at (0,0) size 384x21
              RenderText {#text} at (271,0) size 384x21
                text run at (271,0) width 384: "Amazingly few discotheques provide jukeboxes."
          RenderBlock {DIV} at (0,550) size 797.42x21
            RenderBlock {DIV} at (0,7) size 67.97x12
              RenderText {#text} at (37,0) size 26x12
                text run at (37,0) width 26: "18.25"
            RenderBlock {DIV} at (67.97,7) size 67.97x12
              RenderText {#text} at (32,0) size 31x12
                text run at (32,0) width 31: "387.52"
            RenderBlock {DIV} at (135.94,7) size 67.97x12
              RenderText {#text} at (32,0) size 31x12
                text run at (32,0) width 31: "254.81"
            RenderBlock {DIV} at (203.91,7) size 67.97x12
              RenderText {#text} at (43,0) size 20x12
                text run at (43,0) width 20: "0.00"
            RenderInline {SPAN} at (0,0) size 389x21
              RenderText {#text} at (271,0) size 389x21
                text run at (271,0) width 389: "Amazingly few discotheques provide jukeboxes."
          RenderBlock {DIV} at (0,571) size 797.42x21
            RenderBlock {DIV} at (0,7) size 67.97x12
              RenderText {#text} at (37,0) size 26x12
                text run at (37,0) width 26: "18.50"
            RenderBlock {DIV} at (67.97,7) size 67.97x12
              RenderText {#text} at (32,0) size 31x12
                text run at (32,0) width 31: "392.83"
            RenderBlock {DIV} at (135.94,7) size 67.97x12
              RenderText {#text} at (32,0) size 31x12
                text run at (32,0) width 31: "254.81"
            RenderBlock {DIV} at (203.91,7) size 67.97x12
              RenderText {#text} at (43,0) size 20x12
                text run at (43,0) width 20: "0.00"
            RenderInline {SPAN} at (0,0) size 394x21
              RenderText {#text} at (271,0) size 394x21
                text run at (271,0) width 394: "Amazingly few discotheques provide jukeboxes."
          RenderBlock {DIV} at (0,592) size 797.42x21
            RenderBlock {DIV} at (0,7) size 67.97x12
              RenderText {#text} at (37,0) size 26x12
                text run at (37,0) width 26: "18.75"
            RenderBlock {DIV} at (67.97,7) size 67.97x12
              RenderText {#text} at (32,0) size 31x12
                text run at (32,0) width 31: "398.14"
            RenderBlock {DIV} at (135.94,7) size 67.97x12
              RenderText {#text} at (32,0) size 31x12
                text run at (32,0) width 31: "254.81"
            RenderBlock {DIV} at (203.91,7) size 67.97x12
              RenderText {#text} at (43,0) size 20x12
                text run at (43,0) width 20: "0.00"
            RenderInline {SPAN} at (0,0) size 400x21
              RenderText {#text} at (271,0) size 400x21
                text run at (271,0) width 400: "Amazingly few discotheques provide jukeboxes."
          RenderBlock {DIV} at (0,613) size 797.42x22
            RenderBlock {DIV} at (0,8) size 67.97x12
              RenderText {#text} at (37,0) size 26x12
                text run at (37,0) width 26: "19.00"
            RenderBlock {DIV} at (67.97,8) size 67.97x12
              RenderText {#text} at (32,0) size 31x12
                text run at (32,0) width 31: "403.44"
            RenderBlock {DIV} at (135.94,8) size 67.97x12
              RenderText {#text} at (32,0) size 31x12
                text run at (32,0) width 31: "254.81"
            RenderBlock {DIV} at (203.91,8) size 67.97x12
              RenderText {#text} at (43,0) size 20x12
                text run at (43,0) width 20: "0.00"
            RenderInline {SPAN} at (0,0) size 405x22
              RenderText {#text} at (271,0) size 405x22
                text run at (271,0) width 405: "Amazingly few discotheques provide jukeboxes."
          RenderBlock {DIV} at (0,635) size 797.42x22
            RenderBlock {DIV} at (0,8) size 67.97x12
              RenderText {#text} at (37,0) size 26x12
                text run at (37,0) width 26: "19.25"
            RenderBlock {DIV} at (67.97,8) size 67.97x12
              RenderText {#text} at (32,0) size 31x12
                text run at (32,0) width 31: "408.75"
            RenderBlock {DIV} at (135.94,8) size 67.97x12
              RenderText {#text} at (32,0) size 31x12
                text run at (32,0) width 31: "254.81"
            RenderBlock {DIV} at (203.91,8) size 67.97x12
              RenderText {#text} at (43,0) size 20x12
                text run at (43,0) width 20: "0.00"
            RenderInline {SPAN} at (0,0) size 410x22
              RenderText {#text} at (271,0) size 410x22
                text run at (271,0) width 410: "Amazingly few discotheques provide jukeboxes."
          RenderBlock {DIV} at (0,657) size 797.42x22
            RenderBlock {DIV} at (0,8) size 67.97x12
              RenderText {#text} at (37,0) size 26x12
                text run at (37,0) width 26: "19.50"
            RenderBlock {DIV} at (67.97,8) size 67.97x12
              RenderText {#text} at (32,0) size 31x12
                text run at (32,0) width 31: "414.06"
            RenderBlock {DIV} at (135.94,8) size 67.97x12
              RenderText {#text} at (32,0) size 31x12
                text run at (32,0) width 31: "254.81"
            RenderBlock {DIV} at (203.91,8) size 67.97x12
              RenderText {#text} at (43,0) size 20x12
                text run at (43,0) width 20: "0.00"
            RenderInline {SPAN} at (0,0) size 415x22
              RenderText {#text} at (271,0) size 415x22
                text run at (271,0) width 415: "Amazingly few discotheques provide jukeboxes."
          RenderBlock {DIV} at (0,679) size 797.42x23
            RenderBlock {DIV} at (0,8) size 67.97x12
              RenderText {#text} at (37,0) size 26x12
                text run at (37,0) width 26: "19.75"
            RenderBlock {DIV} at (67.97,8) size 67.97x12
              RenderText {#text} at (32,0) size 31x12
                text run at (32,0) width 31: "419.37"
            RenderBlock {DIV} at (135.94,8) size 67.97x12
              RenderText {#text} at (32,0) size 31x12
                text run at (32,0) width 31: "254.81"
            RenderBlock {DIV} at (203.91,8) size 67.97x12
              RenderText {#text} at (43,0) size 20x12
                text run at (43,0) width 20: "0.00"
            RenderInline {SPAN} at (0,0) size 421x23
              RenderText {#text} at (271,0) size 421x23
                text run at (271,0) width 421: "Amazingly few discotheques provide jukeboxes."
          RenderBlock {DIV} at (0,702) size 797.42x23
            RenderBlock {DIV} at (0,8) size 67.97x12
              RenderText {#text} at (37,0) size 26x12
                text run at (37,0) width 26: "20.00"
            RenderBlock {DIV} at (67.97,8) size 67.97x12
              RenderText {#text} at (32,0) size 31x12
                text run at (32,0) width 31: "424.68"
            RenderBlock {DIV} at (135.94,8) size 67.97x12
              RenderText {#text} at (32,0) size 31x12
                text run at (32,0) width 31: "254.81"
            RenderBlock {DIV} at (203.91,8) size 67.97x12
              RenderText {#text} at (43,0) size 20x12
                text run at (43,0) width 20: "0.00"
            RenderInline {SPAN} at (0,0) size 426x23
              RenderText {#text} at (271,0) size 426x23
                text run at (271,0) width 426: "Amazingly few discotheques provide jukeboxes."
          RenderBlock {DIV} at (0,725) size 797.42x24
            RenderBlock {DIV} at (0,9) size 67.97x12
              RenderText {#text} at (37,0) size 26x12
                text run at (37,0) width 26: "20.25"
            RenderBlock {DIV} at (67.97,9) size 67.97x12
              RenderText {#text} at (32,0) size 31x12
                text run at (32,0) width 31: "429.99"
            RenderBlock {DIV} at (135.94,9) size 67.97x12
              RenderText {#text} at (32,0) size 31x12
                text run at (32,0) width 31: "254.81"
            RenderBlock {DIV} at (203.91,9) size 67.97x12
              RenderText {#text} at (43,0) size 20x12
                text run at (43,0) width 20: "0.00"
            RenderInline {SPAN} at (0,0) size 431x24
              RenderText {#text} at (271,0) size 431x24
                text run at (271,0) width 431: "Amazingly few discotheques provide jukeboxes."
          RenderBlock {DIV} at (0,749) size 797.42x24
            RenderBlock {DIV} at (0,9) size 67.97x12
              RenderText {#text} at (37,0) size 26x12
                text run at (37,0) width 26: "20.50"
            RenderBlock {DIV} at (67.97,9) size 67.97x12
              RenderText {#text} at (32,0) size 31x12
                text run at (32,0) width 31: "435.29"
            RenderBlock {DIV} at (135.94,9) size 67.97x12
              RenderText {#text} at (32,0) size 31x12
                text run at (32,0) width 31: "254.81"
            RenderBlock {DIV} at (203.91,9) size 67.97x12
              RenderText {#text} at (43,0) size 20x12
                text run at (43,0) width 20: "0.00"
            RenderInline {SPAN} at (0,0) size 437x24
              RenderText {#text} at (271,0) size 437x24
                text run at (271,0) width 437: "Amazingly few discotheques provide jukeboxes."
          RenderBlock {DIV} at (0,773) size 797.42x24
            RenderBlock {DIV} at (0,9) size 67.97x12
              RenderText {#text} at (37,0) size 26x12
                text run at (37,0) width 26: "20.75"
            RenderBlock {DIV} at (67.97,9) size 67.97x12
              RenderText {#text} at (32,0) size 31x12
                text run at (32,0) width 31: "440.60"
            RenderBlock {DIV} at (135.94,9) size 67.97x12
              RenderText {#text} at (32,0) size 31x12
                text run at (32,0) width 31: "254.81"
            RenderBlock {DIV} at (203.91,9) size 67.97x12
              RenderText {#text} at (43,0) size 20x12
                text run at (43,0) width 20: "0.00"
            RenderInline {SPAN} at (0,0) size 442x24
              RenderText {#text} at (271,0) size 442x24
                text run at (271,0) width 442: "Amazingly few discotheques provide jukeboxes."
          RenderBlock {DIV} at (0,797) size 797.42x24
            RenderBlock {DIV} at (0,9) size 67.97x12
              RenderText {#text} at (37,0) size 26x12
                text run at (37,0) width 26: "21.00"
            RenderBlock {DIV} at (67.97,9) size 67.97x12
              RenderText {#text} at (32,0) size 31x12
                text run at (32,0) width 31: "445.91"
            RenderBlock {DIV} at (135.94,9) size 67.97x12
              RenderText {#text} at (32,0) size 31x12
                text run at (32,0) width 31: "254.81"
            RenderBlock {DIV} at (203.91,9) size 67.97x12
              RenderText {#text} at (43,0) size 20x12
                text run at (43,0) width 20: "0.00"
            RenderInline {SPAN} at (0,0) size 447x24
              RenderText {#text} at (271,0) size 447x24
                text run at (271,0) width 447: "Amazingly few discotheques provide jukeboxes."
          RenderBlock {DIV} at (0,821) size 797.42x24
            RenderBlock {DIV} at (0,9) size 67.97x12
              RenderText {#text} at (37,0) size 26x12
                text run at (37,0) width 26: "21.25"
            RenderBlock {DIV} at (67.97,9) size 67.97x12
              RenderText {#text} at (32,0) size 31x12
                text run at (32,0) width 31: "451.22"
            RenderBlock {DIV} at (135.94,9) size 67.97x12
              RenderText {#text} at (32,0) size 31x12
                text run at (32,0) width 31: "254.81"
            RenderBlock {DIV} at (203.91,9) size 67.97x12
              RenderText {#text} at (43,0) size 20x12
                text run at (43,0) width 20: "0.00"
            RenderInline {SPAN} at (0,0) size 453x24
              RenderText {#text} at (271,0) size 453x24
                text run at (271,0) width 453: "Amazingly few discotheques provide jukeboxes."
          RenderBlock {DIV} at (0,845) size 797.42x25
            RenderBlock {DIV} at (0,10) size 67.97x12
              RenderText {#text} at (37,0) size 26x12
                text run at (37,0) width 26: "21.50"
            RenderBlock {DIV} at (67.97,10) size 67.97x12
              RenderText {#text} at (32,0) size 31x12
                text run at (32,0) width 31: "456.53"
            RenderBlock {DIV} at (135.94,10) size 67.97x12
              RenderText {#text} at (32,0) size 31x12
                text run at (32,0) width 31: "254.81"
            RenderBlock {DIV} at (203.91,10) size 67.97x12
              RenderText {#text} at (43,0) size 20x12
                text run at (43,0) width 20: "0.00"
            RenderInline {SPAN} at (0,0) size 458x25
              RenderText {#text} at (271,0) size 458x25
                text run at (271,0) width 458: "Amazingly few discotheques provide jukeboxes."
          RenderBlock {DIV} at (0,870) size 797.42x25
            RenderBlock {DIV} at (0,10) size 67.97x12
              RenderText {#text} at (37,0) size 26x12
                text run at (37,0) width 26: "21.75"
            RenderBlock {DIV} at (67.97,10) size 67.97x12
              RenderText {#text} at (32,0) size 31x12
                text run at (32,0) width 31: "461.84"
            RenderBlock {DIV} at (135.94,10) size 67.97x12
              RenderText {#text} at (32,0) size 31x12
                text run at (32,0) width 31: "254.81"
            RenderBlock {DIV} at (203.91,10) size 67.97x12
              RenderText {#text} at (43,0) size 20x12
                text run at (43,0) width 20: "0.00"
            RenderInline {SPAN} at (0,0) size 463x25
              RenderText {#text} at (271,0) size 463x25
                text run at (271,0) width 463: "Amazingly few discotheques provide jukeboxes."
          RenderBlock {DIV} at (0,895) size 797.42x25
            RenderBlock {DIV} at (0,10) size 67.97x12
              RenderText {#text} at (37,0) size 26x12
                text run at (37,0) width 26: "22.00"
            RenderBlock {DIV} at (67.97,10) size 67.97x12
              RenderText {#text} at (32,0) size 31x12
                text run at (32,0) width 31: "467.15"
            RenderBlock {DIV} at (135.94,10) size 67.97x12
              RenderText {#text} at (32,0) size 31x12
                text run at (32,0) width 31: "254.81"
            RenderBlock {DIV} at (203.91,10) size 67.97x12
              RenderText {#text} at (43,0) size 20x12
                text run at (43,0) width 20: "0.00"
            RenderInline {SPAN} at (0,0) size 469x25
              RenderText {#text} at (271,0) size 469x25
                text run at (271,0) width 469: "Amazingly few discotheques provide jukeboxes."
          RenderBlock {DIV} at (0,920) size 797.42x25
            RenderBlock {DIV} at (0,10) size 67.97x12
              RenderText {#text} at (37,0) size 26x12
                text run at (37,0) width 26: "22.25"
            RenderBlock {DIV} at (67.97,10) size 67.97x12
              RenderText {#text} at (32,0) size 31x12
                text run at (32,0) width 31: "472.45"
            RenderBlock {DIV} at (135.94,10) size 67.97x12
              RenderText {#text} at (32,0) size 31x12
                text run at (32,0) width 31: "254.81"
            RenderBlock {DIV} at (203.91,10) size 67.97x12
              RenderText {#text} at (43,0) size 20x12
                text run at (43,0) width 20: "0.00"
            RenderInline {SPAN} at (0,0) size 474x25
              RenderText {#text} at (271,0) size 474x25
                text run at (271,0) width 474: "Amazingly few discotheques provide jukeboxes."
          RenderBlock {DIV} at (0,945) size 797.42x25
            RenderBlock {DIV} at (0,10) size 67.97x12
              RenderText {#text} at (37,0) size 26x12
                text run at (37,0) width 26: "22.50"
            RenderBlock {DIV} at (67.97,10) size 67.97x12
              RenderText {#text} at (32,0) size 31x12
                text run at (32,0) width 31: "477.76"
            RenderBlock {DIV} at (135.94,10) size 67.97x12
              RenderText {#text} at (32,0) size 31x12
                text run at (32,0) width 31: "254.81"
            RenderBlock {DIV} at (203.91,10) size 67.97x12
              RenderText {#text} at (43,0) size 20x12
                text run at (43,0) width 20: "0.00"
            RenderInline {SPAN} at (0,0) size 479x25
              RenderText {#text} at (271,0) size 479x25
                text run at (271,0) width 479: "Amazingly few discotheques provide jukeboxes."
          RenderBlock {DIV} at (0,970) size 797.42x26
            RenderBlock {DIV} at (0,11) size 67.97x12
              RenderText {#text} at (37,0) size 26x12
                text run at (37,0) width 26: "22.75"
            RenderBlock {DIV} at (67.97,11) size 67.97x12
              RenderText {#text} at (32,0) size 31x12
                text run at (32,0) width 31: "483.07"
            RenderBlock {DIV} at (135.94,11) size 67.97x12
              RenderText {#text} at (32,0) size 31x12
                text run at (32,0) width 31: "254.81"
            RenderBlock {DIV} at (203.91,11) size 67.97x12
              RenderText {#text} at (43,0) size 20x12
                text run at (43,0) width 20: "0.00"
            RenderInline {SPAN} at (0,0) size 484x26
              RenderText {#text} at (271,0) size 484x26
                text run at (271,0) width 484: "Amazingly few discotheques provide jukeboxes."
          RenderBlock {DIV} at (0,996) size 797.42x26
            RenderBlock {DIV} at (0,11) size 67.97x12
              RenderText {#text} at (37,0) size 26x12
                text run at (37,0) width 26: "23.00"
            RenderBlock {DIV} at (67.97,11) size 67.97x12
              RenderText {#text} at (32,0) size 31x12
                text run at (32,0) width 31: "488.38"
            RenderBlock {DIV} at (135.94,11) size 67.97x12
              RenderText {#text} at (32,0) size 31x12
                text run at (32,0) width 31: "254.81"
            RenderBlock {DIV} at (203.91,11) size 67.97x12
              RenderText {#text} at (43,0) size 20x12
                text run at (43,0) width 20: "0.00"
            RenderInline {SPAN} at (0,0) size 490x26
              RenderText {#text} at (271,0) size 490x26
                text run at (271,0) width 490: "Amazingly few discotheques provide jukeboxes."
          RenderBlock {DIV} at (0,1022) size 797.42x26
            RenderBlock {DIV} at (0,11) size 67.97x12
              RenderText {#text} at (37,0) size 26x12
                text run at (37,0) width 26: "23.25"
            RenderBlock {DIV} at (67.97,11) size 67.97x12
              RenderText {#text} at (32,0) size 31x12
                text run at (32,0) width 31: "493.69"
            RenderBlock {DIV} at (135.94,11) size 67.97x12
              RenderText {#text} at (32,0) size 31x12
                text run at (32,0) width 31: "254.81"
            RenderBlock {DIV} at (203.91,11) size 67.97x12
              RenderText {#text} at (43,0) size 20x12
                text run at (43,0) width 20: "0.00"
            RenderInline {SPAN} at (0,0) size 495x26
              RenderText {#text} at (271,0) size 495x26
                text run at (271,0) width 495: "Amazingly few discotheques provide jukeboxes."
          RenderBlock {DIV} at (0,1048) size 797.42x26
            RenderBlock {DIV} at (0,11) size 67.97x12
              RenderText {#text} at (37,0) size 26x12
                text run at (37,0) width 26: "23.50"
            RenderBlock {DIV} at (67.97,11) size 67.97x12
              RenderText {#text} at (32,0) size 31x12
                text run at (32,0) width 31: "499.00"
            RenderBlock {DIV} at (135.94,11) size 67.97x12
              RenderText {#text} at (32,0) size 31x12
                text run at (32,0) width 31: "254.81"
            RenderBlock {DIV} at (203.91,11) size 67.97x12
              RenderText {#text} at (43,0) size 20x12
                text run at (43,0) width 20: "0.00"
            RenderInline {SPAN} at (0,0) size 500x26
              RenderText {#text} at (271,0) size 500x26
                text run at (271,0) width 500: "Amazingly few discotheques provide jukeboxes."
          RenderBlock {DIV} at (0,1074) size 797.42x26
            RenderBlock {DIV} at (0,11) size 67.97x12
              RenderText {#text} at (37,0) size 26x12
                text run at (37,0) width 26: "23.75"
            RenderBlock {DIV} at (67.97,11) size 67.97x12
              RenderText {#text} at (32,0) size 31x12
                text run at (32,0) width 31: "504.30"
            RenderBlock {DIV} at (135.94,11) size 67.97x12
              RenderText {#text} at (32,0) size 31x12
                text run at (32,0) width 31: "254.81"
            RenderBlock {DIV} at (203.91,11) size 67.97x12
              RenderText {#text} at (43,0) size 20x12
                text run at (43,0) width 20: "0.00"
            RenderInline {SPAN} at (0,0) size 506x26
              RenderText {#text} at (271,0) size 506x26
                text run at (271,0) width 506: "Amazingly few discotheques provide jukeboxes."
          RenderBlock {DIV} at (0,1100) size 797.42x28
            RenderBlock {DIV} at (0,12) size 67.97x12
              RenderText {#text} at (37,0) size 26x12
                text run at (37,0) width 26: "24.00"
            RenderBlock {DIV} at (67.97,12) size 67.97x12
              RenderText {#text} at (32,0) size 31x12
                text run at (32,0) width 31: "509.61"
            RenderBlock {DIV} at (135.94,12) size 67.97x12
              RenderText {#text} at (32,0) size 31x12
                text run at (32,0) width 31: "254.81"
            RenderBlock {DIV} at (203.91,12) size 67.97x12
              RenderText {#text} at (43,0) size 20x12
                text run at (43,0) width 20: "0.00"
            RenderInline {SPAN} at (0,0) size 511x28
              RenderText {#text} at (271,0) size 511x28
                text run at (271,0) width 511: "Amazingly few discotheques provide jukeboxes."
          RenderBlock {DIV} at (0,1128) size 797.42x29
            RenderBlock {DIV} at (0,13) size 67.97x12
              RenderText {#text} at (37,0) size 26x12
                text run at (37,0) width 26: "24.25"
            RenderBlock {DIV} at (67.97,13) size 67.97x12
              RenderText {#text} at (32,0) size 31x12
                text run at (32,0) width 31: "514.92"
            RenderBlock {DIV} at (135.94,13) size 67.97x12
              RenderText {#text} at (32,0) size 31x12
                text run at (32,0) width 31: "254.81"
            RenderBlock {DIV} at (203.91,13) size 67.97x12
              RenderText {#text} at (43,0) size 20x12
                text run at (43,0) width 20: "0.00"
            RenderInline {SPAN} at (0,0) size 516x29
              RenderText {#text} at (271,0) size 516x29
                text run at (271,0) width 516: "Amazingly few discotheques provide jukeboxes."
          RenderBlock {DIV} at (0,1157) size 797.42x29
            RenderBlock {DIV} at (0,13) size 67.97x12
              RenderText {#text} at (37,0) size 26x12
                text run at (37,0) width 26: "24.50"
            RenderBlock {DIV} at (67.97,13) size 67.97x12
              RenderText {#text} at (32,0) size 31x12
                text run at (32,0) width 31: "520.23"
            RenderBlock {DIV} at (135.94,13) size 67.97x12
              RenderText {#text} at (32,0) size 31x12
                text run at (32,0) width 31: "254.81"
            RenderBlock {DIV} at (203.91,13) size 67.97x12
              RenderText {#text} at (43,0) size 20x12
                text run at (43,0) width 20: "0.00"
            RenderInline {SPAN} at (0,0) size 522x29
              RenderText {#text} at (271,0) size 522x29
                text run at (271,0) width 522: "Amazingly few discotheques provide jukeboxes."
          RenderBlock {DIV} at (0,1186) size 797.42x29
            RenderBlock {DIV} at (0,13) size 67.97x12
              RenderText {#text} at (37,0) size 26x12
                text run at (37,0) width 26: "24.75"
            RenderBlock {DIV} at (67.97,13) size 67.97x12
              RenderText {#text} at (32,0) size 31x12
                text run at (32,0) width 31: "525.54"
            RenderBlock {DIV} at (135.94,13) size 67.97x12
              RenderText {#text} at (32,0) size 31x12
                text run at (32,0) width 31: "254.81"
            RenderBlock {DIV} at (203.91,13) size 67.97x12
              RenderText {#text} at (43,0) size 20x12
                text run at (43,0) width 20: "0.00"
            RenderInline {SPAN} at (0,0) size 527x29
              RenderText {#text} at (271,0) size 527x29
                text run at (271,0) width 527: "Amazingly few discotheques provide jukeboxes."
      RenderText {#text} at (0,0) size 0x0
      RenderText {#text} at (0,0) size 0x0
