layer at (0,0) size 800x600
  RenderView at (0,0) size 800x600
layer at (0,0) size 800x486
  RenderBlock {HTML} at (0,0) size 800x486.44
    RenderBody {BODY} at (8,18.72) size 784x459.72
      RenderBlock {H3} at (0,0) size 784x22
        RenderText {#text} at (0,0) size 91x22
          text run at (0,0) width 91: "It passes if:"
      RenderBlock {UL} at (0,40.72) size 784x72
        RenderListItem {LI} at (40,0) size 744x18
          RenderListMarker at (-17,0) size 7x18: bullet
          RenderText {#text} at (0,0) size 400x18
            text run at (0,0) width 400: "the 10px gray background is visible around the canvas content"
        RenderListItem {LI} at (40,18) size 744x18
          RenderListMarker at (-17,0) size 7x18: bullet
          RenderText {#text} at (0,0) size 155x18
            text run at (0,0) width 155: "has 5px solid red border"
        RenderListItem {LI} at (40,36) size 744x18
          RenderListMarker at (-17,0) size 7x18: bullet
          RenderText {#text} at (0,0) size 322x18
            text run at (0,0) width 322: "all the corners for border and padding are rounded"
        RenderListItem {LI} at (40,54) size 744x18
          RenderListMarker at (-17,0) size 7x18: bullet
          RenderText {#text} at (0,0) size 372x18
            text run at (0,0) width 372: "the bottom right corner of canvas content is NOT rounded"
      RenderBlock (anonymous) at (0,128.72) size 784x331
        RenderText {#text} at (0,0) size 0x0
        RenderText {#text} at (0,0) size 0x0
layer at (28,167) size 287x287
  LayoutHTMLCanvas {CANVAS} at (20,20) size 287x287 [bgcolor=#808080] [border: (5px solid #FF0000)]
