EDITING DELEGATE: webViewDidChangeSelection:WebViewDidChangeSelectionNotification
EDITING DELEGATE: webViewDidChangeSelection:WebViewDidChangeSelectionNotification
EDITING DELEGATE: webViewDidChangeSelection:WebViewDidChangeSelectionNotification
EDITING DELEGATE: webViewDidChange:WebViewDidChangeNotification
EDITING DELEGATE: webViewDidChangeSelection:WebViewDidChangeSelectionNotification
EDITING DELEGATE: webViewDidChangeSelection:WebViewDidChangeSelectionNotification
EDITING DELEGATE: webViewDidChange:WebViewDidChangeNotification
EDITING DELEGATE: webViewDidChangeSelection:WebViewDidChangeSelectionNotification
EDITING DELEGATE: webViewDidChange:WebViewDidChangeNotification
EDITING DELEGATE: webViewDidChangeSelection:WebViewDidChangeSelectionNotification
EDITING DELEGATE: webViewDidChangeSelection:WebViewDidChangeSelectionNotification
EDITING DELEGATE: webViewDidChange:WebViewDidChangeNotification
layer at (0,0) size 800x600
  RenderView at (0,0) size 800x600
layer at (0,0) size 800x600
  RenderBlock {HTML} at (0,0) size 800x600
    RenderBody {BODY} at (8,8) size 784x584
      RenderBlock {DIV} at (0,0) size 784x212 [border: (2px solid #0000FF)]
        RenderBlock {DIV} at (14,14) size 756x112
          RenderText {#text} at (0,0) size 68x28
            text run at (0,0) width 68: "Tests: "
          LayoutBR {BR} at (0,0) size 0x0
          RenderText {#text} at (0,28) size 716x56
            text run at (0,28) width 716: "Inserting blocks for paragraphs should do a better job of finding a block to"
            text run at (0,56) width 116: "insert after. "
          RenderInline {A} at (0,0) size 257x28 [color=#0000EE]
            RenderText {#text} at (115,56) size 257x28
              text run at (115,56) width 257: "<rdar://problem/3996605>"
          RenderText {#text} at (371,56) size 727x56
            text run at (371,56) width 356: " Insert paragraph command puts new"
            text run at (0,84) width 548: "block in wrong place, creating difficult-to-handle HTML"
        RenderBlock {DIV} at (14,142) size 756x56
          RenderText {#text} at (0,0) size 190x28
            text run at (0,0) width 190: "Expected Results: "
          LayoutBR {BR} at (189,22) size 1x0
          RenderText {#text} at (0,28) size 438x28
            text run at (0,28) width 438: "Should see this content in the red box below: "
          RenderInline {B} at (0,0) size 21x28
            RenderText {#text} at (437,28) size 21x28
              text run at (437,28) width 21: "fo"
          RenderText {#text} at (457,28) size 13x28
            text run at (457,28) width 13: "x"
      RenderBlock {DIV} at (0,236) size 784x32
        RenderBlock {DIV} at (0,0) size 784x32 [border: (2px solid #FF0000)]
          RenderInline {B} at (0,0) size 20x28
            RenderText {#text} at (2,2) size 20x28
              text run at (2,2) width 20: "fo"
          RenderText {#text} at (21,2) size 13x28
            text run at (21,2) width 13: "x"
caret: position 3 of child 0 {#text} of child 0 {B} of child 1 {DIV} of child 3 {DIV} of body
