EDITING DELEGATE: webViewDidChangeSelection:WebViewDidChangeSelectionNotification
EDITING DELEGATE: webViewDidChangeSelection:WebViewDidChangeSelectionNotification
EDITING DELEGATE: webViewDidChangeSelection:WebViewDidChangeSelectionNotification
EDITING DELEGATE: webViewDidChangeSelection:WebViewDidChangeSelectionNotification
EDITING DELEGATE: webViewDidChangeSelection:WebViewDidChangeSelectionNotification
EDITING DELEGATE: webViewDidChangeSelection:WebViewDidChangeSelectionNotification
EDITING DELEGATE: webViewDidChange:WebViewDidChangeNotification
layer at (0,0) size 800x600
  RenderView at (0,0) size 800x600
layer at (0,0) size 800x600
  RenderBlock {HTML} at (0,0) size 800x600
    RenderBody {BODY} at (8,8) size 784x584
      RenderBlock {DIV} at (0,0) size 784x110
        RenderBlock {DIV} at (0,0) size 784x28
          RenderText {#text} at (0,0) size 277x28
            text run at (0,0) width 277: "Splitting Mail blockquotes."
        RenderBlock {DIV} at (0,28) size 784x82
          RenderText {#text} at (0,0) size 190x28
            text run at (0,0) width 190: "Expected Results: "
          LayoutBR {BR} at (189,22) size 1x0
          RenderText {#text} at (0,28) size 376x18
            text run at (0,28) width 376: "Two blockquotes, with an unquoted blank line in between."
          LayoutBR {BR} at (375,42) size 1x0
          RenderText {#text} at (0,46) size 411x18
            text run at (0,46) width 411: "The first blockquote contains two lines, the second one is blank."
          LayoutBR {BR} at (410,60) size 1x0
          RenderText {#text} at (0,64) size 341x18
            text run at (0,64) width 341: "The second blockquote contains two non-blank lines."
      RenderBlock {DIV} at (0,110) size 784x252 [border: (2px solid #FF0000)]
        RenderBlock (anonymous) at (14,14) size 756x28
          RenderText {#text} at (0,0) size 118x28
            text run at (0,0) width 118: "My citation:"
        RenderBlock {DIV} at (14,66) size 756x172
          RenderBlock {BLOCKQUOTE} at (40,0) size 676x60 [border: (2px solid #0000FF)]
            RenderBlock {DIV} at (2,2) size 672x28
              RenderText {#text} at (0,0) size 35x28
                text run at (0,0) width 35: "one"
            RenderBlock {DIV} at (2,30) size 672x28
              RenderBlock {DIV} at (0,0) size 672x28
                RenderBlock {DIV} at (0,0) size 672x28
                  LayoutBR {BR} at (0,0) size 0x28
          RenderBlock (anonymous) at (0,60) size 756x28
            LayoutBR {BR} at (0,0) size 0x28
          RenderBlock {BLOCKQUOTE} at (40,112) size 676x60 [border: (2px solid #0000FF)]
            RenderBlock {DIV} at (2,2) size 672x28
              RenderBlock {DIV} at (0,0) size 672x28
                RenderBlock {DIV} at (0,0) size 672x28
                  RenderText {#text} at (0,0) size 136x28
                    text run at (0,0) width 136: "one and a half"
            RenderBlock {DIV} at (2,30) size 672x28
              RenderText {#text} at (0,0) size 36x28
                text run at (0,0) width 36: "two"
caret: position 0 of child 2 {BR} of child 1 {DIV} of child 3 {DIV} of body
