layer at (0,0) size 800x600
  RenderView at (0,0) size 800x600
layer at (0,0) size 800x132
  RenderBlock {HTML} at (0,0) size 800x132
    RenderBody {BODY} at (8,16) size 784x108
      RenderBlock {P} at (0,0) size 784x18
        RenderText {#text} at (0,0) size 568x18
          text run at (0,0) width 568: "To PASS this test case the text of the button label should not be selected in the selection."
      RenderBlock {DIV} at (0,34) size 784x74
        RenderBlock (anonymous) at (0,0) size 784x37
          RenderText {#text} at (0,0) size 50x18
            text run at (0,0) width 50: "Buttons"
          LayoutBR {BR} at (49,0) size 1x18
          RenderText {#text} at (0,18) size 61x18
            text run at (0,18) width 61: "with text "
          RenderButton {INPUT} at (60.44,19) size 61.02x18 [bgcolor=#C0C0C0]
            RenderBlock (anonymous) at (8,2) size 45.02x13
              RenderText {#text} at (0,0) size 46x13
                text run at (0,0) width 46: "too little"
          RenderText {#text} at (121,18) size 59x18
            text run at (121,18) width 59: " too little"
        RenderBlock {DIV} at (0,37) size 784x19
          RenderText {#text} at (0,0) size 56x18
            text run at (0,0) width 56: "and text "
          RenderButton {INPUT} at (55.09,1) size 66.67x18 [bgcolor=#C0C0C0]
            RenderBlock (anonymous) at (8,2) size 50.67x13
              RenderText {#text} at (0,0) size 51x13
                text run at (0,0) width 51: "too much"
          RenderText {#text} at (121,0) size 65x18
            text run at (121,0) width 65: " too much"
        RenderBlock (anonymous) at (0,56) size 784x18
          RenderText {#text} at (0,0) size 250x18
            text run at (0,0) width 250: "Should not be selected in the selection."
selection start: position 0 of child 0 {#text} of child 1 {P} of body
selection end:   position 41 of child 6 {#text} of child 3 {DIV} of body
