layer at (0,0) size 800x600
  RenderView at (0,0) size 800x600
layer at (0,0) size 800x600
  RenderBlock {HTML} at (0,0) size 800x600
    RenderBody {BODY} at (8,8) size 784x584
      RenderBlock {P} at (0,0) size 784x36
        RenderText {#text} at (0,0) size 744x36
          text run at (0,0) width 744: "This test ensures selection that crosses the shadow DOM boundary of a readonly input element cannot be made by a"
          text run at (0,18) width 79: "mouse drag."
      RenderBlock {P} at (0,52) size 784x36
        RenderText {#text} at (0,0) size 776x36
          text run at (0,0) width 776: "To manually test, select text by a mouse drag starting in \"WebKit\" and ending in \"hello\". Selection should extend only in"
          text run at (0,18) width 269: "the input element that contains \"WebKit\"."
      RenderBlock {DIV} at (0,104) size 784x24
        LayoutTextControl {INPUT} at (0,0) size 59.39x24 [bgcolor=#FFFFFF] [border: (2px inset #EEEEEE)]
        RenderText {#text} at (59,4) size 5x18
          text run at (59,4) width 5: " "
        RenderInline {SPAN} at (0,0) size 38x18
          RenderText {#text} at (63,4) size 38x18
            text run at (63,4) width 38: "world"
        RenderText {#text} at (100,4) size 5x18
          text run at (100,4) width 5: " "
        LayoutTextControl {INPUT} at (104.72,0) size 59.39x24 [bgcolor=#FFFFFF] [border: (2px inset #EEEEEE)]
        RenderText {#text} at (0,0) size 0x0
layer at (11,115) size 53x18
  RenderBlock {DIV} at (3,3) size 53.39x18
    RenderText {#text} at (0,0) size 38x18
      text run at (0,0) width 38: "hello"
layer at (116,115) size 53x18 scrollWidth 54
  RenderBlock {DIV} at (3,3) size 53.39x18
    RenderText {#text} at (0,0) size 54x18
      text run at (0,0) width 54: "WebKit"
selection start: position 0 of child 0 {#text} of child 0 {DIV} of {#document-fragment} of child 5 {INPUT} of child 5 {DIV} of body
selection end:   position 2 of child 0 {#text} of child 0 {DIV} of {#document-fragment} of child 5 {INPUT} of child 5 {DIV} of body
