layer at (0,0) size 800x600
  RenderView at (0,0) size 800x600
layer at (0,0) size 800x600
  RenderBlock {HTML} at (0,0) size 800x600
    RenderBody {BODY} at (8,8) size 784x584 [bgcolor=#FFFFFF]
      RenderBlock {DIV} at (0,0) size 784x132
        LayoutTable {TABLE} at (4,0) size 776x40
          LayoutTableSection {TBODY} at (0,0) size 776x40
            LayoutTableRow {TR} at (0,0) size 776x22 [color=#FFFFFF] [bgcolor=#455166]
              LayoutTableCell {TD} at (0,0) size 776x22 [r=0 c=0 rs=1 cs=1]
                RenderText {#text} at (510,1) size 254x19
                  text run at (510,1) width 254: "This column seems to finish early"
            LayoutTableRow {TR} at (0,22) size 776x18
              LayoutTableCell {TD} at (0,22) size 776x18 [bgcolor=#C0C0C0] [r=1 c=0 rs=1 cs=1]
                RenderText {#text} at (1,1) size 4x16
                  text run at (1,1) width 4: " "
        RenderBlock {P} at (0,56) size 784x20
          RenderText {#text} at (390,0) size 4x19
            text run at (390,0) width 4: " "
        LayoutTable {TABLE} at (4,92) size 776x40
          LayoutTableSection {TBODY} at (0,0) size 776x40
            LayoutTableRow {TR} at (0,0) size 776x22
              LayoutTableCell {TD} at (0,0) size 776x22 [color=#FFFFFF] [bgcolor=#455166] [r=0 c=0 rs=1 cs=1]
                RenderText {#text} at (653,1) size 111x19
                  text run at (653,1) width 111: "This one is OK"
            LayoutTableRow {TR} at (0,22) size 776x18
              LayoutTableCell {TD} at (0,22) size 776x18 [bgcolor=#C0C0C0] [r=1 c=0 rs=1 cs=1]
                RenderText {#text} at (1,1) size 4x16
                  text run at (1,1) width 4: " "
