layer at (0,0) size 800x600
  RenderView at (0,0) size 800x600
layer at (0,0) size 800x600
  RenderBlock {HTML} at (0,0) size 800x600
    RenderBody {BODY} at (8,8) size 784x584
      RenderBlock (anonymous) at (0,0) size 784x20
        RenderText {#text} at (0,0) size 101x19
          text run at (0,0) width 101: "table height=200"
      LayoutTable {TABLE} at (0,20) size 106x200 [border: (1px outset #808080)]
        LayoutTableSection {TBODY} at (1,1) size 104x198
          LayoutTableRow {TR} at (0,2) size 104x156
            LayoutTableCell {TD} at (2,68) size 100x24 [border: (1px inset #808080)] [r=0 c=0 rs=1 cs=1]
              RenderText {#text} at (2,2) size 96x19
                text run at (2,2) width 96: "80% height row"
          LayoutTableRow {TR} at (0,160) size 104x36
            LayoutTableCell {TD} at (2,166) size 100x24 [border: (1px inset #808080)] [r=1 c=0 rs=1 cs=1]
              RenderText {#text} at (2,2) size 96x19
                text run at (2,2) width 96: "80% height row"
      RenderBlock (anonymous) at (0,220) size 784x40
        LayoutBR {BR} at (0,0) size 0x19
        RenderText {#text} at (0,20) size 101x19
          text run at (0,20) width 101: "table height=200"
      LayoutTable {TABLE} at (0,260) size 101x306 [border: (1px outset #808080)]
        LayoutTableSection {TBODY} at (1,1) size 99x304
          LayoutTableRow {TR} at (0,2) size 99x300
            LayoutTableCell {TD} at (2,140) size 95x24 [border: (1px inset #808080)] [r=0 c=0 rs=1 cs=1]
              RenderText {#text} at (2,2) size 91x19
                text run at (2,2) width 91: "400 height row"
