layer at (0,0) size 800x600
  RenderView at (0,0) size 800x600
layer at (0,0) size 800x600
  RenderBlock {HTML} at (0,0) size 800x600
    RenderBody {BODY} at (8,8) size 784x576
      RenderBlock {P} at (0,0) size 784x36
        RenderText {#text} at (0,0) size 55x18
          text run at (0,0) width 55: "Test for "
        RenderInline {I} at (0,0) size 741x36
          RenderInline {A} at (0,0) size 354x18 [color=#0000EE]
            RenderText {#text} at (54,0) size 354x18
              text run at (54,0) width 354: "http://bugzilla.opendarwin.org/show_bug.cgi?id=3560"
          RenderText {#text} at (407,0) size 741x36
            text run at (407,0) width 334: " page with use of first-letter crashes reproducibly in"
            text run at (0,18) width 191: "LayoutObject::renderArena()"
        RenderText {#text} at (190,18) size 5x18
          text run at (190,18) width 5: "."
      RenderBlock {P} at (0,52) size 784x18
        RenderText {#text} at (0,0) size 236x18
          text run at (0,0) width 236: "The next three lines should all read \x{201C}"
        RenderInline {SPAN} at (0,0) size 10x18 [color=#0000FF]
          RenderText {#text} at (235,0) size 10x18
            text run at (235,0) width 10: "P"
        RenderText {#text} at (244,0) size 212x18
          text run at (244,0) width 212: "ASS\x{201D}, with nothing before the P."
      RenderBlock {HR} at (0,86) size 784x2 [border: (1px inset #EEEEEE)]
      RenderBlock {P} at (0,104) size 784x18
        RenderInline {<pseudo:first-letter>} at (0,0) size 9x18 [color=#0000FF]
          RenderTextFragment at (0,0) size 9x18
            text run at (0,0) width 9: "P"
        RenderTextFragment {#text} at (8,0) size 31x18
          text run at (8,0) width 31: "ASS"
      RenderBlock {P} at (0,138) size 784x18
        RenderInline {<pseudo:first-letter>} at (0,0) size 9x18 [color=#0000FF]
          RenderTextFragment at (0,0) size 9x18
            text run at (0,0) width 9: "P"
        RenderTextFragment {#text} at (8,0) size 31x18
          text run at (8,0) width 31: "ASS"
      RenderBlock {P} at (0,172) size 784x18
        RenderInline {<pseudo:first-letter>} at (0,0) size 9x18 [color=#0000FF]
          RenderTextFragment at (0,0) size 9x18
            text run at (0,0) width 9: "P"
        RenderTextFragment {#text} at (8,0) size 31x18
          text run at (8,0) width 31: "ASS"
