layer at (0,0) size 800x600
  RenderView at (0,0) size 800x600
layer at (0,0) size 800x600
  RenderBlock {HTML} at (0,0) size 800x600
    RenderBody {BODY} at (8,8) size 784x584
      RenderBlock {DIV} at (0,0) size 784x18
        RenderText {#text} at (0,0) size 55x18
          text run at (0,0) width 55: "Test for "
        RenderInline {A} at (0,0) size 122x18 [color=#0000EE]
          RenderText {#text} at (54,0) size 122x18
            text run at (54,0) width 122: "Bugzilla Bug 9934"
        RenderText {#text} at (175,0) size 462x18
          text run at (175,0) width 462: " Selecting text in text field with {line-height:100%} causes it to bounce."
      RenderBlock {DIV} at (0,18) size 784x19
        LayoutTextControl {INPUT} at (0,0) size 123x19 [bgcolor=#FFFFFF] [border: (2px inset #EEEEEE)]
      RenderBlock {DIV} at (0,37) size 784x36
        RenderText {#text} at (0,0) size 750x36
          text run at (0,0) width 586: "Select the text in the text field using horizontal mouse movements, then drag up and down. "
          text run at (585,0) width 165: "The text should not move"
          text run at (0,18) width 65: "vertically."
layer at (11,29) size 117x13
  RenderBlock {DIV} at (3,3) size 117x13
    RenderText {#text} at (0,0) size 70x13
      text run at (0,0) width 70: "Lorem Ipsum"
