layer at (0,0) size 800x600
  RenderView at (0,0) size 800x600
layer at (0,0) size 800x600
  RenderBlock {HTML} at (0,0) size 800x600
    RenderBody {BODY} at (8,8) size 784x576
      RenderBlock {P} at (0,0) size 784x18
        RenderText {#text} at (0,0) size 521x18
          text run at (0,0) width 521: "Tests that CSS-generated :before or :after content doesn't intrude into ruby bases."
      RenderBlock {P} at (0,34) size 784x0
      RenderBlock (anonymous) at (0,34) size 784x28
        RenderText {#text} at (0,10) size 29x18
          text run at (0,10) width 29: "Foo "
        LayoutRuby (inline) {RUBY} at (0,0) size 77x18
          RenderInline {<pseudo:before>} at (0,0) size 53x18
            RenderTextFragment at (28,10) size 53x18
              text run at (28,10) width 53: "[before]"
          LayoutRubyRun (anonymous) at (76.41,10) size 31.75x18
            LayoutRubyText {RT} at (0,-10) size 31.75x10
              RenderText {#text} at (0,0) size 32x10
                text run at (0,0) width 32: "long text"
            LayoutRubyBase (anonymous) at (0,0) size 31.75x18
              RenderText {#text} at (11,0) size 9x18
                text run at (11,0) width 9: "b"
        RenderText {#text} at (104,10) size 28x18
          text run at (104,10) width 28: " Bar"
        LayoutBR {BR} at (131,24) size 1x0
      RenderBlock {P} at (0,78) size 784x0
      RenderBlock {P} at (0,78) size 784x0
      RenderBlock (anonymous) at (0,78) size 784x28
        RenderText {#text} at (0,10) size 29x18
          text run at (0,10) width 29: "Foo "
        LayoutRuby (inline) {RUBY} at (0,0) size 65x18
          LayoutRubyRun (anonymous) at (24.89,10) size 31.75x18
            LayoutRubyText {RT} at (0,-10) size 31.75x10
              RenderText {#text} at (0,0) size 32x10
                text run at (0,0) width 32: "long text"
            LayoutRubyBase (anonymous) at (0,0) size 31.75x18
              RenderText {#text} at (11,0) size 9x18
                text run at (11,0) width 9: "b"
          RenderInline {<pseudo:after>} at (0,0) size 41x18
            RenderTextFragment at (52,10) size 41x18
              text run at (52,10) width 41: "[after]"
        RenderText {#text} at (92,10) size 28x18
          text run at (92,10) width 28: " Bar"
        LayoutBR {BR} at (119,24) size 1x0
      RenderBlock {P} at (0,122) size 784x0
      RenderBlock {P} at (0,122) size 784x0
      RenderBlock (anonymous) at (0,122) size 784x28
        RenderText {#text} at (0,10) size 29x18
          text run at (0,10) width 29: "Foo "
        LayoutRuby (inline) {RUBY} at (0,0) size 117x18
          RenderInline {<pseudo:before>} at (0,0) size 53x18
            RenderTextFragment at (28,10) size 53x18
              text run at (28,10) width 53: "[before]"
          LayoutRubyRun (anonymous) at (76.41,10) size 31.75x18
            LayoutRubyText {RT} at (0,-10) size 31.75x10
              RenderText {#text} at (0,0) size 32x10
                text run at (0,0) width 32: "long text"
            LayoutRubyBase (anonymous) at (0,0) size 31.75x18
              RenderText {#text} at (11,0) size 9x18
                text run at (11,0) width 9: "b"
          RenderInline {<pseudo:after>} at (0,0) size 41x18
            RenderTextFragment at (104,10) size 41x18
              text run at (104,10) width 41: "[after]"
        RenderText {#text} at (144,10) size 28x18
          text run at (144,10) width 28: " Bar"
        LayoutBR {BR} at (171,24) size 1x0
      RenderBlock {P} at (0,166) size 784x0
