layer at (0,0) size 800x600
  RenderView at (0,0) size 800x600
layer at (0,0) size 800x600
  RenderBlock {HTML} at (0,0) size 800x600
    RenderBody {BODY} at (8,8) size 784x576
      RenderBlock {P} at (0,0) size 784x18
        RenderText {#text} at (0,0) size 463x18
          text run at (0,0) width 463: "The following is a test for having a <rt> immediately following another."
      RenderBlock (anonymous) at (0,34) size 784x36
        LayoutBR {BR} at (0,0) size 0x18
        LayoutBR {BR} at (0,18) size 0x18
      RenderBlock {P} at (0,86) size 784x28
        RenderText {#text} at (0,10) size 83x18
          text run at (0,10) width 83: "<ruby> uses "
        LayoutRuby (inline) {RUBY} at (0,0) size 43x18
          LayoutRubyRun (anonymous) at (82.92,10) size 27.83x18
            LayoutRubyText {RT} at (0,-10) size 27.83x10
              RenderText {#text} at (5,0) size 18x10
                text run at (5,0) width 18: "ruby"
            LayoutRubyBase (anonymous) at (0,0) size 27.83x18
              RenderText {#text} at (0,0) size 29x18
                text run at (0,0) width 29: "<rt>"
          LayoutRubyRun (anonymous) at (110.75,26) size 13.50x0
            LayoutRubyText {RT} at (0,-10) size 13.50x10
              RenderText {#text} at (0,0) size 14x10
                text run at (0,0) width 14: "text"
        RenderText {#text} at (124,10) size 167x18
          text run at (124,10) width 167: " to contain the annotation."
