layer at (0,0) size 800x600
  RenderView at (0,0) size 800x600
layer at (0,0) size 800x600
  RenderBlock {HTML} at (0,0) size 800x600
    RenderBody {BODY} at (8,8) size 784x576
      RenderBlock {P} at (0,0) size 784x18
        RenderText {#text} at (0,0) size 586x18
          text run at (0,0) width 586: "The following is a test for DOM manipulation within <ruby>: Inserting a new <rt> element"
      RenderBlock {P} at (0,34) size 784x18
        RenderText {#text} at (0,0) size 448x18
          text run at (0,0) width 448: "Both lines should look identical (the first line is the one manipulated)."
      RenderBlock (anonymous) at (0,68) size 784x36
        LayoutBR {BR} at (0,0) size 0x18
        LayoutBR {BR} at (0,18) size 0x18
      RenderBlock {P} at (0,120) size 784x28
        RenderText {#text} at (0,10) size 159x18
          text run at (0,10) width 159: "<ruby> is defined in the "
        LayoutRuby (inline) {RUBY} at (0,0) size 110x18
          LayoutRubyRun (anonymous) at (154.02,10) size 38.98x18
            LayoutRubyText {RT} at (0,-10) size 38.98x10
              RenderText {#text} at (0,0) size 40x10
                text run at (0,0) width 40: "Hyper-text"
            LayoutRubyBase (anonymous) at (0,0) size 38.98x18
              RenderInline {SPAN} at (0,0) size 23x18
                RenderText {#text} at (8,0) size 23x18
                  text run at (8,0) width 23: "HT"
          LayoutRubyRun (anonymous) at (193,10) size 66.23x18
            LayoutRubyText {RT} at (0,-10) size 66.23x10
              RenderText {#text} at (0,0) size 67x10
                text run at (0,0) width 67: "Markup Language"
            LayoutRubyBase (anonymous) at (0,0) size 66.23x18
              RenderInline {SPAN} at (0,0) size 25x18
                RenderText {#text} at (21,0) size 25x18
                  text run at (21,0) width 25: "ML"
          LayoutRubyRun (anonymous) at (259.23,10) size 8x18
            LayoutRubyBase (anonymous) at (0,0) size 8x18
              RenderText {#text} at (0,0) size 8x18
                text run at (0,0) width 8: "5"
        RenderText {#text} at (267,10) size 37x18
          text run at (267,10) width 37: " spec."
      RenderBlock {P} at (0,164) size 784x28
        RenderText {#text} at (0,10) size 159x18
          text run at (0,10) width 159: "<ruby> is defined in the "
        LayoutRuby (inline) {RUBY} at (0,0) size 110x18
          LayoutRubyRun (anonymous) at (154.02,10) size 38.98x18
            LayoutRubyText {RT} at (0,-10) size 38.98x10
              RenderText {#text} at (0,0) size 40x10
                text run at (0,0) width 40: "Hyper-text"
            LayoutRubyBase (anonymous) at (0,0) size 38.98x18
              RenderInline {SPAN} at (0,0) size 23x18
                RenderText {#text} at (8,0) size 23x18
                  text run at (8,0) width 23: "HT"
          LayoutRubyRun (anonymous) at (193,10) size 66.23x18
            LayoutRubyText {RT} at (0,-10) size 66.23x10
              RenderText {#text} at (0,0) size 67x10
                text run at (0,0) width 67: "Markup Language"
            LayoutRubyBase (anonymous) at (0,0) size 66.23x18
              RenderInline {SPAN} at (0,0) size 25x18
                RenderText {#text} at (21,0) size 25x18
                  text run at (21,0) width 25: "ML"
          LayoutRubyRun (anonymous) at (259.23,10) size 8x18
            LayoutRubyBase (anonymous) at (0,0) size 8x18
              RenderText {#text} at (0,0) size 8x18
                text run at (0,0) width 8: "5"
        RenderText {#text} at (267,10) size 37x18
          text run at (267,10) width 37: " spec."
