layer at (0,0) size 800x600
  RenderView at (0,0) size 800x600
layer at (0,0) size 800x87
  RenderBlock {HTML} at (0,0) size 800x87
    RenderBody {BODY} at (16,16) size 768x55 [color=#0000FF]
      LayoutRuby (inline) {RUBY} at (0,0) size 209x37
        LayoutRubyRun (anonymous) at (0,18) size 186.67x37
          LayoutRubyText {RT} at (0,-18) size 186.67x18
            RenderInline {<pseudo:before>} at (0,0) size 62x18
              RenderTextFragment at (0,0) size 62x18
                text run at (0,0) width 62: "BEFORE"
            RenderText {#text} at (61,0) size 76x18
              text run at (61,0) width 76: "CONTENT"
            RenderInline {<pseudo:after>} at (0,0) size 52x18
              RenderTextFragment at (136,0) size 52x18
                text run at (136,0) width 52: "AFTER"
          LayoutRubyBase (anonymous) at (0,0) size 186.67x37
            RenderText {#text} at (81,0) size 24x37
              text run at (81,0) width 24: "A"
        LayoutRubyRun (anonymous) at (186.67,18) size 21.34x37
          LayoutRubyBase (anonymous) at (0,0) size 21.34x37
            RenderText {#text} at (0,0) size 22x37
              text run at (0,0) width 22: "B"
      RenderText {#text} at (0,0) size 0x0
      RenderText {#text} at (0,0) size 0x0
