layer at (0,0) size 800x600
  RenderView at (0,0) size 800x600
layer at (0,0) size 800x336
  RenderBlock {HTML} at (0,0) size 800x336
    RenderBody {BODY} at (8,8) size 784x320
      RenderBlock (anonymous) at (0,0) size 784x20
        RenderText {#text} at (0,0) size 303x19
          text run at (0,0) width 303: "There should be a ~2px shadow around the circle."
      RenderBlock {DIV} at (0,20) size 300x300
