layer at (0,0) size 800x600
  RenderView at (0,0) size 800x600
layer at (0,0) size 800x496
  RenderBlock {HTML} at (0,0) size 800x496.44
    RenderBody {BODY} at (8,18.72) size 784x469.72
      RenderBlock {H3} at (0,0) size 784x23
        RenderText {#text} at (0,0) size 92x22
          text run at (0,0) width 92: "It passes if:"
      RenderBlock {UL} at (0,41.72) size 784x80
        RenderListItem {LI} at (40,0) size 744x20
          RenderListMarker at (-18,0) size 7x19: bullet
          RenderText {#text} at (0,0) size 374x19
            text run at (0,0) width 374: "the 10px gray background is visible around the canvas content"
        RenderListItem {LI} at (40,20) size 744x20
          RenderListMarker at (-18,0) size 7x19: bullet
          RenderText {#text} at (0,0) size 148x19
            text run at (0,0) width 148: "has 5px solid red border"
        RenderListItem {LI} at (40,40) size 744x20
          RenderListMarker at (-18,0) size 7x19: bullet
          RenderText {#text} at (0,0) size 305x19
            text run at (0,0) width 305: "all the corners for border and padding are rounded"
        RenderListItem {LI} at (40,60) size 744x20
          RenderListMarker at (-18,0) size 7x19: bullet
          RenderText {#text} at (0,0) size 351x19
            text run at (0,0) width 351: "the bottom right corner of canvas content is NOT rounded"
      RenderBlock (anonymous) at (0,137.72) size 784x332
        RenderText {#text} at (0,0) size 0x0
        RenderText {#text} at (0,0) size 0x0
layer at (28,176) size 287x287
  LayoutHTMLCanvas {CANVAS} at (20,20) size 287x287 [bgcolor=#808080] [border: (5px solid #FF0000)]
