layer at (0,0) size 800x600
  RenderView at (0,0) size 800x600
layer at (0,0) size 800x600
  RenderBlock {HTML} at (0,0) size 800x600
    RenderBody {BODY} at (8,8) size 784x584
      RenderBlock (anonymous) at (0,0) size 784x20
        RenderText {#text} at (0,0) size 355x19
          text run at (0,0) width 355: "auto table - % width single cell has no effect (not so in IE5)"
      LayoutTable {TABLE} at (0,20) size 682x46 [border: (1px outset #808080)]
        LayoutTableSection {TBODY} at (1,1) size 680x44
          LayoutTableRow {TR} at (0,10) size 680x24
            LayoutTableCell {TD} at (10,10) size 660x24 [border: (1px inset #808080)] [r=0 c=0 rs=1 cs=1]
              RenderText {#text} at (2,2) size 62x19
                text run at (2,2) width 62: "10% 10%"
      RenderBlock (anonymous) at (0,66) size 784x60
        LayoutBR {BR} at (0,0) size 0x19
        RenderText {#text} at (0,20) size 753x39
          text run at (0,20) width 753: "auto table - % width cell increases table width based on % cell which makes it largest. Nav4.x does not increase the table too"
          text run at (0,40) width 164: "much if the only cells are %"
      LayoutTable {TABLE} at (0,126) size 784x46 [border: (1px outset #808080)]
        LayoutTableSection {TBODY} at (1,1) size 782x44
          LayoutTableRow {TR} at (0,10) size 782x24
            LayoutTableCell {TD} at (10,10) size 84x24 [border: (1px inset #808080)] [r=0 c=0 rs=1 cs=1]
              RenderText {#text} at (2,2) size 21x19
                text run at (2,2) width 21: "1%"
            LayoutTableCell {TD} at (104,10) size 668x24 [border: (1px inset #808080)] [r=0 c=1 rs=1 cs=1]
              RenderText {#text} at (2,2) size 29x19
                text run at (2,2) width 29: "10%"
      RenderBlock (anonymous) at (0,172) size 784x20
        LayoutBR {BR} at (0,0) size 0x19
