layer at (0,0) size 800x600
  RenderView at (0,0) size 800x600
layer at (0,0) size 800x600
  RenderBlock {HTML} at (0,0) size 800x600
    RenderBody {BODY} at (8,8) size 784x584
      LayoutTable {TABLE} at (0,0) size 200x200
        LayoutTableSection {TBODY} at (0,0) size 200x200
          LayoutTableRow {TR} at (0,2) size 200x196
            LayoutTableCell {TD} at (2,89) size 196x22 [bgcolor=#008000] [r=0 c=0 rs=1 cs=1]
              RenderText {#text} at (1,1) size 164x19
                text run at (1,1) width 164: "I should be 200px x 200px"
