layer at (0,0) size 800x600
  RenderView at (0,0) size 800x600
layer at (0,0) size 800x600
  RenderBlock {HTML} at (0,0) size 800x600
    RenderBody {BODY} at (8,8) size 784x584
      LayoutTable {TABLE} at (0,0) size 600x50
        LayoutTableSection {TBODY} at (0,0) size 600x50
          LayoutTableRow {TR} at (0,0) size 600x20
            LayoutTableCell {TD} at (0,0) size 150x20 [bgcolor=#00EEEE] [r=0 c=0 rs=1 cs=1]
              RenderText {#text} at (0,0) size 95x19
                text run at (0,0) width 95: "150 pixels wide"
            LayoutTableCell {TD} at (150,9) size 1x1 [bgcolor=#FF0000] [r=0 c=1 rs=1 cs=1]
              LayoutImage {IMG} at (0,0) size 1x1
              RenderText {#text} at (0,0) size 0x0
            LayoutTableCell {TD} at (151,0) size 449x20 [bgcolor=#EEEE00] [r=0 c=2 rs=1 cs=1]
              RenderText {#text} at (0,0) size 95x19
                text run at (0,0) width 95: "449 pixels wide"
          LayoutTableRow {TR} at (0,20) size 600x30
            LayoutTableCell {TD} at (0,20) size 600x30 [bgcolor=#00FF00] [r=1 c=0 rs=1 cs=3]
              RenderText {#text} at (0,0) size 172x19
                text run at (0,0) width 172: "Bottom cell, 600 pixels wide"
              LayoutImage {IMG} at (0,20) size 600x10
              RenderText {#text} at (0,0) size 0x0
