layer at (0,0) size 800x600
  RenderView at (0,0) size 800x600
layer at (0,0) size 800x600
  RenderBlock {HTML} at (0,0) size 800x600
    RenderBody {BODY} at (8,8) size 784x584 [bgcolor=#000066]
      RenderBlock (anonymous) at (0,0) size 784x0
        RenderInline {BASEFONT} at (0,0) size 0x0
        RenderText {#text} at (0,0) size 0x0
      LayoutTable {TABLE} at (0,0) size 613x95
        LayoutTableSection {TBODY} at (0,0) size 613x95
          LayoutTableRow {TR} at (0,0) size 613x70
            LayoutTableCell {TD} at (0,5) size 126x85 [r=0 c=0 rs=2 cs=1]
              RenderInline {A} at (0,0) size 126x19 [color=#0000EE]
                LayoutImage {IMG} at (0,0) size 126x85
              RenderText {#text} at (0,0) size 0x0
            LayoutTableCell {TD} at (126,0) size 487x70 [r=0 c=1 rs=1 cs=3]
              RenderInline {NOBR} at (0,0) size 19x19
                RenderInline {A} at (0,0) size 19x19 [color=#0000EE]
                  LayoutImage {IMG} at (468,0) size 19x60
              LayoutBR {BR} at (487,60) size 0x0
              LayoutImage {IMG} at (0,60) size 470x10
              LayoutBR {BR} at (470,70) size 0x0
          LayoutTableRow {TR} at (0,70) size 613x25
            LayoutTableCell {TD} at (126,70) size 233x25 [bgcolor=#CCCCCC] [r=1 c=1 rs=1 cs=1]
              LayoutImage {IMG} at (0,0) size 232x25
            LayoutTableCell {TD} at (359,71) size 120x22 [bgcolor=#CCCCCC] [r=1 c=2 rs=1 cs=1]
              LayoutTextControl {INPUT} at (0.50,0) size 94x22 [bgcolor=#FFFFFF] [border: (2px inset #EEEEEE)]
              LayoutImage {INPUT} at (94.50,4) size 25x18
            LayoutTableCell {TD} at (479,70) size 134x25 [bgcolor=#CCCCCC] [r=1 c=3 rs=1 cs=1]
              RenderBlock {INPUT} at (5,3) size 13x13
              LayoutImage {IMG} at (21,0) size 40x25
              RenderBlock {INPUT} at (66,3) size 13x13
              RenderText {#text} at (82,1) size 4x19
                text run at (82,1) width 4: " "
              RenderBlock {IMG} at (86,0) size 46x25
layer at (134,8) size 468x60
  LayoutIFrame {IFRAME} at (0,0) size 468x60
    layer at (0,0) size 468x60
      RenderView at (0,0) size 468x60
    layer at (0,0) size 468x60
      RenderBlock {HTML} at (0,0) size 468x60
        RenderBody {BODY} at (0,0) size 468x60
          RenderInline {BASE} at (0,0) size 0x0
          RenderText {#text} at (0,0) size 0x0
          RenderInline {A} at (0,0) size 468x19 [color=#0000EE]
            RenderText {#text} at (0,0) size 0x0
            LayoutImage {IMG} at (0,0) size 468x60
          RenderText {#text} at (0,0) size 0x0
layer at (370,82) size 90x16
  RenderBlock {DIV} at (2,3) size 90x16
layer at (573,78) size 46x25 clip at (574,79) size 44x23
  RenderBlock {DIV} at (0,0) size 46x25 [border: (1px solid #C0C0C0)]
    LayoutImage {IMG} at (2,2) size 16x16
layer at (591,80) size 26x20 scrollWidth 59
  RenderBlock {DIV} at (18,2) size 26x20
    RenderText {#text} at (0,0) size 59x19
      text run at (0,0) width 59: "EarthLink"
