layer at (0,0) size 800x600
  RenderView at (0,0) size 800x600
layer at (0,0) size 800x600
  RenderBlock {HTML} at (0,0) size 800x600
    RenderBody {BODY} at (8,8) size 784x584
      LayoutTable {TABLE} at (0,0) size 645x584
        LayoutTableSection {TBODY} at (0,0) size 645x584
          LayoutTableRow {TR} at (0,0) size 645x22
            LayoutTableCell {TD} at (0,0) size 645x22 [r=0 c=0 rs=1 cs=1]
              RenderBlock {DIV} at (0,0) size 645x22 [border: (2px solid #FF0000)]
                RenderText {#text} at (2,2) size 180x18
                  text run at (2,2) width 180: "i am the text of the first row"
          LayoutTableRow {TR} at (0,22) size 645x562
            LayoutTableCell {TD} at (0,22) size 645x22 [r=1 c=0 rs=1 cs=1]
              RenderBlock {DIV} at (0,0) size 645x22 [border: (2px solid #FF0000)]
                RenderText {#text} at (2,2) size 198x18
                  text run at (2,2) width 198: "i am the text of the second row"
