layer at (0,0) size 800x600
  RenderView at (0,0) size 800x600
layer at (0,0) size 800x600
  RenderBlock {HTML} at (0,0) size 800x600
    RenderBody {BODY} at (8,8) size 784x584
      RenderBlock {P} at (0,0) size 784x18
        RenderText {#text} at (0,0) size 55x18
          text run at (0,0) width 55: "Test for "
        RenderInline {I} at (0,0) size 722x18
          RenderInline {A} at (0,0) size 306x18 [color=#0000EE]
            RenderText {#text} at (54,0) size 306x18
              text run at (54,0) width 306: "http://bugs.webkit.org/show_bug.cgi?id=13774"
          RenderText {#text} at (359,0) size 417x18
            text run at (359,0) width 5: " "
            text run at (363,0) width 413: "REGRESSION: Crash emailing blog entry using Google Reader"
        RenderText {#text} at (775,0) size 5x18
          text run at (775,0) width 5: "."
      RenderBlock {P} at (0,34) size 784x18
        RenderText {#text} at (0,0) size 70x18
          text run at (0,0) width 70: "SUCCESS"
      RenderBlock (anonymous) at (0,68) size 784x1
        LayoutImage {IMG} at (0,0) size 1x1
        RenderText {#text} at (0,0) size 0x0
      LayoutTable {TABLE} at (0,69) size 2x2
        LayoutTableSection {TBODY} at (0,0) size 2x2
          LayoutTableRow {TR} at (0,0) size 2x0
          LayoutTableRow {TR} at (0,0) size 2x2
            LayoutTableCell {TD} at (0,0) size 2x2 [r=1 c=0 rs=1 cs=1]
