layer at (0,0) size 800x600
  RenderView at (0,0) size 800x600
layer at (0,0) size 800x600
  RenderBlock {HTML} at (0,0) size 800x600
    RenderBody {BODY} at (8,8) size 784x584
      LayoutTable {TABLE} at (0,0) size 170x26
        LayoutTableSection {TBODY} at (0,0) size 170x26
          LayoutTableRow {TR} at (0,2) size 170x22
            LayoutTableCell {TD} at (2,2) size 166x22 [r=0 c=0 rs=1 cs=1]
              RenderBlock {DIV} at (1,1) size 164x20
                RenderText {#text} at (0,0) size 160x19
                  text run at (0,0) width 160: "This text should not break "
                RenderInline (generated) at (0,0) size 4x19
                  RenderText at (160,0) size 4x19
                    text run at (160,0) width 4: "."
