layer at (0,0) size 800x600
  RenderView at (0,0) size 800x600
layer at (0,0) size 800x449
  RenderBlock {HTML} at (0,0) size 800x449
    RenderBody {BODY} at (8,16) size 784x425
      RenderBlock {P} at (0,0) size 784x36
        RenderText {#text} at (0,0) size 139x18
          text run at (0,0) width 139: "This is a test case for "
        RenderInline {I} at (0,0) size 775x36
          RenderText {#text} at (138,0) size 775x36
            text run at (138,0) width 637: "http://bugzilla.opendarwin.org/show_bug.cgi?id=5826 Blocks with direction:rtl and overflow:auto"
            text run at (0,18) width 221: "or scroll have incorrect scrollbars"
        RenderText {#text} at (220,18) size 5x18
          text run at (220,18) width 5: "."
      RenderBlock (anonymous) at (0,52) size 784x18
        RenderText {#text} at (0,0) size 469x18
          text run at (0,0) width 469: "The right column should be a mirror-image of the left column in terms of"
      RenderBlock {UL} at (0,86) size 784x72
        RenderListItem {LI} at (40,0) size 744x18
          RenderListMarker at (-17,0) size 7x18: bullet
          RenderText {#text} at (0,0) size 168x18
            text run at (0,0) width 168: "the presence of a scrollbar"
        RenderListItem {LI} at (40,18) size 744x18
          RenderListMarker at (-17,0) size 7x18: bullet
          RenderText {#text} at (0,0) size 242x18
            text run at (0,0) width 242: "the initial position of the scroll thumb"
        RenderListItem {LI} at (40,36) size 744x18
          RenderListMarker at (-17,0) size 7x18: bullet
          RenderText {#text} at (0,0) size 462x18
            text run at (0,0) width 462: "which letters are visible initially and when you scroll (in the top 3 rows)"
        RenderListItem {LI} at (40,54) size 744x18
          RenderListMarker at (-17,0) size 7x18: bullet
          RenderText {#text} at (0,0) size 591x18
            text run at (0,0) width 591: "the position of the blue and olive boxes, initially and when you scroll (in the bottom 2 rows)"
      LayoutTable {TABLE} at (0,174) size 256x251
        LayoutTableSection {TBODY} at (0,0) size 256x251
          LayoutTableRow {TR} at (0,2) size 256x247
            LayoutTableCell {TD} at (2,2) size 125x247.25 [r=0 c=0 rs=1 cs=1]
            LayoutTableCell {TD} at (129,2) size 125x247.25 [r=0 c=1 rs=1 cs=1]
layer at (15,197) size 115x44 clip at (25,197) size 100x29 scrollWidth 191
  RenderBlock {DIV} at (5,5) size 115x44.25 [bgcolor=#FFFF00] [border: none (5px solid #008000) none (10px solid #FF0000)]
    RenderText {#text} at (10,0) size 192x18
      text run at (10,0) width 192: "abcdefghijklmnopqrstuvwxyz"
layer at (15,245) size 115x45 clip at (25,245) size 100x45 scrollHeight 44
  RenderBlock {DIV} at (5,53.25) size 115x44.25 [bgcolor=#FFFF00] [border: none (5px solid #008000) none (10px solid #FF0000)]
    RenderBlock {DIV} at (10,0) size 100x18 [bgcolor=#D3D3D3]
      RenderText {#text} at (-91,0) size 192x18
        text run at (-91,0) width 191: "abcdefghijklmnopqrstuvwxyz"
layer at (15,294) size 115x44 clip at (25,294) size 100x29 scrollWidth 191
  RenderBlock {DIV} at (5,101.50) size 115x44.25 [bgcolor=#FFFF00] [border: none (5px solid #008000) none (10px solid #FF0000)]
    RenderBlock {DIV} at (10,0) size 100x18 [bgcolor=#D3D3D3]
      RenderText {#text} at (0,0) size 192x18
        text run at (0,0) width 192: "abcdefghijklmnopqrstuvwxyz"
layer at (142,197) size 115x44 clip at (147,197) size 100x29 scrollX 91.00 scrollWidth 191
  RenderBlock {DIV} at (5,5) size 115x44.25 [bgcolor=#FFFF00] [border: none (10px solid #FF0000) none (5px solid #008000)]
    RenderText {#text} at (-86,0) size 192x18
      text run at (-86,0) width 191: "zyxwvutsrqponmlkjihgfedcba"
layer at (142,245) size 115x45 clip at (147,245) size 100x45 scrollHeight 44
  RenderBlock {DIV} at (5,53.25) size 115x44.25 [bgcolor=#FFFF00] [border: none (10px solid #FF0000) none (5px solid #008000)]
    RenderBlock {DIV} at (5,0) size 100x18 [bgcolor=#D3D3D3]
      RenderText {#text} at (0,0) size 192x18
        text run at (0,0) width 192: "zyxwvutsrqponmlkjihgfedcba"
layer at (142,294) size 115x44 clip at (147,294) size 100x29 scrollX 91.00 scrollWidth 191
  RenderBlock {DIV} at (5,101.50) size 115x44.25 [bgcolor=#FFFF00] [border: none (10px solid #FF0000) none (5px solid #008000)]
    RenderBlock {DIV} at (5,0) size 100x18 [bgcolor=#D3D3D3]
      RenderText {#text} at (-91,0) size 192x18
        text run at (-91,0) width 191: "zyxwvutsrqponmlkjihgfedcba"
layer at (15,342) size 115x44 clip at (25,342) size 100x44
  RenderBlock (relative positioned) {DIV} at (5,149.75) size 115x44.25 [bgcolor=#FFFF00] [border: none (5px solid #008000) none (10px solid #FF0000)]
layer at (71,362) size 8x4
  RenderBlock (positioned) {DIV} at (56,20) size 8x4 [bgcolor=#0000FF]
layer at (-25,342) size 70x20 backgroundClip at (25,342) size 100x44 clip at (25,342) size 100x44 outlineClip at (25,342) size 100x44
  RenderBlock (positioned) {DIV} at (-40,0) size 70x20 [bgcolor=#808000]
layer at (15,390) size 115x44 clip at (25,390) size 100x29 scrollWidth 150
  RenderBlock (relative positioned) {DIV} at (5,198) size 115x44.25 [bgcolor=#FFFF00] [border: none (5px solid #008000) none (10px solid #FF0000)]
layer at (71,410) size 8x4
  RenderBlock (positioned) {DIV} at (56,20) size 8x4 [bgcolor=#0000FF]
layer at (105,390) size 70x20 backgroundClip at (25,390) size 100x29 clip at (25,390) size 100x29 outlineClip at (25,390) size 100x29
  RenderBlock (positioned) {DIV} at (90,0) size 70x20 [bgcolor=#808000]
layer at (142,342) size 115x44 clip at (147,342) size 100x44
  RenderBlock (relative positioned) {DIV} at (5,149.75) size 115x44.25 [bgcolor=#FFFF00] [border: none (10px solid #FF0000) none (5px solid #008000)]
layer at (193,362) size 8x4
  RenderBlock (positioned) {DIV} at (51,20) size 8x4 [bgcolor=#0000FF]
layer at (227,342) size 70x20 backgroundClip at (147,342) size 100x44 clip at (147,342) size 100x44 outlineClip at (147,342) size 100x44
  RenderBlock (positioned) {DIV} at (85,0) size 70x20 [bgcolor=#808000]
layer at (142,390) size 115x44 clip at (147,390) size 100x29 scrollX 50.00 scrollWidth 150
  RenderBlock (relative positioned) {DIV} at (5,198) size 115x44.25 [bgcolor=#FFFF00] [border: none (10px solid #FF0000) none (5px solid #008000)]
layer at (193,410) size 8x4
  RenderBlock (positioned) {DIV} at (51,20) size 8x4 [bgcolor=#0000FF]
layer at (97,390) size 70x20 backgroundClip at (147,390) size 100x29 clip at (147,390) size 100x29 outlineClip at (147,390) size 100x29
  RenderBlock (positioned) {DIV} at (-45,0) size 70x20 [bgcolor=#808000]
