layer at (0,0) size 800x600
  RenderView at (0,0) size 800x600
layer at (0,0) size 800x600
  RenderBlock {HTML} at (0,0) size 800x600
    RenderBody {BODY} at (8,8) size 784x584
      LayoutTable {TABLE} at (0,0) size 54x24 [border: (2px outset #808080)]
        LayoutTableSection {TBODY} at (2,2) size 50x20
          LayoutTableRow {TR} at (0,0) size 50x20
            LayoutTableCell {TD} at (0,0) size 16x20 [border: (1px inset #808080)] [r=0 c=0 rs=1 cs=1]
              RenderListItem {LI} at (1,1) size 14x18
                RenderListMarker at (-1,0) size 7x17: bullet
                LayoutImage {IMG} at (14,14) size 0x0
            LayoutTableCell {TD} at (16,0) size 34x20 [border: (1px inset #808080)] [r=0 c=1 rs=1 cs=1]
              RenderText {#text} at (1,1) size 32x17
                text run at (1,1) width 32: "hello"
